Archive member included to satisfy reference by file (symbol)

/home/rob/nrf52/gcc-arm-none-eabi-7-2017-q4-major/bin/../lib/gcc/arm-none-eabi/7.2.1/../../../../arm-none-eabi/lib/thumb/v7e-m/fpv4-sp/hard/libc_nano.a(lib_a-exit.o)
                              /home/rob/nrf52/gcc-arm-none-eabi-7-2017-q4-major/bin/../lib/gcc/arm-none-eabi/7.2.1/../../../../arm-none-eabi/lib/thumb/v7e-m/fpv4-sp/hard/crt0.o (exit)
/home/rob/nrf52/gcc-arm-none-eabi-7-2017-q4-major/bin/../lib/gcc/arm-none-eabi/7.2.1/../../../../arm-none-eabi/lib/thumb/v7e-m/fpv4-sp/hard/libc_nano.a(lib_a-impure.o)
                              /home/rob/nrf52/gcc-arm-none-eabi-7-2017-q4-major/bin/../lib/gcc/arm-none-eabi/7.2.1/../../../../arm-none-eabi/lib/thumb/v7e-m/fpv4-sp/hard/libc_nano.a(lib_a-exit.o) (_global_impure_ptr)
/home/rob/nrf52/gcc-arm-none-eabi-7-2017-q4-major/bin/../lib/gcc/arm-none-eabi/7.2.1/../../../../arm-none-eabi/lib/thumb/v7e-m/fpv4-sp/hard/libc_nano.a(lib_a-init.o)
                              /home/rob/nrf52/gcc-arm-none-eabi-7-2017-q4-major/bin/../lib/gcc/arm-none-eabi/7.2.1/../../../../arm-none-eabi/lib/thumb/v7e-m/fpv4-sp/hard/crt0.o (__libc_init_array)
/home/rob/nrf52/gcc-arm-none-eabi-7-2017-q4-major/bin/../lib/gcc/arm-none-eabi/7.2.1/../../../../arm-none-eabi/lib/thumb/v7e-m/fpv4-sp/hard/libc_nano.a(lib_a-memset.o)
                              /home/rob/nrf52/gcc-arm-none-eabi-7-2017-q4-major/bin/../lib/gcc/arm-none-eabi/7.2.1/../../../../arm-none-eabi/lib/thumb/v7e-m/fpv4-sp/hard/crt0.o (memset)
/home/rob/nrf52/gcc-arm-none-eabi-7-2017-q4-major/bin/../lib/gcc/arm-none-eabi/7.2.1/../../../../arm-none-eabi/lib/thumb/v7e-m/fpv4-sp/hard/libnosys.a(_exit.o)
                              /home/rob/nrf52/gcc-arm-none-eabi-7-2017-q4-major/bin/../lib/gcc/arm-none-eabi/7.2.1/../../../../arm-none-eabi/lib/thumb/v7e-m/fpv4-sp/hard/libc_nano.a(lib_a-exit.o) (_exit)
/home/rob/nrf52/gcc-arm-none-eabi-7-2017-q4-major/bin/../lib/gcc/arm-none-eabi/7.2.1/../../../../arm-none-eabi/lib/thumb/v7e-m/fpv4-sp/hard/libc_nano.a(lib_a-memcmp.o)
                              _build/device_manager_peripheral.o (memcmp)
/home/rob/nrf52/gcc-arm-none-eabi-7-2017-q4-major/bin/../lib/gcc/arm-none-eabi/7.2.1/../../../../arm-none-eabi/lib/thumb/v7e-m/fpv4-sp/hard/libc_nano.a(lib_a-memcpy-stub.o)
                              _build/pstorage.o (memcpy)
/home/rob/nrf52/gcc-arm-none-eabi-7-2017-q4-major/bin/../lib/gcc/arm-none-eabi/7.2.1/../../../../arm-none-eabi/lib/thumb/v7e-m/fpv4-sp/hard/libc_nano.a(lib_a-memmove.o)
                              _build/ble_hrs.o (memmove)
/home/rob/nrf52/gcc-arm-none-eabi-7-2017-q4-major/bin/../lib/gcc/arm-none-eabi/7.2.1/../../../../arm-none-eabi/lib/thumb/v7e-m/fpv4-sp/hard/libc_nano.a(lib_a-strcpy.o)
                              _build/SEGGER_RTT.o (strcpy)
/home/rob/nrf52/gcc-arm-none-eabi-7-2017-q4-major/bin/../lib/gcc/arm-none-eabi/7.2.1/../../../../arm-none-eabi/lib/thumb/v7e-m/fpv4-sp/hard/libc_nano.a(lib_a-strlen.o)
                              _build/main.o (strlen)
/home/rob/nrf52/gcc-arm-none-eabi-7-2017-q4-major/bin/../lib/gcc/arm-none-eabi/7.2.1/../../../../arm-none-eabi/lib/thumb/v7e-m/fpv4-sp/hard/libc_nano.a(lib_a-vprintf.o)
                              _build/nrf_log.o (vprintf)
/home/rob/nrf52/gcc-arm-none-eabi-7-2017-q4-major/bin/../lib/gcc/arm-none-eabi/7.2.1/../../../../arm-none-eabi/lib/thumb/v7e-m/fpv4-sp/hard/libc_nano.a(lib_a-findfp.o)
                              /home/rob/nrf52/gcc-arm-none-eabi-7-2017-q4-major/bin/../lib/gcc/arm-none-eabi/7.2.1/../../../../arm-none-eabi/lib/thumb/v7e-m/fpv4-sp/hard/libc_nano.a(lib_a-vprintf.o) (__sinit)
/home/rob/nrf52/gcc-arm-none-eabi-7-2017-q4-major/bin/../lib/gcc/arm-none-eabi/7.2.1/../../../../arm-none-eabi/lib/thumb/v7e-m/fpv4-sp/hard/libc_nano.a(lib_a-fwalk.o)
                              /home/rob/nrf52/gcc-arm-none-eabi-7-2017-q4-major/bin/../lib/gcc/arm-none-eabi/7.2.1/../../../../arm-none-eabi/lib/thumb/v7e-m/fpv4-sp/hard/libc_nano.a(lib_a-findfp.o) (_fwalk)
/home/rob/nrf52/gcc-arm-none-eabi-7-2017-q4-major/bin/../lib/gcc/arm-none-eabi/7.2.1/../../../../arm-none-eabi/lib/thumb/v7e-m/fpv4-sp/hard/libc_nano.a(lib_a-nano-mallocr.o)
                              /home/rob/nrf52/gcc-arm-none-eabi-7-2017-q4-major/bin/../lib/gcc/arm-none-eabi/7.2.1/../../../../arm-none-eabi/lib/thumb/v7e-m/fpv4-sp/hard/libc_nano.a(lib_a-findfp.o) (_malloc_r)
/home/rob/nrf52/gcc-arm-none-eabi-7-2017-q4-major/bin/../lib/gcc/arm-none-eabi/7.2.1/../../../../arm-none-eabi/lib/thumb/v7e-m/fpv4-sp/hard/libc_nano.a(lib_a-nano-vfprintf.o)
                              /home/rob/nrf52/gcc-arm-none-eabi-7-2017-q4-major/bin/../lib/gcc/arm-none-eabi/7.2.1/../../../../arm-none-eabi/lib/thumb/v7e-m/fpv4-sp/hard/libc_nano.a(lib_a-vprintf.o) (_vfprintf_r)
/home/rob/nrf52/gcc-arm-none-eabi-7-2017-q4-major/bin/../lib/gcc/arm-none-eabi/7.2.1/../../../../arm-none-eabi/lib/thumb/v7e-m/fpv4-sp/hard/libc_nano.a(lib_a-nano-vfprintf_i.o)
[...]
Memory Configuration

Name             Origin             Length             Attributes
FLASH            0x000000000001c000 0x0000000000064000 xr
RAM              0x0000000020002080 0x000000000000df80 xrw
*default*        0x0000000000000000 0xffffffffffffffff

Linker script and memory map


.text           0x000000000001c000     0x7618
 *(.isr_vector)
 .isr_vector    0x000000000001c000      0x400 _build/gcc_startup_nrf52.o
                0x000000000001c000                __isr_vector
 *(.text*)
 .text          0x000000000001c400       0x40 /home/rob/nrf52/gcc-arm-none-eabi-7-2017-q4-major/bin/../lib/gcc/arm-none-eabi/7.2.1/thumb/v7e-m/fpv4-sp/hard/crtbegin.o
 .text          0x000000000001c440       0x74 /home/rob/nrf52/gcc-arm-none-eabi-7-2017-q4-major/bin/../lib/gcc/arm-none-eabi/7.2.1/../../../../arm-none-eabi/lib/thumb/v7e-m/fpv4-sp/hard/crt0.o
                0x000000000001c440                _mainCRTStartup
                0x000000000001c440                _start
 .text.exit     0x000000000001c4b4       0x28 /home/rob/nrf52/gcc-arm-none-eabi-7-2017-q4-major/bin/../lib/gcc/arm-none-eabi/7.2.1/../../../../arm-none-eabi/lib/thumb/v7e-m/fpv4-sp/hard/libc_nano.a(lib_a-exit.o)
                0x000000000001c4b4                exit
 .text.__libc_init_array
                0x000000000001c4dc       0x48 /home/rob/nrf52/gcc-arm-none-eabi-7-2017-q4-major/bin/../lib/gcc/arm-none-eabi/7.2.1/../../../../arm-none-eabi/lib/thumb/v7e-m/fpv4-sp/hard/libc_nano.a(lib_a-init.o)
                0x000000000001c4dc                __libc_init_array
 .text.memset   0x000000000001c524       0x10 /home/rob/nrf52/gcc-arm-none-eabi-7-2017-q4-major/bin/../lib/gcc/arm-none-eabi/7.2.1/../../../../arm-none-eabi/lib/thumb/v7e-m/fpv4-sp/hard/libc_nano.a(lib_a-memset.o)
                0x000000000001c524                memset
 .text._exit    0x000000000001c534        0x4 /home/rob/nrf52/gcc-arm-none-eabi-7-2017-q4-major/bin/../lib/gcc/arm-none-eabi/7.2.1/../../../../arm-none-eabi/lib/thumb/v7e-m/fpv4-sp/hard/libnosys.a(_exit.o)
                0x000000000001c534                _exit
 .text.detection_delay_timeout_handler
                0x000000000001c538       0xac _build/app_button.o
 .text.gpiote_event_handler
                0x000000000001c5e4       0x5c _build/app_button.o
 .text.app_button_init
                0x000000000001c640       0xac _build/app_button.o
                0x000000000001c640                app_button_init
 .text.app_button_enable
                0x000000000001c6ec       0x2c _build/app_button.o
                0x000000000001c6ec                app_button_enable
 .text.app_error_handler_bare
                0x000000000001c718       0x20 _build/app_error.o
                0x000000000001c718                app_error_handler_bare
 .text.app_error_fault_handler
                0x000000000001c738       0x24 _build/app_error_weak.o
                0x000000000001c738                app_error_fault_handler
 .text.rtc1_stop
                0x000000000001c75c      0x134 _build/app_timer.o
 .text.RTC1_IRQHandler
                0x000000000001c890       0xc4 _build/app_timer.o
                0x000000000001c890                RTC1_IRQHandler
 .text.SWI0_EGU0_IRQHandler
                0x000000000001c954      0x4ec _build/app_timer.o
                0x000000000001c954                SWI0_EGU0_IRQHandler
 .text.app_timer_init
                0x000000000001ce40       0xb4 _build/app_timer.o
                0x000000000001ce40                app_timer_init
 .text.app_timer_create
                0x000000000001cef4       0x24 _build/app_timer.o
                0x000000000001cef4                app_timer_create
 .text.app_timer_start
                0x000000000001cf18       0xcc _build/app_timer.o
                0x000000000001cf18                app_timer_start
 .text.app_timer_stop
                0x000000000001cfe4       0xa4 _build/app_timer.o
                0x000000000001cfe4                app_timer_stop
 .text.fs_queued_op_count_get
                0x000000000001d088       0x14 _build/fstorage.o
                0x000000000001d088                fs_queued_op_count_get
 .text.sensorsim_init
                0x000000000001d09c       0x1c _build/sensorsim.o
                0x000000000001d09c                sensorsim_init
 .text.sensorsim_measure
                0x000000000001d0b8       0x48 _build/sensorsim.o
                0x000000000001d0b8                sensorsim_measure
 .text.nrf_drv_common_irq_enable
                0x000000000001d100       0x48 _build/nrf_drv_common.o
                0x000000000001d100                nrf_drv_common_irq_enable
 .text.nrf_drv_gpiote_init
                0x000000000001d148       0x60 _build/nrf_drv_gpiote.o
                0x000000000001d148                nrf_drv_gpiote_init
 .text.nrf_drv_gpiote_is_init
                0x000000000001d1a8       0x14 _build/nrf_drv_gpiote.o
                0x000000000001d1a8                nrf_drv_gpiote_is_init
 .text.nrf_drv_gpiote_in_init
                0x000000000001d1bc      0x19c _build/nrf_drv_gpiote.o
                0x000000000001d1bc                nrf_drv_gpiote_in_init
 .text.nrf_drv_gpiote_in_event_enable
                0x000000000001d358       0xc4 _build/nrf_drv_gpiote.o
                0x000000000001d358                nrf_drv_gpiote_in_event_enable
 .text.nrf_drv_gpiote_in_is_set
                0x000000000001d41c       0x14 _build/nrf_drv_gpiote.o
                0x000000000001d41c                nrf_drv_gpiote_in_is_set
 .text.GPIOTE_IRQHandler
                0x000000000001d430      0x4a4 _build/nrf_drv_gpiote.o
                0x000000000001d430                GPIOTE_IRQHandler
 .text.UARTE0_UART0_IRQHandler
                0x000000000001d8d4      0x2a4 _build/nrf_drv_uart.o
                0x000000000001d8d4                UARTE0_UART0_IRQHandler
 .text.sd_flash_write
                0x000000000001db78        0x4 _build/pstorage.o
 .text.sd_flash_page_erase
                0x000000000001db7c        0x4 _build/pstorage.o
 .text.state_entry_action_run
                0x000000000001db80      0x168 _build/pstorage.o
 .text.clear_operation_execute
                0x000000000001dce8      0x15c _build/pstorage.o
 .text.state_restore_head_entry_run
                0x000000000001de44       0xb4 _build/pstorage.o
 .text.state_write_data_swap_entry_run
                0x000000000001def8       0xb0 _build/pstorage.o
 .text.swap_erase_state_run
                0x000000000001dfa8       0x30 _build/pstorage.o
 .text.state_restore_tail_entry_run
                0x000000000001dfd8       0xc0 _build/pstorage.o
 .text.state_swap_erase_entry_run
                0x000000000001e098       0xa0 _build/pstorage.o
 .text.tail_restore_state_run
                0x000000000001e138       0xbc _build/pstorage.o
 .text.store_cmd_flash_write_execute
                0x000000000001e1f4      0x120 _build/pstorage.o
 .text.data_to_swap_write_state_run
                0x000000000001e314       0xac _build/pstorage.o
 .text.head_restore_state_run
                0x000000000001e3c0      0x19c _build/pstorage.o
 .text.data_page_erase_state_run
                0x000000000001e55c      0x180 _build/pstorage.o
 .text.state_data_erase_entry_run
                0x000000000001e6dc       0x74 _build/pstorage.o
 .text.pstorage_sys_event_handler
                0x000000000001e750      0x220 _build/pstorage.o
                0x000000000001e750                pstorage_sys_event_handler
 .text.pstorage_init
                0x000000000001e970       0xa0 _build/pstorage.o
                0x000000000001e970                pstorage_init
 .text.pstorage_register
                0x000000000001ea10       0xf0 _build/pstorage.o
                0x000000000001ea10                pstorage_register
 .text.pstorage_block_identifier_get
                0x000000000001eb00       0x58 _build/pstorage.o
                0x000000000001eb00                pstorage_block_identifier_get
 .text.pstorage_store
                0x000000000001eb58       0xec _build/pstorage.o
                0x000000000001eb58                pstorage_store
 .text.pstorage_update
                0x000000000001ec44       0xf0 _build/pstorage.o
                0x000000000001ec44                pstorage_update
 .text.pstorage_load
                0x000000000001ed34       0xa0 _build/pstorage.o
                0x000000000001ed34                pstorage_load
 .text.pstorage_clear
                0x000000000001edd4       0xf4 _build/pstorage.o
                0x000000000001edd4                pstorage_clear
 .text.pstorage_access_status_get
                0x000000000001eec8       0x24 _build/pstorage.o
                0x000000000001eec8                pstorage_access_status_get
 .text.alert_timer_handler
                0x000000000001eeec       0x1c _build/bsp.o
 .text.bsp_button_event_handler
                0x000000000001ef08       0xc0 _build/bsp.o
 .text.leds_timer_handler
                0x000000000001efc8      0x3b0 _build/bsp.o
 .text.button_timer_handler
                0x000000000001f378       0x44 _build/bsp.o
 .text.bsp_button_is_pressed
                0x000000000001f3bc       0x30 _build/bsp.o
                0x000000000001f3bc                bsp_button_is_pressed
 .text.bsp_indication_set
                0x000000000001f3ec      0x408 _build/bsp.o
                0x000000000001f3ec                bsp_indication_set
 .text.bsp_init
                0x000000000001f7f4       0xc8 _build/bsp.o
                0x000000000001f7f4                bsp_init
 .text.bsp_event_to_button_action_assign
                0x000000000001f8bc       0x50 _build/bsp.o
                0x000000000001f8bc                bsp_event_to_button_action_assign
 .text.bsp_wakeup_buttons_set
                0x000000000001f90c       0x7c _build/bsp.o
                0x000000000001f90c                bsp_wakeup_buttons_set
 .text.bsp_btn_ble_sleep_mode_prepare
                0x000000000001f988       0x14 _build/bsp_btn_ble.o
                0x000000000001f988                bsp_btn_ble_sleep_mode_prepare
 .text.bsp_btn_ble_on_ble_evt
                0x000000000001f99c       0xac _build/bsp_btn_ble.o
                0x000000000001f99c                bsp_btn_ble_on_ble_evt
 .text.bsp_btn_ble_init
                0x000000000001fa48       0x8c _build/bsp_btn_ble.o
                0x000000000001fa48                bsp_btn_ble_init
 .text.sd_ble_gap_disconnect
                0x000000000001fad4        0x4 _build/main.o
 .text.sd_ble_gap_appearance_set
                0x000000000001fad8        0x4 _build/main.o
 .text.sd_ble_gap_ppcp_set
                0x000000000001fadc        0x4 _build/main.o
 .text.sd_ble_gap_device_name_set
                0x000000000001fae0        0x4 _build/main.o
 .text.sd_power_system_off
                0x000000000001fae4        0x4 _build/main.o
 .text.sd_app_evt_wait
                0x000000000001fae8        0x4 _build/main.o
 .text.device_manager_evt_handler
                0x000000000001faec       0x14 _build/main.o
 .text.conn_params_error_handler
                0x000000000001fb00        0x4 _build/main.o
 .text.sensor_contact_detected_timeout_handler
                0x000000000001fb04       0x1c _build/main.o
 .text.heart_rate_meas_timeout_handler
                0x000000000001fb20       0x68 _build/main.o
 .text.battery_level_meas_timeout_handler
                0x000000000001fb88       0x40 _build/main.o
 .text.sys_evt_dispatch
                0x000000000001fbc8       0x14 _build/main.o
 .text.on_conn_params_evt
                0x000000000001fbdc       0x24 _build/main.o
 .text.ble_evt_dispatch
                0x000000000001fc00       0x68 _build/main.o
 .text.bsp_event_handler
                0x000000000001fc68       0x5c _build/main.o
                0x000000000001fc68                bsp_event_handler
 .text.rr_interval_timeout_handler
                0x000000000001fcc4       0x30 _build/main.o
 .text.on_adv_evt
                0x000000000001fcf4       0x40 _build/main.o
 .text.startup.main
                0x000000000001fd34      0x3c8 _build/main.o
                0x000000000001fd34                main
 .text.sd_ble_gap_address_get
                0x00000000000200fc        0x4 _build/ble_advdata.o
 .text.sd_ble_gap_adv_data_set
                0x0000000000020100        0x4 _build/ble_advdata.o
 .text.sd_ble_gap_appearance_get
                0x0000000000020104        0x4 _build/ble_advdata.o
 .text.sd_ble_gap_device_name_get
                0x0000000000020108        0x4 _build/ble_advdata.o
 .text.sd_ble_uuid_encode
                0x000000000002010c        0x4 _build/ble_advdata.o
 .text.uuid_list_encode
                0x0000000000020110      0x170 _build/ble_advdata.o
 .text.adv_data_encode
                0x0000000000020280      0x528 _build/ble_advdata.o
                0x0000000000020280                adv_data_encode
 .text.ble_advdata_set
                0x00000000000207a8      0x5d8 _build/ble_advdata.o
                0x00000000000207a8                ble_advdata_set
 .text.sd_ble_gap_adv_start
                0x0000000000020d80        0x4 _build/ble_advertising.o
 .text.sd_ble_gap_adv_stop
                0x0000000000020d84        0x4 _build/ble_advertising.o
 .text.ble_advertising_start.part.1
                0x0000000000020d88      0x284 _build/ble_advertising.o
 .text.ble_advertising_init
                0x000000000002100c      0x16c _build/ble_advertising.o
                0x000000000002100c                ble_advertising_init
 .text.ble_advertising_start
                0x0000000000021178       0x48 _build/ble_advertising.o
                0x0000000000021178                ble_advertising_start
 .text.ble_advertising_on_ble_evt
                0x00000000000211c0       0xf4 _build/ble_advertising.o
                0x00000000000211c0                ble_advertising_on_ble_evt
 .text.ble_advertising_on_sys_evt
                0x00000000000212b4       0x64 _build/ble_advertising.o
                0x00000000000212b4                ble_advertising_on_sys_evt
 .text.ble_advertising_restart_without_whitelist
                0x0000000000021318       0x90 _build/ble_advertising.o
                0x0000000000021318                ble_advertising_restart_without_whitelist
 .text.sd_ble_gatts_service_add
                0x00000000000213a8        0x4 _build/ble_bas.o
 .text.sd_ble_gatts_characteristic_add
                0x00000000000213ac        0x4 _build/ble_bas.o
 .text.sd_ble_gatts_descriptor_add
                0x00000000000213b0        0x4 _build/ble_bas.o
 .text.sd_ble_gatts_value_set
                0x00000000000213b4        0x4 _build/ble_bas.o
 .text.sd_ble_gatts_hvx
                0x00000000000213b8        0x4 _build/ble_bas.o
 .text.ble_bas_on_ble_evt
                0x00000000000213bc       0x5c _build/ble_bas.o
                0x00000000000213bc                ble_bas_on_ble_evt
 .text.ble_bas_init
                0x0000000000021418      0x1a8 _build/ble_bas.o
                0x0000000000021418                ble_bas_init
 .text.ble_bas_battery_level_update
                0x00000000000215c0       0x8c _build/ble_bas.o
                0x00000000000215c0                ble_bas_battery_level_update
 .text.sd_ble_gap_conn_param_update
                0x000000000002164c        0x4 _build/ble_conn_params.o
 .text.sd_ble_gap_disconnect
                0x0000000000021650        0x4 _build/ble_conn_params.o
 .text.sd_ble_gap_ppcp_set
                0x0000000000021654        0x4 _build/ble_conn_params.o
 .text.sd_ble_gap_ppcp_get
                0x0000000000021658        0x4 _build/ble_conn_params.o
 .text.update_timeout_handler
                0x000000000002165c       0x74 _build/ble_conn_params.o
 .text.conn_params_negotiation
                0x00000000000216d0       0x90 _build/ble_conn_params.o
 .text.ble_conn_params_init
                0x0000000000021760       0x74 _build/ble_conn_params.o
                0x0000000000021760                ble_conn_params_init
 .text.ble_conn_params_on_ble_evt
                0x00000000000217d4      0x120 _build/ble_conn_params.o
                0x00000000000217d4                ble_conn_params_on_ble_evt
 .text.sd_ble_gatts_service_add
                0x00000000000218f4        0x4 _build/ble_dis.o
 .text.sd_ble_gatts_characteristic_add
                0x00000000000218f8        0x4 _build/ble_dis.o
 .text.char_add
                0x00000000000218fc       0xb8 _build/ble_dis.o
 .text.ble_dis_init
                0x00000000000219b4      0x2d4 _build/ble_dis.o
                0x00000000000219b4                ble_dis_init
 .text.sd_ble_gatts_service_add
                0x0000000000021c88        0x4 _build/ble_hrs.o
 .text.sd_ble_gatts_characteristic_add
                0x0000000000021c8c        0x4 _build/ble_hrs.o
 .text.sd_ble_gatts_hvx
                0x0000000000021c90        0x4 _build/ble_hrs.o
 .text.ble_hrs_on_ble_evt
                0x0000000000021c94       0x54 _build/ble_hrs.o
                0x0000000000021c94                ble_hrs_on_ble_evt
 .text.ble_hrs_init
                0x0000000000021ce8      0x2d8 _build/ble_hrs.o
                0x0000000000021ce8                ble_hrs_init
 .text.ble_hrs_heart_rate_measurement_send
                0x0000000000021fc0      0x11c _build/ble_hrs.o
                0x0000000000021fc0                ble_hrs_heart_rate_measurement_send
 .text.ble_hrs_rr_interval_add
                0x00000000000220dc       0x30 _build/ble_hrs.o
                0x00000000000220dc                ble_hrs_rr_interval_add
 .text.ble_hrs_sensor_contact_detected_update
                0x000000000002210c        0x8 _build/ble_hrs.o
                0x000000000002210c                ble_hrs_sensor_contact_detected_update
 .text.ble_srv_report_ref_encode
                0x0000000000022114        0xc _build/ble_srv_common.o
                0x0000000000022114                ble_srv_report_ref_encode
 .text.ble_srv_ascii_to_utf8
                0x0000000000022120       0x14 _build/ble_srv_common.o
                0x0000000000022120                ble_srv_ascii_to_utf8
 .text.sd_ble_gap_sec_params_reply
                0x0000000000022134        0x4 _build/device_manager_peripheral.o
 .text.sd_ble_gap_sec_info_reply
                0x0000000000022138        0x4 _build/device_manager_peripheral.o
 .text.sd_ble_gatts_service_changed
                0x000000000002213c        0x4 _build/device_manager_peripheral.o
 .text.sd_ble_gatts_sys_attr_set
                0x0000000000022140        0x4 _build/device_manager_peripheral.o
 .text.sd_ble_gatts_sys_attr_get
                0x0000000000022144        0x4 _build/device_manager_peripheral.o
 .text.storage_operation_dummy_handler
                0x0000000000022148        0x4 _build/device_manager_peripheral.o
 .text.no_service_context_store
                0x000000000002214c        0x4 _build/device_manager_peripheral.o
 .text.no_service_context_apply
                0x0000000000022150        0x4 _build/device_manager_peripheral.o
 .text.gatts_context_apply
                0x0000000000022154       0xd4 _build/device_manager_peripheral.o
 .text.gatts_context_store
                0x0000000000022228       0xd8 _build/device_manager_peripheral.o
 .text.gatts_context_load
                0x0000000000022300       0x34 _build/device_manager_peripheral.o
 .text.dm_pstorage_cb_handler
                0x0000000000022334      0x180 _build/device_manager_peripheral.o
 .text.gattc_context_apply
                0x00000000000224b4        0x4 _build/device_manager_peripheral.o
 .text.no_service_context_load
                0x00000000000224b8        0x4 _build/device_manager_peripheral.o
 .text.gattc_context_load
                0x00000000000224bc        0x4 _build/device_manager_peripheral.o
 .text.gattc_context_store
                0x00000000000224c0        0x4 _build/device_manager_peripheral.o
 .text.gattsc_context_load
                0x00000000000224c4       0x34 _build/device_manager_peripheral.o
 .text.gattsc_context_apply
                0x00000000000224f8       0xcc _build/device_manager_peripheral.o
 .text.gattsc_context_store
                0x00000000000225c4       0xd8 _build/device_manager_peripheral.o
 .text.dm_init  0x000000000002269c      0x124 _build/device_manager_peripheral.o
                0x000000000002269c                dm_init
 .text.dm_register
                0x00000000000227c0       0x78 _build/device_manager_peripheral.o
                0x00000000000227c0                dm_register
 .text.dm_ble_evt_handler
                0x0000000000022838      0x738 _build/device_manager_peripheral.o
                0x0000000000022838                dm_ble_evt_handler
 .text.SystemInit
                0x0000000000022f70      0x2ac _build/system_nrf52.o
                0x0000000000022f70                SystemInit
 .text.sd_evt_get
                0x000000000002321c        0x4 _build/softdevice_handler.o
 .text.sd_softdevice_enable
                0x0000000000023220        0x4 _build/softdevice_handler.o
 .text.sd_ble_enable
                0x0000000000023224        0x4 _build/softdevice_handler.o
 .text.sd_ble_evt_get
                0x0000000000023228        0x4 _build/softdevice_handler.o
 .text.softdevice_fault_handler
                0x000000000002322c        0x8 _build/softdevice_handler.o
                0x000000000002322c                softdevice_fault_handler
 .text.intern_softdevice_events_execute.part.0
                0x0000000000023234       0xb0 _build/softdevice_handler.o
 .text.softdevice_handler_init
                0x00000000000232e4       0x70 _build/softdevice_handler.o
                0x00000000000232e4                softdevice_handler_init
 .text.softdevice_ble_evt_handler_set
                0x0000000000023354       0x14 _build/softdevice_handler.o
                0x0000000000023354                softdevice_ble_evt_handler_set
 .text.softdevice_sys_evt_handler_set
                0x0000000000023368       0x14 _build/softdevice_handler.o
                0x0000000000023368                softdevice_sys_evt_handler_set
 .text.SWI2_EGU2_IRQHandler
                0x000000000002337c       0x30 _build/softdevice_handler.o
                0x000000000002337c                SWI2_EGU2_IRQHandler
 .text.softdevice_enable_get_default_config
                0x00000000000233ac       0x30 _build/softdevice_handler.o
                0x00000000000233ac                softdevice_enable_get_default_config
 .text.sd_check_ram_start
                0x00000000000233dc       0x14 _build/softdevice_handler.o
                0x00000000000233dc                sd_check_ram_start
 .text.softdevice_enable
                0x00000000000233f0       0x20 _build/softdevice_handler.o
                0x00000000000233f0                softdevice_enable
 .text          0x0000000000023410       0x3c _build/gcc_startup_nrf52.o
                0x0000000000023410                Reset_Handler
                0x0000000000023438                NMI_Handler
                0x000000000002343a                HardFault_Handler
                0x000000000002343c                MemoryManagement_Handler
                0x000000000002343e                BusFault_Handler
                0x0000000000023440                UsageFault_Handler
                0x0000000000023442                SVC_Handler
                0x0000000000023444                DebugMonitor_Handler
                0x0000000000023446                PendSV_Handler
                0x0000000000023448                SysTick_Handler
                0x000000000002344a                TIMER2_IRQHandler
                0x000000000002344a                RTC0_IRQHandler
                0x000000000002344a                PWM1_IRQHandler
                0x000000000002344a                POWER_CLOCK_IRQHandler
                0x000000000002344a                RADIO_IRQHandler
                0x000000000002344a                PDM_IRQHandler
                0x000000000002344a                TEMP_IRQHandler
                0x000000000002344a                QDEC_IRQHandler
                0x000000000002344a                TIMER3_IRQHandler
                0x000000000002344a                FPU_IRQHandler
                0x000000000002344a                SPIM0_SPIS0_TWIM0_TWIS0_SPI0_TWI0_IRQHandler
                0x000000000002344a                TIMER4_IRQHandler
                0x000000000002344a                I2S_IRQHandler
                0x000000000002344a                SWI4_EGU4_IRQHandler
                0x000000000002344a                TIMER0_IRQHandler
                0x000000000002344a                TIMER1_IRQHandler
                0x000000000002344a                PWM2_IRQHandler
                0x000000000002344a                ECB_IRQHandler
                0x000000000002344a                SPIM1_SPIS1_TWIM1_TWIS1_SPI1_TWI1_IRQHandler
                0x000000000002344a                Default_Handler
                0x000000000002344a                SAADC_IRQHandler
                0x000000000002344a                CCM_AAR_IRQHandler
                0x000000000002344a                WDT_IRQHandler
                0x000000000002344a                SWI5_EGU5_IRQHandler
                0x000000000002344a                RNG_IRQHandler
                0x000000000002344a                RTC2_IRQHandler
                0x000000000002344a                PWM0_IRQHandler
                0x000000000002344a                SWI3_EGU3_IRQHandler
                0x000000000002344a                SWI1_EGU1_IRQHandler
                0x000000000002344a                SPIM2_SPIS2_SPI2_IRQHandler
                0x000000000002344a                NFCT_IRQHandler
                0x000000000002344a                MWU_IRQHandler
                0x000000000002344a                COMP_LPCOMP_IRQHandler
 .text.memcmp   0x000000000002344c       0x1e /home/rob/nrf52/gcc-arm-none-eabi-7-2017-q4-major/bin/../lib/gcc/arm-none-eabi/7.2.1/../../../../arm-none-eabi/lib/thumb/v7e-m/fpv4-sp/hard/libc_nano.a(lib_a-memcmp.o)
                0x000000000002344c                memcmp
 .text.memcpy   0x000000000002346a       0x16 /home/rob/nrf52/gcc-arm-none-eabi-7-2017-q4-major/bin/../lib/gcc/arm-none-eabi/7.2.1/../../../../arm-none-eabi/lib/thumb/v7e-m/fpv4-sp/hard/libc_nano.a(lib_a-memcpy-stub.o)
                0x000000000002346a                memcpy
 .text.memmove  0x0000000000023480       0x32 /home/rob/nrf52/gcc-arm-none-eabi-7-2017-q4-major/bin/../lib/gcc/arm-none-eabi/7.2.1/../../../../arm-none-eabi/lib/thumb/v7e-m/fpv4-sp/hard/libc_nano.a(lib_a-memmove.o)
                0x0000000000023480                memmove
 .text          0x00000000000234b2       0x10 /home/rob/nrf52/gcc-arm-none-eabi-7-2017-q4-major/bin/../lib/gcc/arm-none-eabi/7.2.1/../../../../arm-none-eabi/lib/thumb/v7e-m/fpv4-sp/hard/libc_nano.a(lib_a-strlen.o)
                0x00000000000234b2                strlen
 *(.init)
 *fill*         0x00000000000234c2        0x2 
 .init          0x00000000000234c4        0x4 /home/rob/nrf52/gcc-arm-none-eabi-7-2017-q4-major/bin/../lib/gcc/arm-none-eabi/7.2.1/thumb/v7e-m/fpv4-sp/hard/crti.o
                0x00000000000234c4                _init
 .init          0x00000000000234c8        0x8 /home/rob/nrf52/gcc-arm-none-eabi-7-2017-q4-major/bin/../lib/gcc/arm-none-eabi/7.2.1/thumb/v7e-m/fpv4-sp/hard/crtn.o
 *(.fini)
 .fini          0x00000000000234d0        0x4 /home/rob/nrf52/gcc-arm-none-eabi-7-2017-q4-major/bin/../lib/gcc/arm-none-eabi/7.2.1/thumb/v7e-m/fpv4-sp/hard/crti.o
                0x00000000000234d0                _fini
 .fini          0x00000000000234d4        0x8 /home/rob/nrf52/gcc-arm-none-eabi-7-2017-q4-major/bin/../lib/gcc/arm-none-eabi/7.2.1/thumb/v7e-m/fpv4-sp/hard/crtn.o
 *crtbegin.o(.ctors)
 *crtbegin?.o(.ctors)
 *(EXCLUDE_FILE(*crtend.o *crtend?.o) .ctors)
 *(SORT_BY_NAME(.ctors.*))
 *(.ctors)
 *crtbegin.o(.dtors)
 *crtbegin?.o(.dtors)
 *(EXCLUDE_FILE(*crtend.o *crtend?.o) .dtors)
 *(SORT_BY_NAME(.dtors.*))
 *(.dtors)
 *(.rodata*)
 .rodata._global_impure_ptr
                0x00000000000234dc        0x4 /home/rob/nrf52/gcc-arm-none-eabi-7-2017-q4-major/bin/../lib/gcc/arm-none-eabi/7.2.1/../../../../arm-none-eabi/lib/thumb/v7e-m/fpv4-sp/hard/libc_nano.a(lib_a-impure.o)
                0x00000000000234dc                _global_impure_ptr
 .rodata.m_detection_delay_timer_id
                0x00000000000234e0        0x4 _build/app_button.o
 .rodata.swap_sub_state_sm_lut.9238
                0x00000000000234e4       0x14 _build/pstorage.o
 .rodata.swap_sub_state_sm_lut.9313
                0x00000000000234f8       0x14 _build/pstorage.o
 .rodata.app_buttons
                0x000000000002350c       0x20 _build/bsp.o
 .rodata.m_alert_timer_id
                0x000000000002352c        0x4 _build/bsp.o
 .rodata.m_button_timer_id
                0x0000000000023530        0x4 _build/bsp.o
 .rodata.m_buttons_list
                0x0000000000023534       0x10 _build/bsp.o
 .rodata.m_leds_timer_id
                0x0000000000023544        0x4 _build/bsp.o
 .rodata        0x0000000000023548        0x4 _build/main.o
 .rodata.m_battery_timer_id
                0x000000000002354c        0x4 _build/main.o
 .rodata.m_heart_rate_timer_id
                0x0000000000023550        0x4 _build/main.o
 .rodata.m_rr_interval_timer_id
                0x0000000000023554        0x4 _build/main.o
 .rodata.m_sensor_contact_timer_id
                0x0000000000023558        0x4 _build/main.o
 .rodata.main.str1.4
                0x000000000002355c       0x20 _build/main.o
 .rodata.m_conn_params_timer_id
                0x000000000002357c        0x4 _build/ble_conn_params.o
 .rodata.m_context_init_len
                0x0000000000023580        0x4 _build/device_manager_peripheral.o
                0x0000000000023580                m_context_init_len
 .rodata.m_service_context_apply
                0x0000000000023584       0x10 _build/device_manager_peripheral.o
                0x0000000000023584                m_service_context_apply
 .rodata.m_service_context_load
                0x0000000000023594       0x10 _build/device_manager_peripheral.o
                0x0000000000023594                m_service_context_load
 .rodata.m_service_context_store
                0x00000000000235a4       0x10 _build/device_manager_peripheral.o
                0x00000000000235a4                m_service_context_store
 .rodata.__sf_fake_stderr
                0x00000000000235b4       0x20 /home/rob/nrf52/gcc-arm-none-eabi-7-2017-q4-major/bin/../lib/gcc/arm-none-eabi/7.2.1/../../../../arm-none-eabi/lib/thumb/v7e-m/fpv4-sp/hard/libc_nano.a(lib_a-findfp.o)
                0x00000000000235b4                __sf_fake_stderr
 .rodata.__sf_fake_stdin
                0x00000000000235d4       0x20 /home/rob/nrf52/gcc-arm-none-eabi-7-2017-q4-major/bin/../lib/gcc/arm-none-eabi/7.2.1/../../../../arm-none-eabi/lib/thumb/v7e-m/fpv4-sp/hard/libc_nano.a(lib_a-findfp.o)
                0x00000000000235d4                __sf_fake_stdin
 .rodata.__sf_fake_stdout
                0x00000000000235f4       0x20 /home/rob/nrf52/gcc-arm-none-eabi-7-2017-q4-major/bin/../lib/gcc/arm-none-eabi/7.2.1/../../../../arm-none-eabi/lib/thumb/v7e-m/fpv4-sp/hard/libc_nano.a(lib_a-findfp.o)
                0x00000000000235f4                __sf_fake_stdout
 *(.eh_frame*)
 .eh_frame      0x0000000000023614        0x0 /home/rob/nrf52/gcc-arm-none-eabi-7-2017-q4-major/bin/../lib/gcc/arm-none-eabi/7.2.1/thumb/v7e-m/fpv4-sp/hard/crtbegin.o
 .eh_frame      0x0000000000023614        0x4 /home/rob/nrf52/gcc-arm-none-eabi-7-2017-q4-major/bin/../lib/gcc/arm-none-eabi/7.2.1/thumb/v7e-m/fpv4-sp/hard/crtend.o

.glue_7         0x0000000000023618        0x0
 .glue_7        0x0000000000023618        0x0 linker stubs

.glue_7t        0x0000000000023618        0x0
 .glue_7t       0x0000000000023618        0x0 linker stubs

.vfp11_veneer   0x0000000000023618        0x0
 .vfp11_veneer  0x0000000000023618        0x0 linker stubs

.v4_bx          0x0000000000023618        0x0
 .v4_bx         0x0000000000023618        0x0 linker stubs

.iplt           0x0000000000023618        0x0
 .iplt          0x0000000000023618        0x0 /home/rob/nrf52/gcc-arm-none-eabi-7-2017-q4-major/bin/../lib/gcc/arm-none-eabi/7.2.1/thumb/v7e-m/fpv4-sp/hard/crtbegin.o

.ARM.extab
 *(.ARM.extab* .gnu.linkonce.armextab.*)
                0x0000000000023618                __exidx_start = .

.ARM.exidx      0x0000000000023618        0x8
 *(.ARM.exidx* .gnu.linkonce.armexidx.*)
 .ARM.exidx     0x0000000000023618        0x8 /home/rob/nrf52/gcc-arm-none-eabi-7-2017-q4-major/bin/../lib/gcc/arm-none-eabi/7.2.1/../../../../arm-none-eabi/lib/thumb/v7e-m/fpv4-sp/hard/crt0.o
                0x0000000000023620                __exidx_end = .
                0x0000000000023620                __etext = .

.rel.dyn        0x0000000000023620        0x0
 .rel.iplt      0x0000000000023620        0x0 /home/rob/nrf52/gcc-arm-none-eabi-7-2017-q4-major/bin/../lib/gcc/arm-none-eabi/7.2.1/thumb/v7e-m/fpv4-sp/hard/crtbegin.o

.data           0x0000000020002080       0x80 load address 0x0000000000023620
                0x0000000020002080                __data_start__ = .
 *(vtable)
 *(.data*)
 .data.impure_data
                0x0000000020002080       0x60 /home/rob/nrf52/gcc-arm-none-eabi-7-2017-q4-major/bin/../lib/gcc/arm-none-eabi/7.2.1/../../../../arm-none-eabi/lib/thumb/v7e-m/fpv4-sp/hard/libc_nano.a(lib_a-impure.o)
 .data.m_adv_uuids
                0x00000000200020e0        0xc _build/main.o
 .data.m_conn_handle
                0x00000000200020ec        0x2 _build/main.o
 .data.m_rr_interval_enabled
                0x00000000200020ee        0x1 _build/main.o
 *fill*         0x00000000200020ef        0x1 
 .data.current_slave_link_conn_handle.9099
                0x00000000200020f0        0x2 _build/ble_advertising.o
 *fill*         0x00000000200020f2        0x2 
 .data.SystemCoreClock
                0x00000000200020f4        0x4 _build/system_nrf52.o
                0x00000000200020f4                SystemCoreClock
                0x00000000200020f8                . = ALIGN (0x4)
                0x00000000200020f8                PROVIDE (__preinit_array_start, .)
 *(.preinit_array)
                0x00000000200020f8                PROVIDE (__preinit_array_end, .)
                0x00000000200020f8                . = ALIGN (0x4)
                0x00000000200020f8                PROVIDE (__init_array_start, .)
 *(SORT_BY_NAME(.init_array.*))
 *(.init_array)
 .init_array    0x00000000200020f8        0x4 /home/rob/nrf52/gcc-arm-none-eabi-7-2017-q4-major/bin/../lib/gcc/arm-none-eabi/7.2.1/thumb/v7e-m/fpv4-sp/hard/crtbegin.o
                0x00000000200020fc                PROVIDE (__init_array_end, .)
                0x00000000200020fc                . = ALIGN (0x4)
                [!provide]                        PROVIDE (__fini_array_start, .)
 *(SORT_BY_NAME(.fini_array.*))
 *(.fini_array)
 .fini_array    0x00000000200020fc        0x4 /home/rob/nrf52/gcc-arm-none-eabi-7-2017-q4-major/bin/../lib/gcc/arm-none-eabi/7.2.1/thumb/v7e-m/fpv4-sp/hard/crtbegin.o
                [!provide]                        PROVIDE (__fini_array_end, .)
 *(.jcr*)
                0x0000000020002100                . = ALIGN (0x4)
                0x0000000020002100                __data_end__ = .
LOAD /home/rob/nrf52/gcc-arm-none-eabi-7-2017-q4-major/bin/../lib/gcc/arm-none-eabi/7.2.1/thumb/v7e-m/fpv4-sp/hard/crti.o
LOAD /home/rob/nrf52/gcc-arm-none-eabi-7-2017-q4-major/bin/../lib/gcc/arm-none-eabi/7.2.1/thumb/v7e-m/fpv4-sp/hard/crtbegin.o
LOAD /home/rob/nrf52/gcc-arm-none-eabi-7-2017-q4-major/bin/../lib/gcc/arm-none-eabi/7.2.1/../../../../arm-none-eabi/lib/thumb/v7e-m/fpv4-sp/hard/crt0.o
LOAD /home/rob/nrf52/gcc-arm-none-eabi-7-2017-q4-major/bin/../lib/gcc/arm-none-eabi/7.2.1/../../../../arm-none-eabi/lib/thumb/v7e-m/fpv4-sp/hard/libc_nano.a
LOAD /home/rob/nrf52/gcc-arm-none-eabi-7-2017-q4-major/bin/../lib/gcc/arm-none-eabi/7.2.1/../../../../arm-none-eabi/lib/thumb/v7e-m/fpv4-sp/hard/libnosys.a
LOAD _build/app_button.o
LOAD _build/app_error.o
LOAD _build/app_error_weak.o
LOAD _build/app_fifo.o
LOAD _build/app_timer.o
LOAD _build/app_trace.o
LOAD _build/app_util_platform.o
LOAD _build/fstorage.o
LOAD _build/nrf_assert.o
LOAD _build/nrf_log.o
LOAD _build/retarget.o
LOAD _build/sensorsim.o
LOAD _build/app_uart_fifo.o
LOAD _build/nrf_delay.o
LOAD _build/nrf_drv_common.o
LOAD _build/nrf_drv_gpiote.o
LOAD _build/nrf_drv_uart.o
LOAD _build/pstorage.o
LOAD _build/bsp.o
LOAD _build/bsp_btn_ble.o
LOAD _build/main.o
LOAD _build/RTT_Syscalls_GCC.o
LOAD _build/SEGGER_RTT.o
LOAD _build/SEGGER_RTT_printf.o
LOAD _build/ble_advdata.o
LOAD _build/ble_advertising.o
LOAD _build/ble_bas.o
LOAD _build/ble_conn_params.o
LOAD _build/ble_dis.o
LOAD _build/ble_hrs.o
LOAD _build/ble_srv_common.o
LOAD _build/device_manager_peripheral.o
LOAD _build/system_nrf52.o
LOAD _build/softdevice_handler.o
LOAD _build/gcc_startup_nrf52.o
LOAD /home/rob/nrf52/gcc-arm-none-eabi-7-2017-q4-major/bin/../lib/gcc/arm-none-eabi/7.2.1/../../../../arm-none-eabi/lib/thumb/v7e-m/fpv4-sp/hard/libm.a
START GROUP
LOAD /home/rob/nrf52/gcc-arm-none-eabi-7-2017-q4-major/bin/../lib/gcc/arm-none-eabi/7.2.1/thumb/v7e-m/fpv4-sp/hard/libgcc.a
LOAD /home/rob/nrf52/gcc-arm-none-eabi-7-2017-q4-major/bin/../lib/gcc/arm-none-eabi/7.2.1/../../../../arm-none-eabi/lib/thumb/v7e-m/fpv4-sp/hard/libc_nano.a
END GROUP
START GROUP
LOAD /home/rob/nrf52/gcc-arm-none-eabi-7-2017-q4-major/bin/../lib/gcc/arm-none-eabi/7.2.1/thumb/v7e-m/fpv4-sp/hard/libgcc.a
LOAD /home/rob/nrf52/gcc-arm-none-eabi-7-2017-q4-major/bin/../lib/gcc/arm-none-eabi/7.2.1/../../../../arm-none-eabi/lib/thumb/v7e-m/fpv4-sp/hard/libc_nano.a
END GROUP
LOAD /home/rob/nrf52/gcc-arm-none-eabi-7-2017-q4-major/bin/../lib/gcc/arm-none-eabi/7.2.1/thumb/v7e-m/fpv4-sp/hard/crtend.o
LOAD /home/rob/nrf52/gcc-arm-none-eabi-7-2017-q4-major/bin/../lib/gcc/arm-none-eabi/7.2.1/thumb/v7e-m/fpv4-sp/hard/crtn.o
START GROUP
LOAD /home/rob/nrf52/gcc-arm-none-eabi-7-2017-q4-major/bin/../lib/gcc/arm-none-eabi/7.2.1/thumb/v7e-m/fpv4-sp/hard/libgcc.a
LOAD /home/rob/nrf52/gcc-arm-none-eabi-7-2017-q4-major/bin/../lib/gcc/arm-none-eabi/7.2.1/../../../../arm-none-eabi/lib/thumb/v7e-m/fpv4-sp/hard/libc.a
LOAD /home/rob/nrf52/gcc-arm-none-eabi-7-2017-q4-major/bin/../lib/gcc/arm-none-eabi/7.2.1/../../../../arm-none-eabi/lib/thumb/v7e-m/fpv4-sp/hard/libnosys.a
END GROUP

.igot.plt       0x0000000020002100        0x0 load address 0x00000000000236a0
 .igot.plt      0x0000000020002100        0x0 /home/rob/nrf52/gcc-arm-none-eabi-7-2017-q4-major/bin/../lib/gcc/arm-none-eabi/7.2.1/thumb/v7e-m/fpv4-sp/hard/crtbegin.o

.fs_data        0x0000000020002100        0x0
                0x0000000020002100                PROVIDE (__start_fs_data, .)
 *(.fs_data)
                0x0000000020002100                PROVIDE (__stop_fs_data, .)

.bss            0x0000000020002100      0xaf4 load address 0x00000000000236a0
                0x0000000020002100                . = ALIGN (0x4)
                0x0000000020002100                __bss_start__ = .
 *(.bss*)
 .bss           0x0000000020002100       0x1c /home/rob/nrf52/gcc-arm-none-eabi-7-2017-q4-major/bin/../lib/gcc/arm-none-eabi/7.2.1/thumb/v7e-m/fpv4-sp/hard/crtbegin.o
 .bss.m_button_count
                0x000000002000211c        0x1 _build/app_button.o
 *fill*         0x000000002000211d        0x3 
 .bss.m_detection_delay
                0x0000000020002120        0x4 _build/app_button.o
 .bss.m_detection_delay_timer_id_data
                0x0000000020002124       0x20 _build/app_button.o
 .bss.m_pin_state
                0x0000000020002144        0x4 _build/app_button.o
 .bss.m_pin_transition
                0x0000000020002148        0x4 _build/app_button.o
 .bss.mp_buttons
                0x000000002000214c        0x4 _build/app_button.o
 .bss.m_evt_schedule_func
                0x0000000020002150        0x4 _build/app_timer.o
 .bss.m_rtc1_reset
                0x0000000020002154        0x1 _build/app_timer.o
 .bss.m_rtc1_running
                0x0000000020002155        0x1 _build/app_timer.o
 *fill*         0x0000000020002156        0x2 
 .bss.m_ticks_elapsed
                0x0000000020002158        0x8 _build/app_timer.o
 .bss.m_ticks_elapsed_q_read_ind
                0x0000000020002160        0x1 _build/app_timer.o
 .bss.m_ticks_elapsed_q_write_ind
                0x0000000020002161        0x1 _build/app_timer.o
 *fill*         0x0000000020002162        0x2 
 .bss.m_ticks_latest
                0x0000000020002164        0x4 _build/app_timer.o
 .bss.m_user_array_size
                0x0000000020002168        0x1 _build/app_timer.o
 *fill*         0x0000000020002169        0x3 
 .bss.mp_timer_id_head
                0x000000002000216c        0x4 _build/app_timer.o
 .bss.mp_users  0x0000000020002170        0x4 _build/app_timer.o
 .bss.m_queue   0x0000000020002174       0x58 _build/fstorage.o
 .bss.m_cb      0x00000000200021cc       0x58 _build/nrf_drv_gpiote.o
 .bss.m_cb      0x0000000020002224       0x20 _build/nrf_drv_uart.o
 .bss.m_app_data_size
                0x0000000020002244        0x4 _build/pstorage.o
 .bss.m_app_table
                0x0000000020002248       0x18 _build/pstorage.o
 .bss.m_cmd_queue
                0x0000000020002260      0x25c _build/pstorage.o
 .bss.m_current_page_id
                0x00000000200024bc        0x4 _build/pstorage.o
 .bss.m_flags   0x00000000200024c0        0x4 _build/pstorage.o
 .bss.m_head_word_size
                0x00000000200024c4        0x4 _build/pstorage.o
 .bss.m_next_app_instance
                0x00000000200024c8        0x2 _build/pstorage.o
 *fill*         0x00000000200024ca        0x2 
 .bss.m_next_page_addr
                0x00000000200024cc        0x4 _build/pstorage.o
 .bss.m_num_of_bytes_written
                0x00000000200024d0        0x4 _build/pstorage.o
 .bss.m_num_of_command_retries
                0x00000000200024d4        0x4 _build/pstorage.o
 .bss.m_state   0x00000000200024d8        0x1 _build/pstorage.o
 .bss.m_swap_sub_state
                0x00000000200024d9        0x1 _build/pstorage.o
 *fill*         0x00000000200024da        0x2 
 .bss.m_tail_word_size
                0x00000000200024dc        0x4 _build/pstorage.o
 .bss.current_long_push_pin_no.8548
                0x00000000200024e0        0x1 _build/bsp.o
 *fill*         0x00000000200024e1        0x3 
 .bss.m_alert_mask
                0x00000000200024e4        0x4 _build/bsp.o
 .bss.m_alert_timer_id_data
                0x00000000200024e8       0x20 _build/bsp.o
 .bss.m_app_ticks_per_100ms
                0x0000000020002508        0x4 _build/bsp.o
 .bss.m_button_timer_id_data
                0x000000002000250c       0x20 _build/bsp.o
 .bss.m_events_list
                0x000000002000252c        0xc _build/bsp.o
 .bss.m_indication_type
                0x0000000020002538        0x4 _build/bsp.o
 .bss.m_leds_timer_id_data
                0x000000002000253c       0x20 _build/bsp.o
 .bss.m_registered_callback
                0x000000002000255c        0x4 _build/bsp.o
 .bss.m_stable_state
                0x0000000020002560        0x1 _build/bsp.o
 *fill*         0x0000000020002561        0x3 
 .bss.release_event_at_push.8549
                0x0000000020002564        0x4 _build/bsp.o
 .bss.m_error_handler
                0x0000000020002568        0x4 _build/bsp_btn_ble.o
 .bss.m_num_connections
                0x000000002000256c        0x4 _build/bsp_btn_ble.o
 .bss.APP_TIMER_BUF.11122
                0x0000000020002570      0x1c8 _build/main.o
 .bss.BLE_EVT_BUFFER.11210
                0x0000000020002738       0x48 _build/main.o
 .bss.cnt.11107
                0x0000000020002780        0x4 _build/main.o
 .bss.m_app_handle
                0x0000000020002784        0x1 _build/main.o
 *fill*         0x0000000020002785        0x3 
 .bss.m_bas     0x0000000020002788       0x18 _build/main.o
 .bss.m_battery_sim_cfg
                0x00000000200027a0       0x10 _build/main.o
 .bss.m_battery_sim_state
                0x00000000200027b0        0x8 _build/main.o
 .bss.m_battery_timer_id_data
                0x00000000200027b8       0x20 _build/main.o
 .bss.m_heart_rate_sim_cfg
                0x00000000200027d8       0x10 _build/main.o
 .bss.m_heart_rate_sim_state
                0x00000000200027e8        0x8 _build/main.o
 .bss.m_heart_rate_timer_id_data
                0x00000000200027f0       0x20 _build/main.o
 .bss.m_hrs     0x0000000020002810       0x50 _build/main.o
 .bss.m_rr_interval_sim_cfg
                0x0000000020002860       0x10 _build/main.o
 .bss.m_rr_interval_sim_state
                0x0000000020002870        0x8 _build/main.o
 .bss.m_rr_interval_timer_id_data
                0x0000000020002878       0x20 _build/main.o
 .bss.m_sensor_contact_timer_id_data
                0x0000000020002898       0x20 _build/main.o
 .bss.sensor_contact_detected.11117
                0x00000000200028b8        0x1 _build/main.o
 .bss.m_adv_evt
                0x00000000200028b9        0x1 _build/ble_advertising.o
 .bss.m_adv_mode_current
                0x00000000200028ba        0x1 _build/ble_advertising.o
 *fill*         0x00000000200028bb        0x1 
 .bss.m_adv_modes_config
                0x00000000200028bc       0x24 _build/ble_advertising.o
 .bss.m_advdata
                0x00000000200028e0       0x38 _build/ble_advertising.o
 .bss.m_advertising_start_pending
                0x0000000020002918        0x1 _build/ble_advertising.o
 *fill*         0x0000000020002919        0x3 
 .bss.m_error_handler
                0x000000002000291c        0x4 _build/ble_advertising.o
 .bss.m_evt_handler
                0x0000000020002920        0x4 _build/ble_advertising.o
 .bss.m_manuf_data_array
                0x0000000020002924       0x1f _build/ble_advertising.o
 *fill*         0x0000000020002943        0x1 
 .bss.m_manuf_specific_data
                0x0000000020002944        0xc _build/ble_advertising.o
 .bss.m_peer_addr_reply_expected
                0x0000000020002950        0x1 _build/ble_advertising.o
 *fill*         0x0000000020002951        0x3 
 .bss.m_peer_address
                0x0000000020002954        0x7 _build/ble_advertising.o
 *fill*         0x000000002000295b        0x1 
 .bss.m_service_data
                0x000000002000295c        0xc _build/ble_advertising.o
 .bss.m_service_data_array
                0x0000000020002968       0x1f _build/ble_advertising.o
 *fill*         0x0000000020002987        0x1 
 .bss.m_slave_conn_int
                0x0000000020002988        0x4 _build/ble_advertising.o
 .bss.m_tx_power_level
                0x000000002000298c        0x1 _build/ble_advertising.o
 *fill*         0x000000002000298d        0x3 
 .bss.m_whitelist
                0x0000000020002990       0x10 _build/ble_advertising.o
 .bss.m_whitelist_reply_expected
                0x00000000200029a0        0x1 _build/ble_advertising.o
 .bss.m_whitelist_temporarily_disabled
                0x00000000200029a1        0x1 _build/ble_advertising.o
 *fill*         0x00000000200029a2        0x2 
 .bss.mp_whitelist_addr
                0x00000000200029a4       0x20 _build/ble_advertising.o
 .bss.mp_whitelist_irk
                0x00000000200029c4       0x20 _build/ble_advertising.o
 .bss.m_change_param
                0x00000000200029e4        0x1 _build/ble_conn_params.o
 *fill*         0x00000000200029e5        0x1 
 .bss.m_conn_handle
                0x00000000200029e6        0x2 _build/ble_conn_params.o
 .bss.m_conn_params_config
                0x00000000200029e8       0x1c _build/ble_conn_params.o
 .bss.m_conn_params_timer_id_data
                0x0000000020002a04       0x20 _build/ble_conn_params.o
 .bss.m_current_conn_params
                0x0000000020002a24        0x8 _build/ble_conn_params.o
 .bss.m_preferred_conn_params
                0x0000000020002a2c        0x8 _build/ble_conn_params.o
 .bss.m_update_count
                0x0000000020002a34        0x1 _build/ble_conn_params.o
 *fill*         0x0000000020002a35        0x3 
 .bss.fw_rev_handles
                0x0000000020002a38        0x8 _build/ble_dis.o
 .bss.hw_rev_handles
                0x0000000020002a40        0x8 _build/ble_dis.o
 .bss.manufact_name_handles
                0x0000000020002a48        0x8 _build/ble_dis.o
 .bss.model_num_handles
                0x0000000020002a50        0x8 _build/ble_dis.o
 .bss.pnp_id_handles
                0x0000000020002a58        0x8 _build/ble_dis.o
 .bss.reg_cert_data_list_handles
                0x0000000020002a60        0x8 _build/ble_dis.o
 .bss.serial_num_handles
                0x0000000020002a68        0x8 _build/ble_dis.o
 .bss.service_handle
                0x0000000020002a70        0x2 _build/ble_dis.o
 *fill*         0x0000000020002a72        0x2 
 .bss.sw_rev_handles
                0x0000000020002a74        0x8 _build/ble_dis.o
 .bss.sys_id_handles
                0x0000000020002a7c        0x8 _build/ble_dis.o
 .bss.m_app_context_table
                0x0000000020002a84       0x1c _build/device_manager_peripheral.o
 .bss.m_application_table
                0x0000000020002aa0        0xc _build/device_manager_peripheral.o
 .bss.m_bond_table
                0x0000000020002aac       0x1c _build/device_manager_peripheral.o
 .bss.m_connection_table
                0x0000000020002ac8        0xc _build/device_manager_peripheral.o
 .bss.m_gatts_table
                0x0000000020002ad4       0x24 _build/device_manager_peripheral.o
 .bss.m_irk_index_table
                0x0000000020002af8        0x7 _build/device_manager_peripheral.o
 .bss.m_module_initialized
                0x0000000020002aff        0x1 _build/device_manager_peripheral.o
 .bss.m_peer_addr_update
                0x0000000020002b00        0x4 _build/device_manager_peripheral.o
 .bss.m_peer_table
                0x0000000020002b04       0xc4 _build/device_manager_peripheral.o
 .bss.m_storage_handle
                0x0000000020002bc8        0x8 _build/device_manager_peripheral.o
 .bss.m_ble_evt_buffer_size
                0x0000000020002bd0        0x2 _build/softdevice_handler.o
 *fill*         0x0000000020002bd2        0x2 
 .bss.m_ble_evt_handler
                0x0000000020002bd4        0x4 _build/softdevice_handler.o
 .bss.m_evt_schedule_func
                0x0000000020002bd8        0x4 _build/softdevice_handler.o
 .bss.m_softdevice_enabled
                0x0000000020002bdc        0x1 _build/softdevice_handler.o
 *fill*         0x0000000020002bdd        0x3 
 .bss.m_sys_evt_handler
                0x0000000020002be0        0x4 _build/softdevice_handler.o
 .bss.mp_ble_evt_buffer
                0x0000000020002be4        0x4 _build/softdevice_handler.o
 *(COMMON)
 COMMON         0x0000000020002be8        0xc _build/softdevice_handler.o
                0x0000000020002be8                nrf_nvic_state
                0x0000000020002bf4                . = ALIGN (0x4)
                0x0000000020002bf4                __bss_end__ = .

.heap           0x0000000020002bf8     0x2000
                0x0000000020002bf8                __end__ = .
                0x0000000020002bf8                PROVIDE (end, .)
 *(.heap*)
 .heap          0x0000000020002bf8     0x2000 _build/gcc_startup_nrf52.o
                0x0000000020002bf8                __HeapBase
                0x0000000020004bf8                __HeapLimit = .

.stack_dummy    0x0000000020002bf8     0x2000
 *(.stack*)
 .stack         0x0000000020002bf8     0x2000 _build/gcc_startup_nrf52.o
                0x0000000020010000                __StackTop = (ORIGIN (RAM) + LENGTH (RAM))
                0x000000002000e000                __StackLimit = (__StackTop - SIZEOF (.stack_dummy))
                0x0000000020010000                PROVIDE (__stack, __StackTop)
                0x0000000000000001                ASSERT ((__StackLimit >= __HeapLimit), region RAM overflowed with stack)
OUTPUT(_build/nrf52832_xxaa_s132.out elf32-littlearm)

.ARM.attributes
                0x0000000000000000       0x30
 .ARM.attributes
                0x0000000000000000       0x22 /home/rob/nrf52/gcc-arm-none-eabi-7-2017-q4-major/bin/../lib/gcc/arm-none-eabi/7.2.1/thumb/v7e-m/fpv4-sp/hard/crti.o
 .ARM.attributes
                0x0000000000000022       0x34 /home/rob/nrf52/gcc-arm-none-eabi-7-2017-q4-major/bin/../lib/gcc/arm-none-eabi/7.2.1/thumb/v7e-m/fpv4-sp/hard/crtbegin.o
 .ARM.attributes
                0x0000000000000056       0x20 /home/rob/nrf52/gcc-arm-none-eabi-7-2017-q4-major/bin/../lib/gcc/arm-none-eabi/7.2.1/../../../../arm-none-eabi/lib/thumb/v7e-m/fpv4-sp/hard/crt0.o
 .ARM.attributes
                0x0000000000000076       0x34 /home/rob/nrf52/gcc-arm-none-eabi-7-2017-q4-major/bin/../lib/gcc/arm-none-eabi/7.2.1/../../../../arm-none-eabi/lib/thumb/v7e-m/fpv4-sp/hard/libc_nano.a(lib_a-exit.o)
 .ARM.attributes
                0x00000000000000aa       0x34 /home/rob/nrf52/gcc-arm-none-eabi-7-2017-q4-major/bin/../lib/gcc/arm-none-eabi/7.2.1/../../../../arm-none-eabi/lib/thumb/v7e-m/fpv4-sp/hard/libc_nano.a(lib_a-impure.o)
 .ARM.attributes
                0x00000000000000de       0x34 /home/rob/nrf52/gcc-arm-none-eabi-7-2017-q4-major/bin/../lib/gcc/arm-none-eabi/7.2.1/../../../../arm-none-eabi/lib/thumb/v7e-m/fpv4-sp/hard/libc_nano.a(lib_a-init.o)
 .ARM.attributes
                0x0000000000000112       0x34 /home/rob/nrf52/gcc-arm-none-eabi-7-2017-q4-major/bin/../lib/gcc/arm-none-eabi/7.2.1/../../../../arm-none-eabi/lib/thumb/v7e-m/fpv4-sp/hard/libc_nano.a(lib_a-memset.o)
 .ARM.attributes
                0x0000000000000146       0x34 /home/rob/nrf52/gcc-arm-none-eabi-7-2017-q4-major/bin/../lib/gcc/arm-none-eabi/7.2.1/../../../../arm-none-eabi/lib/thumb/v7e-m/fpv4-sp/hard/libnosys.a(_exit.o)
 .ARM.attributes
                0x000000000000017a       0x39 _build/app_button.o
 .ARM.attributes
                0x00000000000001b3       0x39 _build/app_error.o
 .ARM.attributes
                0x00000000000001ec       0x39 _build/app_error_weak.o
 .ARM.attributes
                0x0000000000000225       0x39 _build/app_timer.o
 .ARM.attributes
                0x000000000000025e       0x39 _build/fstorage.o
 .ARM.attributes
                0x0000000000000297       0x39 _build/sensorsim.o
 .ARM.attributes
                0x00000000000002d0       0x39 _build/nrf_drv_common.o
 .ARM.attributes
                0x0000000000000309       0x39 _build/nrf_drv_gpiote.o
 .ARM.attributes
                0x0000000000000342       0x39 _build/nrf_drv_uart.o
 .ARM.attributes
                0x000000000000037b       0x39 _build/pstorage.o
 .ARM.attributes
                0x00000000000003b4       0x39 _build/bsp.o
 .ARM.attributes
                0x00000000000003ed       0x39 _build/bsp_btn_ble.o
 .ARM.attributes
                0x0000000000000426       0x39 _build/main.o
 .ARM.attributes
                0x000000000000045f       0x39 _build/ble_advdata.o
 .ARM.attributes
                0x0000000000000498       0x39 _build/ble_advertising.o
 .ARM.attributes
                0x00000000000004d1       0x39 _build/ble_bas.o
 .ARM.attributes
                0x000000000000050a       0x39 _build/ble_conn_params.o
 .ARM.attributes
                0x0000000000000543       0x39 _build/ble_dis.o
 .ARM.attributes
                0x000000000000057c       0x39 _build/ble_hrs.o
 .ARM.attributes
                0x00000000000005b5       0x39 _build/ble_srv_common.o
 .ARM.attributes
                0x00000000000005ee       0x39 _build/device_manager_peripheral.o
 .ARM.attributes
                0x0000000000000627       0x39 _build/system_nrf52.o
 .ARM.attributes
                0x0000000000000660       0x39 _build/softdevice_handler.o
 .ARM.attributes
                0x0000000000000699       0x1c _build/gcc_startup_nrf52.o
 .ARM.attributes
                0x00000000000006b5       0x34 /home/rob/nrf52/gcc-arm-none-eabi-7-2017-q4-major/bin/../lib/gcc/arm-none-eabi/7.2.1/../../../../arm-none-eabi/lib/thumb/v7e-m/fpv4-sp/hard/libc_nano.a(lib_a-memcmp.o)
 .ARM.attributes
                0x00000000000006e9       0x34 /home/rob/nrf52/gcc-arm-none-eabi-7-2017-q4-major/bin/../lib/gcc/arm-none-eabi/7.2.1/../../../../arm-none-eabi/lib/thumb/v7e-m/fpv4-sp/hard/libc_nano.a(lib_a-memcpy-stub.o)
 .ARM.attributes
                0x000000000000071d       0x34 /home/rob/nrf52/gcc-arm-none-eabi-7-2017-q4-major/bin/../lib/gcc/arm-none-eabi/7.2.1/../../../../arm-none-eabi/lib/thumb/v7e-m/fpv4-sp/hard/libc_nano.a(lib_a-memmove.o)
 .ARM.attributes
                0x0000000000000751       0x1b /home/rob/nrf52/gcc-arm-none-eabi-7-2017-q4-major/bin/../lib/gcc/arm-none-eabi/7.2.1/../../../../arm-none-eabi/lib/thumb/v7e-m/fpv4-sp/hard/libc_nano.a(lib_a-strlen.o)
 .ARM.attributes
                0x000000000000076c       0x34 /home/rob/nrf52/gcc-arm-none-eabi-7-2017-q4-major/bin/../lib/gcc/arm-none-eabi/7.2.1/../../../../arm-none-eabi/lib/thumb/v7e-m/fpv4-sp/hard/libc_nano.a(lib_a-findfp.o)
 .ARM.attributes
                0x00000000000007a0       0x34 /home/rob/nrf52/gcc-arm-none-eabi-7-2017-q4-major/bin/../lib/gcc/arm-none-eabi/7.2.1/thumb/v7e-m/fpv4-sp/hard/crtend.o
 .ARM.attributes
                0x00000000000007d4       0x22 /home/rob/nrf52/gcc-arm-none-eabi-7-2017-q4-major/bin/../lib/gcc/arm-none-eabi/7.2.1/thumb/v7e-m/fpv4-sp/hard/crtn.o

.comment        0x0000000000000000       0x7e
 .comment       0x0000000000000000       0x7e _build/app_button.o
                                         0x7f (size before relaxing)
 .comment       0x000000000000007e       0x7f _build/app_error.o
 .comment       0x000000000000007e       0x7f _build/app_error_weak.o
 .comment       0x000000000000007e       0x7f _build/app_timer.o
 .comment       0x000000000000007e       0x7f _build/fstorage.o
 .comment       0x000000000000007e       0x7f _build/sensorsim.o
 .comment       0x000000000000007e       0x7f _build/nrf_drv_common.o
 .comment       0x000000000000007e       0x7f _build/nrf_drv_gpiote.o
 .comment       0x000000000000007e       0x7f _build/nrf_drv_uart.o
 .comment       0x000000000000007e       0x7f _build/pstorage.o
 .comment       0x000000000000007e       0x7f _build/bsp.o
 .comment       0x000000000000007e       0x7f _build/bsp_btn_ble.o
 .comment       0x000000000000007e       0x7f _build/main.o
 .comment       0x000000000000007e       0x7f _build/ble_advdata.o
 .comment       0x000000000000007e       0x7f _build/ble_advertising.o
 .comment       0x000000000000007e       0x7f _build/ble_bas.o
 .comment       0x000000000000007e       0x7f _build/ble_conn_params.o
 .comment       0x000000000000007e       0x7f _build/ble_dis.o
 .comment       0x000000000000007e       0x7f _build/ble_hrs.o
 .comment       0x000000000000007e       0x7f _build/ble_srv_common.o
 .comment       0x000000000000007e       0x7f _build/device_manager_peripheral.o
 .comment       0x000000000000007e       0x7f _build/system_nrf52.o
 .comment       0x000000000000007e       0x7f _build/softdevice_handler.o

.debug_frame    0x0000000000000000     0x224c
 .debug_frame   0x0000000000000000       0x28 /home/rob/nrf52/gcc-arm-none-eabi-7-2017-q4-major/bin/../lib/gcc/arm-none-eabi/7.2.1/../../../../arm-none-eabi/lib/thumb/v7e-m/fpv4-sp/hard/libc_nano.a(lib_a-exit.o)
 .debug_frame   0x0000000000000028       0x2c /home/rob/nrf52/gcc-arm-none-eabi-7-2017-q4-major/bin/../lib/gcc/arm-none-eabi/7.2.1/../../../../arm-none-eabi/lib/thumb/v7e-m/fpv4-sp/hard/libc_nano.a(lib_a-init.o)
 .debug_frame   0x0000000000000054       0x20 /home/rob/nrf52/gcc-arm-none-eabi-7-2017-q4-major/bin/../lib/gcc/arm-none-eabi/7.2.1/../../../../arm-none-eabi/lib/thumb/v7e-m/fpv4-sp/hard/libc_nano.a(lib_a-memset.o)
 .debug_frame   0x0000000000000074       0x20 /home/rob/nrf52/gcc-arm-none-eabi-7-2017-q4-major/bin/../lib/gcc/arm-none-eabi/7.2.1/../../../../arm-none-eabi/lib/thumb/v7e-m/fpv4-sp/hard/libnosys.a(_exit.o)
 .debug_frame   0x0000000000000094      0x100 _build/app_button.o
 .debug_frame   0x0000000000000194       0x70 _build/app_error.o
 .debug_frame   0x0000000000000204       0x20 _build/app_error_weak.o
 .debug_frame   0x0000000000000224      0x174 _build/app_timer.o
 .debug_frame   0x0000000000000398      0x11c _build/fstorage.o
 .debug_frame   0x00000000000004b4       0x94 _build/sensorsim.o
 .debug_frame   0x0000000000000548       0x2c _build/nrf_drv_common.o
 .debug_frame   0x0000000000000574      0x248 _build/nrf_drv_gpiote.o
 .debug_frame   0x00000000000007bc      0x188 _build/nrf_drv_uart.o
 .debug_frame   0x0000000000000944      0x4dc _build/pstorage.o
 .debug_frame   0x0000000000000e20      0x21c _build/bsp.o
 .debug_frame   0x000000000000103c       0x70 _build/bsp_btn_ble.o
 .debug_frame   0x00000000000010ac      0x1cc _build/main.o
 .debug_frame   0x0000000000001278      0x104 _build/ble_advdata.o
 .debug_frame   0x000000000000137c      0x188 _build/ble_advertising.o
 .debug_frame   0x0000000000001504       0xe4 _build/ble_bas.o
 .debug_frame   0x00000000000015e8      0x13c _build/ble_conn_params.o
 .debug_frame   0x0000000000001724       0x8c _build/ble_dis.o
 .debug_frame   0x00000000000017b0      0x150 _build/ble_hrs.o
 .debug_frame   0x0000000000001900       0xac _build/ble_srv_common.o
 .debug_frame   0x00000000000019ac      0x528 _build/device_manager_peripheral.o
 .debug_frame   0x0000000000001ed4       0x40 _build/system_nrf52.o
 .debug_frame   0x0000000000001f14      0x1a0 _build/softdevice_handler.o
 .debug_frame   0x00000000000020b4       0x2c /home/rob/nrf52/gcc-arm-none-eabi-7-2017-q4-major/bin/../lib/gcc/arm-none-eabi/7.2.1/../../../../arm-none-eabi/lib/thumb/v7e-m/fpv4-sp/hard/libc_nano.a(lib_a-memcmp.o)
 .debug_frame   0x00000000000020e0       0x28 /home/rob/nrf52/gcc-arm-none-eabi-7-2017-q4-major/bin/../lib/gcc/arm-none-eabi/7.2.1/../../../../arm-none-eabi/lib/thumb/v7e-m/fpv4-sp/hard/libc_nano.a(lib_a-memcpy-stub.o)
 .debug_frame   0x0000000000002108       0x28 /home/rob/nrf52/gcc-arm-none-eabi-7-2017-q4-major/bin/../lib/gcc/arm-none-eabi/7.2.1/../../../../arm-none-eabi/lib/thumb/v7e-m/fpv4-sp/hard/libc_nano.a(lib_a-memmove.o)
 .debug_frame   0x0000000000002130      0x11c /home/rob/nrf52/gcc-arm-none-eabi-7-2017-q4-major/bin/../lib/gcc/arm-none-eabi/7.2.1/../../../../arm-none-eabi/lib/thumb/v7e-m/fpv4-sp/hard/libc_nano.a(lib_a-findfp.o)

.debug_info     0x0000000000000000    0x311d2
 .debug_info    0x0000000000000000      0xe39 _build/app_button.o
 .debug_info    0x0000000000000e39      0xb6e _build/app_error.o
 .debug_info    0x00000000000019a7      0xb49 _build/app_error_weak.o
 .debug_info    0x00000000000024f0     0x259f _build/app_timer.o
 .debug_info    0x0000000000004a8f     0x1a66 _build/fstorage.o
 .debug_info    0x00000000000064f5      0x248 _build/sensorsim.o
 .debug_info    0x000000000000673d      0xe33 _build/nrf_drv_common.o
 .debug_info    0x0000000000007570     0x2932 _build/nrf_drv_gpiote.o
 .debug_info    0x0000000000009ea2     0x41fa _build/nrf_drv_uart.o
 .debug_info    0x000000000000e09c     0x3a6a _build/pstorage.o
 .debug_info    0x0000000000011b06     0x1884 _build/bsp.o
 .debug_info    0x000000000001338a     0x1f43 _build/bsp_btn_ble.o
 .debug_info    0x00000000000152cd     0x49c8 _build/main.o
 .debug_info    0x0000000000019c95     0x21f4 _build/ble_advdata.o
 .debug_info    0x000000000001be89     0x2bb0 _build/ble_advertising.o
 .debug_info    0x000000000001ea39     0x274b _build/ble_bas.o
 .debug_info    0x0000000000021184     0x24e3 _build/ble_conn_params.o
 .debug_info    0x0000000000023667     0x16af _build/ble_dis.o
 .debug_info    0x0000000000024d16     0x2af8 _build/ble_hrs.o
 .debug_info    0x000000000002780e     0x1416 _build/ble_srv_common.o
 .debug_info    0x0000000000028c24     0x4de6 _build/device_manager_peripheral.o
 .debug_info    0x000000000002da0a      0xdb3 _build/system_nrf52.o
 .debug_info    0x000000000002e7bd     0x2a15 _build/softdevice_handler.o

.debug_abbrev   0x0000000000000000     0x597c
 .debug_abbrev  0x0000000000000000      0x2b5 _build/app_button.o
 .debug_abbrev  0x00000000000002b5      0x235 _build/app_error.o
 .debug_abbrev  0x00000000000004ea      0x21c _build/app_error_weak.o
 .debug_abbrev  0x0000000000000706      0x4b6 _build/app_timer.o
 .debug_abbrev  0x0000000000000bbc      0x467 _build/fstorage.o
 .debug_abbrev  0x0000000000001023      0x13d _build/sensorsim.o
 .debug_abbrev  0x0000000000001160      0x287 _build/nrf_drv_common.o
 .debug_abbrev  0x00000000000013e7      0x566 _build/nrf_drv_gpiote.o
 .debug_abbrev  0x000000000000194d      0x4d7 _build/nrf_drv_uart.o
 .debug_abbrev  0x0000000000001e24      0x517 _build/pstorage.o
 .debug_abbrev  0x000000000000233b      0x47a _build/bsp.o
 .debug_abbrev  0x00000000000027b5      0x368 _build/bsp_btn_ble.o
 .debug_abbrev  0x0000000000002b1d      0x521 _build/main.o
 .debug_abbrev  0x000000000000303e      0x3ba _build/ble_advdata.o
 .debug_abbrev  0x00000000000033f8      0x535 _build/ble_advertising.o
 .debug_abbrev  0x000000000000392d      0x449 _build/ble_bas.o
 .debug_abbrev  0x0000000000003d76      0x4fb _build/ble_conn_params.o
 .debug_abbrev  0x0000000000004271      0x39b _build/ble_dis.o
 .debug_abbrev  0x000000000000460c      0x442 _build/ble_hrs.o
 .debug_abbrev  0x0000000000004a4e      0x319 _build/ble_srv_common.o
 .debug_abbrev  0x0000000000004d67      0x4c9 _build/device_manager_peripheral.o
 .debug_abbrev  0x0000000000005230      0x1e2 _build/system_nrf52.o
 .debug_abbrev  0x0000000000005412      0x56a _build/softdevice_handler.o

.debug_loc      0x0000000000000000    0x1229f
 .debug_loc     0x0000000000000000      0x3ed _build/app_button.o
 .debug_loc     0x00000000000003ed      0x145 _build/app_error.o
 .debug_loc     0x0000000000000532       0x42 _build/app_error_weak.o
 .debug_loc     0x0000000000000574     0x1073 _build/app_timer.o
 .debug_loc     0x00000000000015e7      0xa4b _build/fstorage.o
 .debug_loc     0x0000000000002032      0x134 _build/sensorsim.o
 .debug_loc     0x0000000000002166       0xc3 _build/nrf_drv_common.o
 .debug_loc     0x0000000000002229     0x1fe1 _build/nrf_drv_gpiote.o
 .debug_loc     0x000000000000420a     0x1eb5 _build/nrf_drv_uart.o
 .debug_loc     0x00000000000060bf     0x3338 _build/pstorage.o
 .debug_loc     0x00000000000093f7     0x19c9 _build/bsp.o
 .debug_loc     0x000000000000adc0      0x212 _build/bsp_btn_ble.o
 .debug_loc     0x000000000000afd2      0xa4d _build/main.o
 .debug_loc     0x000000000000ba1f     0x1a98 _build/ble_advdata.o
 .debug_loc     0x000000000000d4b7      0x6f5 _build/ble_advertising.o
 .debug_loc     0x000000000000dbac      0x47d _build/ble_bas.o
 .debug_loc     0x000000000000e029      0x3dc _build/ble_conn_params.o
 .debug_loc     0x000000000000e405      0x47f _build/ble_dis.o
 .debug_loc     0x000000000000e884      0xa05 _build/ble_hrs.o
 .debug_loc     0x000000000000f289      0x503 _build/ble_srv_common.o
 .debug_loc     0x000000000000f78c     0x2685 _build/device_manager_peripheral.o
 .debug_loc     0x0000000000011e11      0x48e _build/softdevice_handler.o

.debug_aranges  0x0000000000000000      0x998
 .debug_aranges
                0x0000000000000000       0x48 _build/app_button.o
 .debug_aranges
                0x0000000000000048       0x30 _build/app_error.o
 .debug_aranges
                0x0000000000000078       0x20 _build/app_error_weak.o
 .debug_aranges
                0x0000000000000098       0x68 _build/app_timer.o
 .debug_aranges
                0x0000000000000100       0x58 _build/fstorage.o
 .debug_aranges
                0x0000000000000158       0x38 _build/sensorsim.o
 .debug_aranges
                0x0000000000000190       0x20 _build/nrf_drv_common.o
 .debug_aranges
                0x00000000000001b0       0xb8 _build/nrf_drv_gpiote.o
 .debug_aranges
                0x0000000000000268       0x70 _build/nrf_drv_uart.o
 .debug_aranges
                0x00000000000002d8       0xd8 _build/pstorage.o
 .debug_aranges
                0x00000000000003b0       0x80 _build/bsp.o
 .debug_aranges
                0x0000000000000430       0x30 _build/bsp_btn_ble.o
 .debug_aranges
                0x0000000000000460       0xb0 _build/main.o
 .debug_aranges
                0x0000000000000510       0x58 _build/ble_advdata.o
 .debug_aranges
                0x0000000000000568       0x68 _build/ble_advertising.o
 .debug_aranges
                0x00000000000005d0       0x58 _build/ble_bas.o
 .debug_aranges
                0x0000000000000628       0x68 _build/ble_conn_params.o
 .debug_aranges
                0x0000000000000690       0x38 _build/ble_dis.o
 .debug_aranges
                0x00000000000006c8       0x78 _build/ble_hrs.o
 .debug_aranges
                0x0000000000000740       0x48 _build/ble_srv_common.o
 .debug_aranges
                0x0000000000000788      0x148 _build/device_manager_peripheral.o
 .debug_aranges
                0x00000000000008d0       0x28 _build/system_nrf52.o
 .debug_aranges
                0x00000000000008f8       0xa0 _build/softdevice_handler.o

.debug_ranges   0x0000000000000000     0x49c0
 .debug_ranges  0x0000000000000000       0x98 _build/app_button.o
 .debug_ranges  0x0000000000000098       0x20 _build/app_error.o
 .debug_ranges  0x00000000000000b8       0x10 _build/app_error_weak.o
 .debug_ranges  0x00000000000000c8      0x658 _build/app_timer.o
 .debug_ranges  0x0000000000000720      0x250 _build/fstorage.o
 .debug_ranges  0x0000000000000970       0x58 _build/sensorsim.o
 .debug_ranges  0x00000000000009c8       0x30 _build/nrf_drv_common.o
 .debug_ranges  0x00000000000009f8      0x8c0 _build/nrf_drv_gpiote.o
 .debug_ranges  0x00000000000012b8      0xb48 _build/nrf_drv_uart.o
 .debug_ranges  0x0000000000001e00     0x1088 _build/pstorage.o
 .debug_ranges  0x0000000000002e88      0x340 _build/bsp.o
 .debug_ranges  0x00000000000031c8       0xa0 _build/bsp_btn_ble.o
 .debug_ranges  0x0000000000003268      0x2b8 _build/main.o
 .debug_ranges  0x0000000000003520      0x380 _build/ble_advdata.o
 .debug_ranges  0x00000000000038a0      0x280 _build/ble_advertising.o
 .debug_ranges  0x0000000000003b20       0xa8 _build/ble_bas.o
 .debug_ranges  0x0000000000003bc8      0x140 _build/ble_conn_params.o
 .debug_ranges  0x0000000000003d08       0xe0 _build/ble_dis.o
 .debug_ranges  0x0000000000003de8      0x1f8 _build/ble_hrs.o
 .debug_ranges  0x0000000000003fe0      0x110 _build/ble_srv_common.o
 .debug_ranges  0x00000000000040f0      0x658 _build/device_manager_peripheral.o
 .debug_ranges  0x0000000000004748       0xf0 _build/system_nrf52.o
 .debug_ranges  0x0000000000004838      0x188 _build/softdevice_handler.o

.debug_macro    0x0000000000000000    0x1b4b7
 .debug_macro   0x0000000000000000      0x361 _build/app_button.o
 .debug_macro   0x0000000000000361      0xacc _build/app_button.o
 .debug_macro   0x0000000000000e2d       0x22 _build/app_button.o
 .debug_macro   0x0000000000000e4f       0x87 _build/app_button.o
 .debug_macro   0x0000000000000ed6       0x51 _build/app_button.o
 .debug_macro   0x0000000000000f27       0xef _build/app_button.o
 .debug_macro   0x0000000000001016       0x6a _build/app_button.o
 .debug_macro   0x0000000000001080      0x1df _build/app_button.o
 .debug_macro   0x000000000000125f       0x22 _build/app_button.o
 .debug_macro   0x0000000000001281       0x1c _build/app_button.o
 .debug_macro   0x000000000000129d       0x2d _build/app_button.o
 .debug_macro   0x00000000000012ca       0x3b _build/app_button.o
 .debug_macro   0x0000000000001305       0x50 _build/app_button.o
 .debug_macro   0x0000000000001355      0xe66 _build/app_button.o
 .debug_macro   0x00000000000021bb      0x3a0 _build/app_button.o
 .debug_macro   0x000000000000255b    0x10245 _build/app_button.o
 .debug_macro   0x00000000000127a0     0x12c7 _build/app_button.o
 .debug_macro   0x0000000000013a67       0x7c _build/app_button.o
 .debug_macro   0x0000000000013ae3       0x1c _build/app_button.o
 .debug_macro   0x0000000000013aff       0x58 _build/app_button.o
 .debug_macro   0x0000000000013b57       0x17 _build/app_button.o
 .debug_macro   0x0000000000013b6e       0x35 _build/app_button.o
 .debug_macro   0x0000000000013ba3       0x9c _build/app_button.o
 .debug_macro   0x0000000000013c3f       0x16 _build/app_button.o
 .debug_macro   0x0000000000013c55       0x97 _build/app_button.o
 .debug_macro   0x0000000000013cec      0x353 _build/app_button.o
 .debug_macro   0x000000000001403f       0xf6 _build/app_button.o
 .debug_macro   0x0000000000014135       0x10 _build/app_button.o
 .debug_macro   0x0000000000014145       0x58 _build/app_button.o
 .debug_macro   0x000000000001419d       0x1f _build/app_button.o
 .debug_macro   0x00000000000141bc       0x43 _build/app_button.o
 .debug_macro   0x00000000000141ff       0x20 _build/app_button.o
 .debug_macro   0x000000000001421f      0x18e _build/app_button.o
 .debug_macro   0x00000000000143ad       0x10 _build/app_button.o
 .debug_macro   0x00000000000143bd       0x1c _build/app_button.o
 .debug_macro   0x00000000000143d9       0x52 _build/app_button.o
 .debug_macro   0x000000000001442b       0x40 _build/app_button.o
 .debug_macro   0x000000000001446b       0x10 _build/app_button.o
 .debug_macro   0x000000000001447b       0x40 _build/app_button.o
 .debug_macro   0x00000000000144bb       0xd7 _build/app_button.o
 .debug_macro   0x0000000000014592       0x1c _build/app_button.o
 .debug_macro   0x00000000000145ae       0x3d _build/app_button.o
 .debug_macro   0x00000000000145eb       0x16 _build/app_button.o
 .debug_macro   0x0000000000014601      0x16f _build/app_button.o
 .debug_macro   0x0000000000014770       0x9a _build/app_button.o
 .debug_macro   0x000000000001480a       0x70 _build/app_button.o
 .debug_macro   0x000000000001487a      0x11e _build/app_button.o
 .debug_macro   0x0000000000014998       0x4c _build/app_button.o
 .debug_macro   0x00000000000149e4       0x67 _build/app_button.o
 .debug_macro   0x0000000000014a4b       0xfb _build/app_button.o
 .debug_macro   0x0000000000014b46       0x2b _build/app_button.o
 .debug_macro   0x0000000000014b71       0x10 _build/app_button.o
 .debug_macro   0x0000000000014b81       0x1c _build/app_button.o
 .debug_macro   0x0000000000014b9d       0x47 _build/app_button.o
 .debug_macro   0x0000000000014be4       0x11 _build/app_button.o
 .debug_macro   0x0000000000014bf5      0x198 _build/app_button.o
 .debug_macro   0x0000000000014d8d       0x2e _build/app_button.o
 .debug_macro   0x0000000000014dbb       0x16 _build/app_button.o
 .debug_macro   0x0000000000014dd1       0x35 _build/app_button.o
 .debug_macro   0x0000000000014e06       0x22 _build/app_button.o
 .debug_macro   0x0000000000014e28       0x37 _build/app_button.o
 .debug_macro   0x0000000000014e5f      0x2b1 _build/app_error.o
 .debug_macro   0x0000000000015110       0x35 _build/app_error.o
 .debug_macro   0x0000000000015145      0x2ab _build/app_error_weak.o
 .debug_macro   0x00000000000153f0      0x3e9 _build/app_timer.o
 .debug_macro   0x00000000000157d9       0x41 _build/app_timer.o
 .debug_macro   0x000000000001581a       0x16 _build/app_timer.o
 .debug_macro   0x0000000000015830       0x40 _build/app_timer.o
 .debug_macro   0x0000000000015870       0x64 _build/app_timer.o
 .debug_macro   0x00000000000158d4       0x2e _build/app_timer.o
 .debug_macro   0x0000000000015902       0x60 _build/app_timer.o
 .debug_macro   0x0000000000015962       0x16 _build/app_timer.o
 .debug_macro   0x0000000000015978      0x212 _build/fstorage.o
 .debug_macro   0x0000000000015b8a       0x52 _build/fstorage.o
 .debug_macro   0x0000000000015bdc       0x1c _build/fstorage.o
 .debug_macro   0x0000000000015bf8       0x47 _build/fstorage.o
 .debug_macro   0x0000000000015c3f      0x16d _build/fstorage.o
 .debug_macro   0x0000000000015dac       0x10 _build/fstorage.o
 .debug_macro   0x0000000000015dbc       0x76 _build/sensorsim.o
 .debug_macro   0x0000000000015e32      0x32e _build/nrf_drv_common.o
 .debug_macro   0x0000000000016160      0x37e _build/nrf_drv_gpiote.o
 .debug_macro   0x00000000000164de       0x10 _build/nrf_drv_gpiote.o
 .debug_macro   0x00000000000164ee      0x391 _build/nrf_drv_uart.o
 .debug_macro   0x000000000001687f      0x3c7 _build/pstorage.o
 .debug_macro   0x0000000000016c46       0x40 _build/pstorage.o
 .debug_macro   0x0000000000016c86       0x1c _build/pstorage.o
 .debug_macro   0x0000000000016ca2      0x362 _build/bsp.o
 .debug_macro   0x0000000000017004      0x3bd _build/bsp_btn_ble.o
 .debug_macro   0x00000000000173c1       0xd6 _build/bsp_btn_ble.o
 .debug_macro   0x0000000000017497      0x1fb _build/bsp_btn_ble.o
 .debug_macro   0x0000000000017692      0x3f4 _build/bsp_btn_ble.o
 .debug_macro   0x0000000000017a86       0x3a _build/bsp_btn_ble.o
 .debug_macro   0x0000000000017ac0       0x22 _build/bsp_btn_ble.o
 .debug_macro   0x0000000000017ae2      0x201 _build/bsp_btn_ble.o
 .debug_macro   0x0000000000017ce3       0x1c _build/bsp_btn_ble.o
 .debug_macro   0x0000000000017cff       0xdb _build/bsp_btn_ble.o
 .debug_macro   0x0000000000017dda       0x24 _build/bsp_btn_ble.o
 .debug_macro   0x0000000000017dfe      0x5e9 _build/main.o
 .debug_macro   0x00000000000183e7       0xa6 _build/main.o
 .debug_macro   0x000000000001848d      0x2ca _build/main.o
 .debug_macro   0x0000000000018757       0xbe _build/main.o
 .debug_macro   0x0000000000018815       0x40 _build/main.o
 .debug_macro   0x0000000000018855       0x3a _build/main.o
 .debug_macro   0x000000000001888f       0x16 _build/main.o
 .debug_macro   0x00000000000188a5       0x46 _build/main.o
 .debug_macro   0x00000000000188eb       0x1c _build/main.o
 .debug_macro   0x0000000000018907       0x8e _build/main.o
 .debug_macro   0x0000000000018995       0x16 _build/main.o
 .debug_macro   0x00000000000189ab       0x10 _build/main.o
 .debug_macro   0x00000000000189bb      0x401 _build/main.o
 .debug_macro   0x0000000000018dbc       0x22 _build/main.o
 .debug_macro   0x0000000000018dde       0x28 _build/main.o
 .debug_macro   0x0000000000018e06       0x98 _build/main.o
 .debug_macro   0x0000000000018e9e       0x46 _build/main.o
 .debug_macro   0x0000000000018ee4       0x1c _build/main.o
 .debug_macro   0x0000000000018f00       0x22 _build/main.o
 .debug_macro   0x0000000000018f22      0x2a8 _build/ble_advdata.o
 .debug_macro   0x00000000000191ca       0xb8 _build/ble_advdata.o
 .debug_macro   0x0000000000019282      0x2f6 _build/ble_advertising.o
 .debug_macro   0x0000000000019578      0x26e _build/ble_bas.o
 .debug_macro   0x00000000000197e6      0x390 _build/ble_conn_params.o
 .debug_macro   0x0000000000019b76      0x3b8 _build/ble_dis.o
 .debug_macro   0x0000000000019f2e       0x10 _build/ble_dis.o
 .debug_macro   0x0000000000019f3e      0x2a7 _build/ble_hrs.o
 .debug_macro   0x000000000001a1e5       0x34 _build/ble_hrs.o
 .debug_macro   0x000000000001a219      0x36b _build/ble_srv_common.o
 .debug_macro   0x000000000001a584      0x557 _build/device_manager_peripheral.o
 .debug_macro   0x000000000001aadb       0x16 _build/device_manager_peripheral.o
 .debug_macro   0x000000000001aaf1       0xf5 _build/system_nrf52.o
 .debug_macro   0x000000000001abe6      0x477 _build/softdevice_handler.o
 .debug_macro   0x000000000001b05d       0x10 _build/softdevice_handler.o
 .debug_macro   0x000000000001b06d      0x3fa _build/softdevice_handler.o
 .debug_macro   0x000000000001b467       0x40 _build/softdevice_handler.o
 .debug_macro   0x000000000001b4a7       0x10 _build/softdevice_handler.o

.debug_line     0x0000000000000000     0xf0ee
 .debug_line    0x0000000000000000      0x927 _build/app_button.o
 .debug_line    0x0000000000000927      0x5f7 _build/app_error.o
 .debug_line    0x0000000000000f1e      0x5be _build/app_error_weak.o
 .debug_line    0x00000000000014dc      0xc5c _build/app_timer.o
 .debug_line    0x0000000000002138      0x8df _build/fstorage.o
 .debug_line    0x0000000000002a17      0x29c _build/sensorsim.o
 .debug_line    0x0000000000002cb3      0x76e _build/nrf_drv_common.o
 .debug_line    0x0000000000003421     0x101f _build/nrf_drv_gpiote.o
 .debug_line    0x0000000000004440     0x1116 _build/nrf_drv_uart.o
 .debug_line    0x0000000000005556     0x137f _build/pstorage.o
 .debug_line    0x00000000000068d5      0xbb5 _build/bsp.o
 .debug_line    0x000000000000748a      0x7d7 _build/bsp_btn_ble.o
 .debug_line    0x0000000000007c61     0x1079 _build/main.o
 .debug_line    0x0000000000008cda      0xaa0 _build/ble_advdata.o
 .debug_line    0x000000000000977a      0xb50 _build/ble_advertising.o
 .debug_line    0x000000000000a2ca      0x77c _build/ble_bas.o
 .debug_line    0x000000000000aa46      0x8d9 _build/ble_conn_params.o
 .debug_line    0x000000000000b31f      0x89f _build/ble_dis.o
 .debug_line    0x000000000000bbbe      0x974 _build/ble_hrs.o
 .debug_line    0x000000000000c532      0x80e _build/ble_srv_common.o
 .debug_line    0x000000000000cd40     0x1455 _build/device_manager_peripheral.o
 .debug_line    0x000000000000e195      0x496 _build/system_nrf52.o
 .debug_line    0x000000000000e62b      0xac3 _build/softdevice_handler.o

.debug_str      0x0000000000000000    0x8aa5a
 .debug_str     0x0000000000000000    0x73446 _build/app_button.o
                                      0x7406a (size before relaxing)
 .debug_str     0x0000000000073446      0x149 _build/app_error.o
                                      0x72ae6 (size before relaxing)
 .debug_str     0x000000000007358f       0xce _build/app_error_weak.o
                                      0x72a60 (size before relaxing)
 .debug_str     0x000000000007365d     0x1851 _build/app_timer.o
                                      0x74b12 (size before relaxing)
 .debug_str     0x0000000000074eae     0x1142 _build/fstorage.o
                                      0x71a62 (size before relaxing)
 .debug_str     0x0000000000075ff0      0x107 _build/sensorsim.o
                                       0x3eb7 (size before relaxing)
 .debug_str     0x00000000000760f7       0xa9 _build/nrf_drv_common.o
                                      0x73e48 (size before relaxing)
 .debug_str     0x00000000000761a0      0xeed _build/nrf_drv_gpiote.o
                                      0x7544f (size before relaxing)
 .debug_str     0x000000000007708d     0x158d _build/nrf_drv_uart.o
                                      0x75805 (size before relaxing)
 .debug_str     0x000000000007861a     0x11bd _build/pstorage.o
                                      0x74ad8 (size before relaxing)
 .debug_str     0x00000000000797d7     0x19c8 _build/bsp.o
                                      0x74932 (size before relaxing)
 .debug_str     0x000000000007b19f     0x4d02 _build/bsp_btn_ble.o
                                      0x78baf (size before relaxing)
 .debug_str     0x000000000007fea1     0x77c3 _build/main.o
                                      0x817e9 (size before relaxing)
 .debug_str     0x0000000000087664      0x495 _build/ble_advdata.o
                                      0x7712f (size before relaxing)
 .debug_str     0x0000000000087af9      0x3ed _build/ble_advertising.o
                                      0x78600 (size before relaxing)
 .debug_str     0x0000000000087ee6      0x56e _build/ble_bas.o
                                      0x76f52 (size before relaxing)
 .debug_str     0x0000000000088454      0x1af _build/ble_conn_params.o
                                      0x7967a (size before relaxing)
 .debug_str     0x0000000000088603      0x1a1 _build/ble_dis.o
                                      0x78133 (size before relaxing)
 .debug_str     0x00000000000887a4      0x2bf _build/ble_hrs.o
                                      0x772ab (size before relaxing)
 .debug_str     0x0000000000088a63      0x213 _build/ble_srv_common.o
                                      0x77f84 (size before relaxing)
 .debug_str     0x0000000000088c76     0x1655 _build/device_manager_peripheral.o
                                      0x7a22b (size before relaxing)
 .debug_str     0x000000000008a2cb      0x270 _build/system_nrf52.o
                                      0x6d1b3 (size before relaxing)
 .debug_str     0x000000000008a53b      0x51f _build/softdevice_handler.o
                                      0x7cbe4 (size before relaxing)

.stabstr        0x0000000000000000       0xe3
 .stabstr       0x0000000000000000       0xe3 /home/rob/nrf52/gcc-arm-none-eabi-7-2017-q4-major/bin/../lib/gcc/arm-none-eabi/7.2.1/../../../../arm-none-eabi/lib/thumb/v7e-m/fpv4-sp/hard/libnosys.a(close.o)
