Archive member included to satisfy reference by file (symbol)

/home/rob/nrf52/gcc-arm-none-eabi-7-2017-q4-major/bin/../lib/gcc/arm-none-eabi/7.2.1/../../../../arm-none-eabi/lib/thumb/v7e-m/fpv4-sp/hard/libc_nano.a(lib_a-exit.o)
                              /home/rob/nrf52/gcc-arm-none-eabi-7-2017-q4-major/bin/../lib/gcc/arm-none-eabi/7.2.1/../../../../arm-none-eabi/lib/thumb/v7e-m/fpv4-sp/hard/crt0.o (exit)
/home/rob/nrf52/gcc-arm-none-eabi-7-2017-q4-major/bin/../lib/gcc/arm-none-eabi/7.2.1/../../../../arm-none-eabi/lib/thumb/v7e-m/fpv4-sp/hard/libc_nano.a(lib_a-impure.o)
                              /home/rob/nrf52/gcc-arm-none-eabi-7-2017-q4-major/bin/../lib/gcc/arm-none-eabi/7.2.1/../../../../arm-none-eabi/lib/thumb/v7e-m/fpv4-sp/hard/libc_nano.a(lib_a-exit.o) (_global_impure_ptr)
/home/rob/nrf52/gcc-arm-none-eabi-7-2017-q4-major/bin/../lib/gcc/arm-none-eabi/7.2.1/../../../../arm-none-eabi/lib/thumb/v7e-m/fpv4-sp/hard/libc_nano.a(lib_a-init.o)
                              /home/rob/nrf52/gcc-arm-none-eabi-7-2017-q4-major/bin/../lib/gcc/arm-none-eabi/7.2.1/../../../../arm-none-eabi/lib/thumb/v7e-m/fpv4-sp/hard/crt0.o (__libc_init_array)
/home/rob/nrf52/gcc-arm-none-eabi-7-2017-q4-major/bin/../lib/gcc/arm-none-eabi/7.2.1/../../../../arm-none-eabi/lib/thumb/v7e-m/fpv4-sp/hard/libc_nano.a(lib_a-memset.o)
                              /home/rob/nrf52/gcc-arm-none-eabi-7-2017-q4-major/bin/../lib/gcc/arm-none-eabi/7.2.1/../../../../arm-none-eabi/lib/thumb/v7e-m/fpv4-sp/hard/crt0.o (memset)
/home/rob/nrf52/gcc-arm-none-eabi-7-2017-q4-major/bin/../lib/gcc/arm-none-eabi/7.2.1/../../../../arm-none-eabi/lib/thumb/v7e-m/fpv4-sp/hard/libnosys.a(_exit.o)
                              /home/rob/nrf52/gcc-arm-none-eabi-7-2017-q4-major/bin/../lib/gcc/arm-none-eabi/7.2.1/../../../../arm-none-eabi/lib/thumb/v7e-m/fpv4-sp/hard/libc_nano.a(lib_a-exit.o) (_exit)
/home/rob/nrf52/gcc-arm-none-eabi-7-2017-q4-major/bin/../lib/gcc/arm-none-eabi/7.2.1/thumb/v7e-m/fpv4-sp/hard/libgcc.a(_arm_addsubdf3.o)
                              _build/msgs.o (__aeabi_i2d)
/home/rob/nrf52/gcc-arm-none-eabi-7-2017-q4-major/bin/../lib/gcc/arm-none-eabi/7.2.1/thumb/v7e-m/fpv4-sp/hard/libgcc.a(_arm_muldivdf3.o)
                              _build/msgs.o (__aeabi_dmul)
/home/rob/nrf52/gcc-arm-none-eabi-7-2017-q4-major/bin/../lib/gcc/arm-none-eabi/7.2.1/thumb/v7e-m/fpv4-sp/hard/libgcc.a(_arm_fixunsdfsi.o)
                              _build/msgs.o (__aeabi_d2uiz)
/home/rob/nrf52/gcc-arm-none-eabi-7-2017-q4-major/bin/../lib/gcc/arm-none-eabi/7.2.1/../../../../arm-none-eabi/lib/thumb/v7e-m/fpv4-sp/hard/libc_nano.a(lib_a-memcmp.o)
                              _build/device_manager_peripheral.o (memcmp)
/home/rob/nrf52/gcc-arm-none-eabi-7-2017-q4-major/bin/../lib/gcc/arm-none-eabi/7.2.1/../../../../arm-none-eabi/lib/thumb/v7e-m/fpv4-sp/hard/libc_nano.a(lib_a-memcpy-stub.o)
                              _build/pstorage.o (memcpy)
/home/rob/nrf52/gcc-arm-none-eabi-7-2017-q4-major/bin/../lib/gcc/arm-none-eabi/7.2.1/../../../../arm-none-eabi/lib/thumb/v7e-m/fpv4-sp/hard/libc_nano.a(lib_a-strlen.o)
                              _build/main.o (strlen)
/home/rob/nrf52/gcc-arm-none-eabi-7-2017-q4-major/bin/../lib/gcc/arm-none-eabi/7.2.1/../../../../arm-none-eabi/lib/thumb/v7e-m/fpv4-sp/hard/libc_nano.a(lib_a-vprintf.o)
                              _build/nrf_log.o (vprintf)
/home/rob/nrf52/gcc-arm-none-eabi-7-2017-q4-major/bin/../lib/gcc/arm-none-eabi/7.2.1/../../../../arm-none-eabi/lib/thumb/v7e-m/fpv4-sp/hard/libc_nano.a(lib_a-findfp.o)
                              /home/rob/nrf52/gcc-arm-none-eabi-7-2017-q4-major/bin/../lib/gcc/arm-none-eabi/7.2.1/../../../../arm-none-eabi/lib/thumb/v7e-m/fpv4-sp/hard/libc_nano.a(lib_a-vprintf.o) (__sinit)
/home/rob/nrf52/gcc-arm-none-eabi-7-2017-q4-major/bin/../lib/gcc/arm-none-eabi/7.2.1/../../../../arm-none-eabi/lib/thumb/v7e-m/fpv4-sp/hard/libc_nano.a(lib_a-fwalk.o)
                              /home/rob/nrf52/gcc-arm-none-eabi-7-2017-q4-major/bin/../lib/gcc/arm-none-eabi/7.2.1/../../../../arm-none-eabi/lib/thumb/v7e-m/fpv4-sp/hard/libc_nano.a(lib_a-findfp.o) (_fwalk)
/home/rob/nrf52/gcc-arm-none-eabi-7-2017-q4-major/bin/../lib/gcc/arm-none-eabi/7.2.1/../../../../arm-none-eabi/lib/thumb/v7e-m/fpv4-sp/hard/libc_nano.a(lib_a-nano-mallocr.o)
                              /home/rob/nrf52/gcc-arm-none-eabi-7-2017-q4-major/bin/../lib/gcc/arm-none-eabi/7.2.1/../../../../arm-none-eabi/lib/thumb/v7e-m/fpv4-sp/hard/libc_nano.a(lib_a-findfp.o) (_malloc_r)
/home/rob/nrf52/gcc-arm-none-eabi-7-2017-q4-major/bin/../lib/gcc/arm-none-eabi/7.2.1/../../../../arm-none-eabi/lib/thumb/v7e-m/fpv4-sp/hard/libc_nano.a(lib_a-nano-vfprintf.o)
                              /home/rob/nrf52/gcc-arm-none-eabi-7-2017-q4-major/bin/../lib/gcc/arm-none-eabi/7.2.1/../../../../arm-none-eabi/lib/thumb/v7e-m/fpv4-sp/hard/libc_nano.a(lib_a-vprintf.o) (_vfprintf_r)
[...]
Memory Configuration

Name             Origin             Length             Attributes
FLASH            0x000000000001c000 0x0000000000064000 xr
RAM              0x0000000020002080 0x000000000000df80 xrw
*default*        0x0000000000000000 0xffffffffffffffff

Linker script and memory map


.text           0x000000000001c000     0x8174
 *(.isr_vector)
 .isr_vector    0x000000000001c000      0x400 _build/gcc_startup_nrf52.o
                0x000000000001c000                __isr_vector
 *(.text*)
 .text          0x000000000001c400       0x40 /home/rob/nrf52/gcc-arm-none-eabi-7-2017-q4-major/bin/../lib/gcc/arm-none-eabi/7.2.1/thumb/v7e-m/fpv4-sp/hard/crtbegin.o
 .text          0x000000000001c440       0x74 /home/rob/nrf52/gcc-arm-none-eabi-7-2017-q4-major/bin/../lib/gcc/arm-none-eabi/7.2.1/../../../../arm-none-eabi/lib/thumb/v7e-m/fpv4-sp/hard/crt0.o
                0x000000000001c440                _mainCRTStartup
                0x000000000001c440                _start
 .text.exit     0x000000000001c4b4       0x28 /home/rob/nrf52/gcc-arm-none-eabi-7-2017-q4-major/bin/../lib/gcc/arm-none-eabi/7.2.1/../../../../arm-none-eabi/lib/thumb/v7e-m/fpv4-sp/hard/libc_nano.a(lib_a-exit.o)
                0x000000000001c4b4                exit
 .text.__libc_init_array
                0x000000000001c4dc       0x48 /home/rob/nrf52/gcc-arm-none-eabi-7-2017-q4-major/bin/../lib/gcc/arm-none-eabi/7.2.1/../../../../arm-none-eabi/lib/thumb/v7e-m/fpv4-sp/hard/libc_nano.a(lib_a-init.o)
                0x000000000001c4dc                __libc_init_array
 .text.memset   0x000000000001c524       0x10 /home/rob/nrf52/gcc-arm-none-eabi-7-2017-q4-major/bin/../lib/gcc/arm-none-eabi/7.2.1/../../../../arm-none-eabi/lib/thumb/v7e-m/fpv4-sp/hard/libc_nano.a(lib_a-memset.o)
                0x000000000001c524                memset
 .text._exit    0x000000000001c534        0x4 /home/rob/nrf52/gcc-arm-none-eabi-7-2017-q4-major/bin/../lib/gcc/arm-none-eabi/7.2.1/../../../../arm-none-eabi/lib/thumb/v7e-m/fpv4-sp/hard/libnosys.a(_exit.o)
                0x000000000001c534                _exit
 .text.detection_delay_timeout_handler
                0x000000000001c538       0xac _build/app_button.o
 .text.gpiote_event_handler
                0x000000000001c5e4       0x5c _build/app_button.o
 .text.app_button_init
                0x000000000001c640       0xac _build/app_button.o
                0x000000000001c640                app_button_init
 .text.app_button_enable
                0x000000000001c6ec       0x2c _build/app_button.o
                0x000000000001c6ec                app_button_enable
 .text.app_error_handler_bare
                0x000000000001c718       0x20 _build/app_error.o
                0x000000000001c718                app_error_handler_bare
 .text.app_error_fault_handler
                0x000000000001c738       0x24 _build/app_error_weak.o
                0x000000000001c738                app_error_fault_handler
 .text.rtc1_stop
                0x000000000001c75c      0x134 _build/app_timer.o
 .text.RTC1_IRQHandler
                0x000000000001c890       0xc4 _build/app_timer.o
                0x000000000001c890                RTC1_IRQHandler
 .text.SWI0_EGU0_IRQHandler
                0x000000000001c954      0x4ec _build/app_timer.o
                0x000000000001c954                SWI0_EGU0_IRQHandler
 .text.app_timer_init
                0x000000000001ce40       0xb4 _build/app_timer.o
                0x000000000001ce40                app_timer_init
 .text.app_timer_create
                0x000000000001cef4       0x24 _build/app_timer.o
                0x000000000001cef4                app_timer_create
 .text.app_timer_start
                0x000000000001cf18       0xcc _build/app_timer.o
                0x000000000001cf18                app_timer_start
 .text.app_timer_stop
                0x000000000001cfe4       0xa4 _build/app_timer.o
                0x000000000001cfe4                app_timer_stop
 .text.fs_queued_op_count_get
                0x000000000001d088       0x14 _build/fstorage.o
                0x000000000001d088                fs_queued_op_count_get
 .text.nrf_drv_common_irq_enable
                0x000000000001d09c       0x48 _build/nrf_drv_common.o
                0x000000000001d09c                nrf_drv_common_irq_enable
 .text.nrf_drv_gpiote_init
                0x000000000001d0e4       0x60 _build/nrf_drv_gpiote.o
                0x000000000001d0e4                nrf_drv_gpiote_init
 .text.nrf_drv_gpiote_is_init
                0x000000000001d144       0x14 _build/nrf_drv_gpiote.o
                0x000000000001d144                nrf_drv_gpiote_is_init
 .text.nrf_drv_gpiote_in_init
                0x000000000001d158      0x19c _build/nrf_drv_gpiote.o
                0x000000000001d158                nrf_drv_gpiote_in_init
 .text.nrf_drv_gpiote_in_event_enable
                0x000000000001d2f4       0xc4 _build/nrf_drv_gpiote.o
                0x000000000001d2f4                nrf_drv_gpiote_in_event_enable
 .text.nrf_drv_gpiote_in_is_set
                0x000000000001d3b8       0x14 _build/nrf_drv_gpiote.o
                0x000000000001d3b8                nrf_drv_gpiote_in_is_set
 .text.GPIOTE_IRQHandler
                0x000000000001d3cc      0x4a4 _build/nrf_drv_gpiote.o
                0x000000000001d3cc                GPIOTE_IRQHandler
 .text.UARTE0_UART0_IRQHandler
                0x000000000001d870      0x2a4 _build/nrf_drv_uart.o
                0x000000000001d870                UARTE0_UART0_IRQHandler
 .text.sd_flash_write
                0x000000000001db14        0x4 _build/pstorage.o
 .text.sd_flash_page_erase
                0x000000000001db18        0x4 _build/pstorage.o
 .text.state_entry_action_run
                0x000000000001db1c      0x168 _build/pstorage.o
 .text.clear_operation_execute
                0x000000000001dc84      0x15c _build/pstorage.o
 .text.state_restore_head_entry_run
                0x000000000001dde0       0xb4 _build/pstorage.o
 .text.state_write_data_swap_entry_run
                0x000000000001de94       0xb0 _build/pstorage.o
 .text.swap_erase_state_run
                0x000000000001df44       0x30 _build/pstorage.o
 .text.state_restore_tail_entry_run
                0x000000000001df74       0xc0 _build/pstorage.o
 .text.state_swap_erase_entry_run
                0x000000000001e034       0xa0 _build/pstorage.o
 .text.tail_restore_state_run
                0x000000000001e0d4       0xbc _build/pstorage.o
 .text.store_cmd_flash_write_execute
                0x000000000001e190      0x120 _build/pstorage.o
 .text.data_to_swap_write_state_run
                0x000000000001e2b0       0xac _build/pstorage.o
 .text.head_restore_state_run
                0x000000000001e35c      0x19c _build/pstorage.o
 .text.data_page_erase_state_run
                0x000000000001e4f8      0x180 _build/pstorage.o
 .text.state_data_erase_entry_run
                0x000000000001e678       0x74 _build/pstorage.o
 .text.pstorage_sys_event_handler
                0x000000000001e6ec      0x220 _build/pstorage.o
                0x000000000001e6ec                pstorage_sys_event_handler
 .text.pstorage_init
                0x000000000001e90c      0x114 _build/pstorage.o
                0x000000000001e90c                pstorage_init
 .text.pstorage_register
                0x000000000001ea20       0xf0 _build/pstorage.o
                0x000000000001ea20                pstorage_register
 .text.pstorage_block_identifier_get
                0x000000000001eb10       0x58 _build/pstorage.o
                0x000000000001eb10                pstorage_block_identifier_get
 .text.pstorage_store
                0x000000000001eb68       0xec _build/pstorage.o
                0x000000000001eb68                pstorage_store
 .text.pstorage_update
                0x000000000001ec54       0xf0 _build/pstorage.o
                0x000000000001ec54                pstorage_update
 .text.pstorage_load
                0x000000000001ed44       0xa0 _build/pstorage.o
                0x000000000001ed44                pstorage_load
 .text.pstorage_clear
                0x000000000001ede4       0xf4 _build/pstorage.o
                0x000000000001ede4                pstorage_clear
 .text.pstorage_access_status_get
                0x000000000001eed8       0x24 _build/pstorage.o
                0x000000000001eed8                pstorage_access_status_get
 .text.alert_timer_handler
                0x000000000001eefc       0x1c _build/bsp.o
 .text.bsp_button_event_handler
                0x000000000001ef18       0xc0 _build/bsp.o
 .text.leds_timer_handler
                0x000000000001efd8      0x3b0 _build/bsp.o
 .text.button_timer_handler
                0x000000000001f388       0x44 _build/bsp.o
 .text.bsp_button_is_pressed
                0x000000000001f3cc       0x30 _build/bsp.o
                0x000000000001f3cc                bsp_button_is_pressed
 .text.bsp_indication_set
                0x000000000001f3fc      0x408 _build/bsp.o
                0x000000000001f3fc                bsp_indication_set
 .text.bsp_init
                0x000000000001f804       0xc8 _build/bsp.o
                0x000000000001f804                bsp_init
 .text.bsp_event_to_button_action_assign
                0x000000000001f8cc       0x50 _build/bsp.o
                0x000000000001f8cc                bsp_event_to_button_action_assign
 .text.bsp_wakeup_buttons_set
                0x000000000001f91c       0x7c _build/bsp.o
                0x000000000001f91c                bsp_wakeup_buttons_set
 .text.bsp_btn_ble_sleep_mode_prepare
                0x000000000001f998       0x14 _build/bsp_btn_ble.o
                0x000000000001f998                bsp_btn_ble_sleep_mode_prepare
 .text.bsp_btn_ble_on_ble_evt
                0x000000000001f9ac       0xac _build/bsp_btn_ble.o
                0x000000000001f9ac                bsp_btn_ble_on_ble_evt
 .text.bsp_btn_ble_init
                0x000000000001fa58       0x8c _build/bsp_btn_ble.o
                0x000000000001fa58                bsp_btn_ble_init
 .text.sd_ble_gap_disconnect
                0x000000000001fae4        0x4 _build/main.o
 .text.sd_ble_gap_ppcp_set
                0x000000000001fae8        0x4 _build/main.o
 .text.sd_ble_gap_device_name_set
                0x000000000001faec        0x4 _build/main.o
 .text.sd_power_system_off
                0x000000000001faf0        0x4 _build/main.o
 .text.sd_app_evt_wait
                0x000000000001faf4        0x4 _build/main.o
 .text.device_manager_evt_handler
                0x000000000001faf8       0x14 _build/main.o
 .text.conn_params_error_handler
                0x000000000001fb0c        0x4 _build/main.o
 .text.sys_evt_dispatch
                0x000000000001fb10       0x14 _build/main.o
 .text.ble_evt_dispatch
                0x000000000001fb24       0x58 _build/main.o
 .text.on_conn_params_evt
                0x000000000001fb7c       0x24 _build/main.o
 .text.bsp_event_handler
                0x000000000001fba0       0x5c _build/main.o
                0x000000000001fba0                bsp_event_handler
 .text.on_adv_evt
                0x000000000001fbfc       0x40 _build/main.o
 .text.startup.main
                0x000000000001fc3c      0x22c _build/main.o
                0x000000000001fc3c                main
 .text.sd_ble_gatts_service_add
                0x000000000001fe68        0x4 _build/our_service.o
 .text.sd_ble_uuid_vs_add
                0x000000000001fe6c        0x4 _build/our_service.o
 .text.our_service_init
                0x000000000001fe70       0x7c _build/our_service.o
                0x000000000001fe70                our_service_init
 .text.SEGGER_RTT_Write
                0x000000000001feec       0xb4 _build/SEGGER_RTT.o
                0x000000000001feec                SEGGER_RTT_Write
 .text.SEGGER_RTT_WriteString
                0x000000000001ffa0      0x100 _build/SEGGER_RTT.o
                0x000000000001ffa0                SEGGER_RTT_WriteString
 .text._PrintUnsigned
                0x00000000000200a0      0x1bc _build/SEGGER_RTT_printf.o
 .text.SEGGER_RTT_vprintf
                0x000000000002025c      0x4e8 _build/SEGGER_RTT_printf.o
                0x000000000002025c                SEGGER_RTT_vprintf
 .text.SEGGER_RTT_printf
                0x0000000000020744       0x20 _build/SEGGER_RTT_printf.o
                0x0000000000020744                SEGGER_RTT_printf
 .text.print_evt
                0x0000000000020764      0x110 _build/msgs.o
                0x0000000000020764                print_evt
 .text.sd_ble_gap_address_get
                0x0000000000020874        0x4 _build/ble_advdata.o
 .text.sd_ble_gap_adv_data_set
                0x0000000000020878        0x4 _build/ble_advdata.o
 .text.sd_ble_gap_appearance_get
                0x000000000002087c        0x4 _build/ble_advdata.o
 .text.sd_ble_gap_device_name_get
                0x0000000000020880        0x4 _build/ble_advdata.o
 .text.sd_ble_uuid_encode
                0x0000000000020884        0x4 _build/ble_advdata.o
 .text.uuid_list_encode
                0x0000000000020888      0x170 _build/ble_advdata.o
 .text.adv_data_encode
                0x00000000000209f8      0x528 _build/ble_advdata.o
                0x00000000000209f8                adv_data_encode
 .text.ble_advdata_set
                0x0000000000020f20      0x5d8 _build/ble_advdata.o
                0x0000000000020f20                ble_advdata_set
 .text.sd_ble_gap_adv_start
                0x00000000000214f8        0x4 _build/ble_advertising.o
 .text.sd_ble_gap_adv_stop
                0x00000000000214fc        0x4 _build/ble_advertising.o
 .text.ble_advertising_start.part.1
                0x0000000000021500      0x284 _build/ble_advertising.o
 .text.ble_advertising_init
                0x0000000000021784      0x16c _build/ble_advertising.o
                0x0000000000021784                ble_advertising_init
 .text.ble_advertising_start
                0x00000000000218f0       0x48 _build/ble_advertising.o
                0x00000000000218f0                ble_advertising_start
 .text.ble_advertising_on_ble_evt
                0x0000000000021938       0xf4 _build/ble_advertising.o
                0x0000000000021938                ble_advertising_on_ble_evt
 .text.ble_advertising_on_sys_evt
                0x0000000000021a2c       0x64 _build/ble_advertising.o
                0x0000000000021a2c                ble_advertising_on_sys_evt
 .text.ble_advertising_restart_without_whitelist
                0x0000000000021a90       0x90 _build/ble_advertising.o
                0x0000000000021a90                ble_advertising_restart_without_whitelist
 .text.sd_ble_gap_conn_param_update
                0x0000000000021b20        0x4 _build/ble_conn_params.o
 .text.sd_ble_gap_disconnect
                0x0000000000021b24        0x4 _build/ble_conn_params.o
 .text.sd_ble_gap_ppcp_set
                0x0000000000021b28        0x4 _build/ble_conn_params.o
 .text.sd_ble_gap_ppcp_get
                0x0000000000021b2c        0x4 _build/ble_conn_params.o
 .text.update_timeout_handler
                0x0000000000021b30       0x74 _build/ble_conn_params.o
 .text.conn_params_negotiation
                0x0000000000021ba4       0x90 _build/ble_conn_params.o
 .text.ble_conn_params_init
                0x0000000000021c34       0x74 _build/ble_conn_params.o
                0x0000000000021c34                ble_conn_params_init
 .text.ble_conn_params_on_ble_evt
                0x0000000000021ca8      0x120 _build/ble_conn_params.o
                0x0000000000021ca8                ble_conn_params_on_ble_evt
 .text.sd_ble_gap_sec_params_reply
                0x0000000000021dc8        0x4 _build/device_manager_peripheral.o
 .text.sd_ble_gap_sec_info_reply
                0x0000000000021dcc        0x4 _build/device_manager_peripheral.o
 .text.sd_ble_gatts_service_changed
                0x0000000000021dd0        0x4 _build/device_manager_peripheral.o
 .text.sd_ble_gatts_sys_attr_set
                0x0000000000021dd4        0x4 _build/device_manager_peripheral.o
 .text.sd_ble_gatts_sys_attr_get
                0x0000000000021dd8        0x4 _build/device_manager_peripheral.o
 .text.storage_operation_dummy_handler
                0x0000000000021ddc        0x4 _build/device_manager_peripheral.o
 .text.no_service_context_store
                0x0000000000021de0        0x4 _build/device_manager_peripheral.o
 .text.no_service_context_apply
                0x0000000000021de4        0x4 _build/device_manager_peripheral.o
 .text.gatts_context_apply
                0x0000000000021de8       0xd4 _build/device_manager_peripheral.o
 .text.gatts_context_store
                0x0000000000021ebc       0xd8 _build/device_manager_peripheral.o
 .text.gatts_context_load
                0x0000000000021f94       0x34 _build/device_manager_peripheral.o
 .text.dm_pstorage_cb_handler
                0x0000000000021fc8      0x180 _build/device_manager_peripheral.o
 .text.gattc_context_apply
                0x0000000000022148        0x4 _build/device_manager_peripheral.o
 .text.no_service_context_load
                0x000000000002214c        0x4 _build/device_manager_peripheral.o
 .text.gattc_context_load
                0x0000000000022150        0x4 _build/device_manager_peripheral.o
 .text.gattc_context_store
                0x0000000000022154        0x4 _build/device_manager_peripheral.o
 .text.gattsc_context_load
                0x0000000000022158       0x34 _build/device_manager_peripheral.o
 .text.gattsc_context_apply
                0x000000000002218c       0xcc _build/device_manager_peripheral.o
 .text.gattsc_context_store
                0x0000000000022258       0xd8 _build/device_manager_peripheral.o
 .text.dm_init  0x0000000000022330      0x124 _build/device_manager_peripheral.o
                0x0000000000022330                dm_init
 .text.dm_register
                0x0000000000022454       0x78 _build/device_manager_peripheral.o
                0x0000000000022454                dm_register
 .text.dm_ble_evt_handler
                0x00000000000224cc      0x738 _build/device_manager_peripheral.o
                0x00000000000224cc                dm_ble_evt_handler
 .text.SystemInit
                0x0000000000022c04      0x2ac _build/system_nrf52.o
                0x0000000000022c04                SystemInit
 .text.sd_evt_get
                0x0000000000022eb0        0x4 _build/softdevice_handler.o
 .text.sd_softdevice_enable
                0x0000000000022eb4        0x4 _build/softdevice_handler.o
 .text.sd_ble_enable
                0x0000000000022eb8        0x4 _build/softdevice_handler.o
 .text.sd_ble_evt_get
                0x0000000000022ebc        0x4 _build/softdevice_handler.o
 .text.softdevice_fault_handler
                0x0000000000022ec0        0x8 _build/softdevice_handler.o
                0x0000000000022ec0                softdevice_fault_handler
 .text.intern_softdevice_events_execute.part.0
                0x0000000000022ec8       0xb0 _build/softdevice_handler.o
 .text.softdevice_handler_init
                0x0000000000022f78       0x70 _build/softdevice_handler.o
                0x0000000000022f78                softdevice_handler_init
 .text.softdevice_ble_evt_handler_set
                0x0000000000022fe8       0x14 _build/softdevice_handler.o
                0x0000000000022fe8                softdevice_ble_evt_handler_set
 .text.softdevice_sys_evt_handler_set
                0x0000000000022ffc       0x14 _build/softdevice_handler.o
                0x0000000000022ffc                softdevice_sys_evt_handler_set
 .text.SWI2_EGU2_IRQHandler
                0x0000000000023010       0x30 _build/softdevice_handler.o
                0x0000000000023010                SWI2_EGU2_IRQHandler
 .text.softdevice_enable_get_default_config
                0x0000000000023040       0x30 _build/softdevice_handler.o
                0x0000000000023040                softdevice_enable_get_default_config
 .text.sd_check_ram_start
                0x0000000000023070       0x14 _build/softdevice_handler.o
                0x0000000000023070                sd_check_ram_start
 .text.softdevice_enable
                0x0000000000023084       0x20 _build/softdevice_handler.o
                0x0000000000023084                softdevice_enable
 .text          0x00000000000230a4       0x3c _build/gcc_startup_nrf52.o
                0x00000000000230a4                Reset_Handler
                0x00000000000230cc                NMI_Handler
                0x00000000000230ce                HardFault_Handler
                0x00000000000230d0                MemoryManagement_Handler
                0x00000000000230d2                BusFault_Handler
                0x00000000000230d4                UsageFault_Handler
                0x00000000000230d6                SVC_Handler
                0x00000000000230d8                DebugMonitor_Handler
                0x00000000000230da                PendSV_Handler
                0x00000000000230dc                SysTick_Handler
                0x00000000000230de                TIMER2_IRQHandler
                0x00000000000230de                RTC0_IRQHandler
                0x00000000000230de                PWM1_IRQHandler
                0x00000000000230de                POWER_CLOCK_IRQHandler
                0x00000000000230de                RADIO_IRQHandler
                0x00000000000230de                PDM_IRQHandler
                0x00000000000230de                TEMP_IRQHandler
                0x00000000000230de                QDEC_IRQHandler
                0x00000000000230de                TIMER3_IRQHandler
                0x00000000000230de                FPU_IRQHandler
                0x00000000000230de                SPIM0_SPIS0_TWIM0_TWIS0_SPI0_TWI0_IRQHandler
                0x00000000000230de                TIMER4_IRQHandler
                0x00000000000230de                I2S_IRQHandler
                0x00000000000230de                SWI4_EGU4_IRQHandler
                0x00000000000230de                TIMER0_IRQHandler
                0x00000000000230de                TIMER1_IRQHandler
                0x00000000000230de                PWM2_IRQHandler
                0x00000000000230de                ECB_IRQHandler
                0x00000000000230de                SPIM1_SPIS1_TWIM1_TWIS1_SPI1_TWI1_IRQHandler
                0x00000000000230de                Default_Handler
                0x00000000000230de                SAADC_IRQHandler
                0x00000000000230de                CCM_AAR_IRQHandler
                0x00000000000230de                WDT_IRQHandler
                0x00000000000230de                SWI5_EGU5_IRQHandler
                0x00000000000230de                RNG_IRQHandler
                0x00000000000230de                RTC2_IRQHandler
                0x00000000000230de                PWM0_IRQHandler
                0x00000000000230de                SWI3_EGU3_IRQHandler
                0x00000000000230de                SWI1_EGU1_IRQHandler
                0x00000000000230de                SPIM2_SPIS2_SPI2_IRQHandler
                0x00000000000230de                NFCT_IRQHandler
                0x00000000000230de                MWU_IRQHandler
                0x00000000000230de                COMP_LPCOMP_IRQHandler
 .text          0x00000000000230e0      0x378 /home/rob/nrf52/gcc-arm-none-eabi-7-2017-q4-major/bin/../lib/gcc/arm-none-eabi/7.2.1/thumb/v7e-m/fpv4-sp/hard/libgcc.a(_arm_addsubdf3.o)
                0x00000000000230e0                __aeabi_drsub
                0x00000000000230e8                __aeabi_dsub
                0x00000000000230e8                __subdf3
                0x00000000000230ec                __adddf3
                0x00000000000230ec                __aeabi_dadd
                0x0000000000023364                __aeabi_ui2d
                0x0000000000023364                __floatunsidf
                0x0000000000023384                __floatsidf
                0x0000000000023384                __aeabi_i2d
                0x00000000000233a8                __extendsfdf2
                0x00000000000233a8                __aeabi_f2d
                0x00000000000233ec                __aeabi_ul2d
                0x00000000000233ec                __floatundidf
                0x00000000000233fc                __floatdidf
                0x00000000000233fc                __aeabi_l2d
 .text          0x0000000000023458      0x424 /home/rob/nrf52/gcc-arm-none-eabi-7-2017-q4-major/bin/../lib/gcc/arm-none-eabi/7.2.1/thumb/v7e-m/fpv4-sp/hard/libgcc.a(_arm_muldivdf3.o)
                0x0000000000023458                __aeabi_dmul
                0x0000000000023458                __muldf3
                0x00000000000236ac                __aeabi_ddiv
                0x00000000000236ac                __divdf3
 .text          0x000000000002387c       0x40 /home/rob/nrf52/gcc-arm-none-eabi-7-2017-q4-major/bin/../lib/gcc/arm-none-eabi/7.2.1/thumb/v7e-m/fpv4-sp/hard/libgcc.a(_arm_fixunsdfsi.o)
                0x000000000002387c                __fixunsdfsi
                0x000000000002387c                __aeabi_d2uiz
 .text.memcmp   0x00000000000238bc       0x1e /home/rob/nrf52/gcc-arm-none-eabi-7-2017-q4-major/bin/../lib/gcc/arm-none-eabi/7.2.1/../../../../arm-none-eabi/lib/thumb/v7e-m/fpv4-sp/hard/libc_nano.a(lib_a-memcmp.o)
                0x00000000000238bc                memcmp
 .text.memcpy   0x00000000000238da       0x16 /home/rob/nrf52/gcc-arm-none-eabi-7-2017-q4-major/bin/../lib/gcc/arm-none-eabi/7.2.1/../../../../arm-none-eabi/lib/thumb/v7e-m/fpv4-sp/hard/libc_nano.a(lib_a-memcpy-stub.o)
                0x00000000000238da                memcpy
 .text          0x00000000000238f0       0x10 /home/rob/nrf52/gcc-arm-none-eabi-7-2017-q4-major/bin/../lib/gcc/arm-none-eabi/7.2.1/../../../../arm-none-eabi/lib/thumb/v7e-m/fpv4-sp/hard/libc_nano.a(lib_a-strlen.o)
                0x00000000000238f0                strlen
 *(.init)
 .init          0x0000000000023900        0x4 /home/rob/nrf52/gcc-arm-none-eabi-7-2017-q4-major/bin/../lib/gcc/arm-none-eabi/7.2.1/thumb/v7e-m/fpv4-sp/hard/crti.o
                0x0000000000023900                _init
 .init          0x0000000000023904        0x8 /home/rob/nrf52/gcc-arm-none-eabi-7-2017-q4-major/bin/../lib/gcc/arm-none-eabi/7.2.1/thumb/v7e-m/fpv4-sp/hard/crtn.o
 *(.fini)
 .fini          0x000000000002390c        0x4 /home/rob/nrf52/gcc-arm-none-eabi-7-2017-q4-major/bin/../lib/gcc/arm-none-eabi/7.2.1/thumb/v7e-m/fpv4-sp/hard/crti.o
                0x000000000002390c                _fini
 .fini          0x0000000000023910        0x8 /home/rob/nrf52/gcc-arm-none-eabi-7-2017-q4-major/bin/../lib/gcc/arm-none-eabi/7.2.1/thumb/v7e-m/fpv4-sp/hard/crtn.o
 *crtbegin.o(.ctors)
 *crtbegin?.o(.ctors)
 *(EXCLUDE_FILE(*crtend.o *crtend?.o) .ctors)
 *(SORT_BY_NAME(.ctors.*))
 *(.ctors)
 *crtbegin.o(.dtors)
 *crtbegin?.o(.dtors)
 *(EXCLUDE_FILE(*crtend.o *crtend?.o) .dtors)
 *(SORT_BY_NAME(.dtors.*))
 *(.dtors)
 *(.rodata*)
 .rodata._global_impure_ptr
                0x0000000000023918        0x4 /home/rob/nrf52/gcc-arm-none-eabi-7-2017-q4-major/bin/../lib/gcc/arm-none-eabi/7.2.1/../../../../arm-none-eabi/lib/thumb/v7e-m/fpv4-sp/hard/libc_nano.a(lib_a-impure.o)
                0x0000000000023918                _global_impure_ptr
 .rodata.m_detection_delay_timer_id
                0x000000000002391c        0x4 _build/app_button.o
 .rodata.swap_sub_state_sm_lut.9238
                0x0000000000023920       0x14 _build/pstorage.o
 .rodata.swap_sub_state_sm_lut.9313
                0x0000000000023934       0x14 _build/pstorage.o
 .rodata.app_buttons
                0x0000000000023948       0x20 _build/bsp.o
 .rodata.m_alert_timer_id
                0x0000000000023968        0x4 _build/bsp.o
 .rodata.m_button_timer_id
                0x000000000002396c        0x4 _build/bsp.o
 .rodata.m_buttons_list
                0x0000000000023970       0x10 _build/bsp.o
 .rodata.m_leds_timer_id
                0x0000000000023980        0x4 _build/bsp.o
 .rodata        0x0000000000023984        0x8 _build/main.o
 .rodata.main.str1.4
                0x000000000002398c       0x43 _build/main.o
 *fill*         0x00000000000239cf        0x1 
 .rodata        0x00000000000239d0       0x10 _build/our_service.o
 .rodata.our_service_init.str1.4
                0x00000000000239e0       0x6d _build/our_service.o
 *fill*         0x0000000000023a4d        0x3 
 .rodata.str1.4
                0x0000000000023a50        0x9 _build/SEGGER_RTT.o
 *fill*         0x0000000000023a59        0x3 
 .rodata._aV2C.5585
                0x0000000000023a5c       0x10 _build/SEGGER_RTT_printf.o
 .rodata.print_evt.str1.4
                0x0000000000023a6c       0x9a _build/msgs.o
 *fill*         0x0000000000023b06        0x2 
 .rodata.str1.4
                0x0000000000023b08      0x5d0 _build/msgs.o
 .rodata.m_conn_params_timer_id
                0x00000000000240d8        0x4 _build/ble_conn_params.o
 .rodata.m_context_init_len
                0x00000000000240dc        0x4 _build/device_manager_peripheral.o
                0x00000000000240dc                m_context_init_len
 .rodata.m_service_context_apply
                0x00000000000240e0       0x10 _build/device_manager_peripheral.o
                0x00000000000240e0                m_service_context_apply
 .rodata.m_service_context_load
                0x00000000000240f0       0x10 _build/device_manager_peripheral.o
                0x00000000000240f0                m_service_context_load
 .rodata.m_service_context_store
                0x0000000000024100       0x10 _build/device_manager_peripheral.o
                0x0000000000024100                m_service_context_store
 .rodata.__sf_fake_stderr
                0x0000000000024110       0x20 /home/rob/nrf52/gcc-arm-none-eabi-7-2017-q4-major/bin/../lib/gcc/arm-none-eabi/7.2.1/../../../../arm-none-eabi/lib/thumb/v7e-m/fpv4-sp/hard/libc_nano.a(lib_a-findfp.o)
                0x0000000000024110                __sf_fake_stderr
 .rodata.__sf_fake_stdin
                0x0000000000024130       0x20 /home/rob/nrf52/gcc-arm-none-eabi-7-2017-q4-major/bin/../lib/gcc/arm-none-eabi/7.2.1/../../../../arm-none-eabi/lib/thumb/v7e-m/fpv4-sp/hard/libc_nano.a(lib_a-findfp.o)
                0x0000000000024130                __sf_fake_stdin
 .rodata.__sf_fake_stdout
                0x0000000000024150       0x20 /home/rob/nrf52/gcc-arm-none-eabi-7-2017-q4-major/bin/../lib/gcc/arm-none-eabi/7.2.1/../../../../arm-none-eabi/lib/thumb/v7e-m/fpv4-sp/hard/libc_nano.a(lib_a-findfp.o)
                0x0000000000024150                __sf_fake_stdout
 *(.eh_frame*)
 .eh_frame      0x0000000000024170        0x0 /home/rob/nrf52/gcc-arm-none-eabi-7-2017-q4-major/bin/../lib/gcc/arm-none-eabi/7.2.1/thumb/v7e-m/fpv4-sp/hard/crtbegin.o
 .eh_frame      0x0000000000024170        0x4 /home/rob/nrf52/gcc-arm-none-eabi-7-2017-q4-major/bin/../lib/gcc/arm-none-eabi/7.2.1/thumb/v7e-m/fpv4-sp/hard/crtend.o

.glue_7         0x0000000000024174        0x0
 .glue_7        0x0000000000024174        0x0 linker stubs

.glue_7t        0x0000000000024174        0x0
 .glue_7t       0x0000000000024174        0x0 linker stubs

.vfp11_veneer   0x0000000000024174        0x0
 .vfp11_veneer  0x0000000000024174        0x0 linker stubs

.v4_bx          0x0000000000024174        0x0
 .v4_bx         0x0000000000024174        0x0 linker stubs

.iplt           0x0000000000024174        0x0
 .iplt          0x0000000000024174        0x0 /home/rob/nrf52/gcc-arm-none-eabi-7-2017-q4-major/bin/../lib/gcc/arm-none-eabi/7.2.1/thumb/v7e-m/fpv4-sp/hard/crtbegin.o

.ARM.extab
 *(.ARM.extab* .gnu.linkonce.armextab.*)
                0x0000000000024174                __exidx_start = .

.ARM.exidx      0x0000000000024174        0x8
 *(.ARM.exidx* .gnu.linkonce.armexidx.*)
 .ARM.exidx     0x0000000000024174        0x8 /home/rob/nrf52/gcc-arm-none-eabi-7-2017-q4-major/bin/../lib/gcc/arm-none-eabi/7.2.1/../../../../arm-none-eabi/lib/thumb/v7e-m/fpv4-sp/hard/crt0.o
                0x000000000002417c                __exidx_end = .
                0x000000000002417c                __etext = .

.rel.dyn        0x000000000002417c        0x0
 .rel.iplt      0x000000000002417c        0x0 /home/rob/nrf52/gcc-arm-none-eabi-7-2017-q4-major/bin/../lib/gcc/arm-none-eabi/7.2.1/thumb/v7e-m/fpv4-sp/hard/crtbegin.o

.data           0x0000000020002080      0x154 load address 0x000000000002417c
                0x0000000020002080                __data_start__ = .
 *(vtable)
 *(.data*)
 .data.impure_data
                0x0000000020002080       0x60 /home/rob/nrf52/gcc-arm-none-eabi-7-2017-q4-major/bin/../lib/gcc/arm-none-eabi/7.2.1/../../../../arm-none-eabi/lib/thumb/v7e-m/fpv4-sp/hard/libc_nano.a(lib_a-impure.o)
 .data.m_conn_handle
                0x00000000200020e0        0x2 _build/main.o
 *fill*         0x00000000200020e2        0x2 
 .data._SEGGER_RTT
                0x00000000200020e4       0x78 _build/SEGGER_RTT.o
 .data.msgs_disconnect_reasons
                0x000000002000215c       0x14 _build/msgs.o
                0x000000002000215c                msgs_disconnect_reasons
 .data.msgs_gap_events
                0x0000000020002170       0x3c _build/msgs.o
                0x0000000020002170                msgs_gap_events
 .data.msgs_gatts_events
                0x00000000200021ac       0x18 _build/msgs.o
                0x00000000200021ac                msgs_gatts_events
 .data.current_slave_link_conn_handle.9099
                0x00000000200021c4        0x2 _build/ble_advertising.o
 *fill*         0x00000000200021c6        0x2 
 .data.SystemCoreClock
                0x00000000200021c8        0x4 _build/system_nrf52.o
                0x00000000200021c8                SystemCoreClock
                0x00000000200021cc                . = ALIGN (0x4)
                0x00000000200021cc                PROVIDE (__preinit_array_start, .)
 *(.preinit_array)
                0x00000000200021cc                PROVIDE (__preinit_array_end, .)
                0x00000000200021cc                . = ALIGN (0x4)
                0x00000000200021cc                PROVIDE (__init_array_start, .)
 *(SORT_BY_NAME(.init_array.*))
 *(.init_array)
 .init_array    0x00000000200021cc        0x4 /home/rob/nrf52/gcc-arm-none-eabi-7-2017-q4-major/bin/../lib/gcc/arm-none-eabi/7.2.1/thumb/v7e-m/fpv4-sp/hard/crtbegin.o
                0x00000000200021d0                PROVIDE (__init_array_end, .)
                0x00000000200021d0                . = ALIGN (0x4)
                [!provide]                        PROVIDE (__fini_array_start, .)
 *(SORT_BY_NAME(.fini_array.*))
 *(.fini_array)
 .fini_array    0x00000000200021d0        0x4 /home/rob/nrf52/gcc-arm-none-eabi-7-2017-q4-major/bin/../lib/gcc/arm-none-eabi/7.2.1/thumb/v7e-m/fpv4-sp/hard/crtbegin.o
                [!provide]                        PROVIDE (__fini_array_end, .)
 *(.jcr*)
                0x00000000200021d4                . = ALIGN (0x4)
                0x00000000200021d4                __data_end__ = .
LOAD /home/rob/nrf52/gcc-arm-none-eabi-7-2017-q4-major/bin/../lib/gcc/arm-none-eabi/7.2.1/thumb/v7e-m/fpv4-sp/hard/crti.o
LOAD /home/rob/nrf52/gcc-arm-none-eabi-7-2017-q4-major/bin/../lib/gcc/arm-none-eabi/7.2.1/thumb/v7e-m/fpv4-sp/hard/crtbegin.o
LOAD /home/rob/nrf52/gcc-arm-none-eabi-7-2017-q4-major/bin/../lib/gcc/arm-none-eabi/7.2.1/../../../../arm-none-eabi/lib/thumb/v7e-m/fpv4-sp/hard/crt0.o
LOAD /home/rob/nrf52/gcc-arm-none-eabi-7-2017-q4-major/bin/../lib/gcc/arm-none-eabi/7.2.1/../../../../arm-none-eabi/lib/thumb/v7e-m/fpv4-sp/hard/libc_nano.a
LOAD /home/rob/nrf52/gcc-arm-none-eabi-7-2017-q4-major/bin/../lib/gcc/arm-none-eabi/7.2.1/../../../../arm-none-eabi/lib/thumb/v7e-m/fpv4-sp/hard/libnosys.a
LOAD _build/app_button.o
LOAD _build/app_error.o
LOAD _build/app_error_weak.o
LOAD _build/app_timer.o
LOAD _build/app_trace.o
LOAD _build/app_util_platform.o
LOAD _build/fstorage.o
LOAD _build/nrf_assert.o
LOAD _build/nrf_log.o
LOAD _build/retarget.o
LOAD _build/sensorsim.o
LOAD _build/app_uart.o
LOAD _build/nrf_delay.o
LOAD _build/nrf_drv_common.o
LOAD _build/nrf_drv_gpiote.o
LOAD _build/nrf_drv_uart.o
LOAD _build/pstorage.o
LOAD _build/bsp.o
LOAD _build/bsp_btn_ble.o
LOAD _build/main.o
LOAD _build/our_service.o
LOAD _build/SEGGER_RTT.o
LOAD _build/SEGGER_RTT_printf.o
LOAD _build/msgs.o
LOAD _build/ble_advdata.o
LOAD _build/ble_advertising.o
LOAD _build/ble_conn_params.o
LOAD _build/ble_srv_common.o
LOAD _build/device_manager_peripheral.o
LOAD _build/system_nrf52.o
LOAD _build/softdevice_handler.o
LOAD _build/gcc_startup_nrf52.o
LOAD /home/rob/nrf52/gcc-arm-none-eabi-7-2017-q4-major/bin/../lib/gcc/arm-none-eabi/7.2.1/../../../../arm-none-eabi/lib/thumb/v7e-m/fpv4-sp/hard/libm.a
START GROUP
LOAD /home/rob/nrf52/gcc-arm-none-eabi-7-2017-q4-major/bin/../lib/gcc/arm-none-eabi/7.2.1/thumb/v7e-m/fpv4-sp/hard/libgcc.a
LOAD /home/rob/nrf52/gcc-arm-none-eabi-7-2017-q4-major/bin/../lib/gcc/arm-none-eabi/7.2.1/../../../../arm-none-eabi/lib/thumb/v7e-m/fpv4-sp/hard/libc_nano.a
END GROUP
START GROUP
LOAD /home/rob/nrf52/gcc-arm-none-eabi-7-2017-q4-major/bin/../lib/gcc/arm-none-eabi/7.2.1/thumb/v7e-m/fpv4-sp/hard/libgcc.a
LOAD /home/rob/nrf52/gcc-arm-none-eabi-7-2017-q4-major/bin/../lib/gcc/arm-none-eabi/7.2.1/../../../../arm-none-eabi/lib/thumb/v7e-m/fpv4-sp/hard/libc_nano.a
END GROUP
LOAD /home/rob/nrf52/gcc-arm-none-eabi-7-2017-q4-major/bin/../lib/gcc/arm-none-eabi/7.2.1/thumb/v7e-m/fpv4-sp/hard/crtend.o
LOAD /home/rob/nrf52/gcc-arm-none-eabi-7-2017-q4-major/bin/../lib/gcc/arm-none-eabi/7.2.1/thumb/v7e-m/fpv4-sp/hard/crtn.o
START GROUP
LOAD /home/rob/nrf52/gcc-arm-none-eabi-7-2017-q4-major/bin/../lib/gcc/arm-none-eabi/7.2.1/thumb/v7e-m/fpv4-sp/hard/libgcc.a
LOAD /home/rob/nrf52/gcc-arm-none-eabi-7-2017-q4-major/bin/../lib/gcc/arm-none-eabi/7.2.1/../../../../arm-none-eabi/lib/thumb/v7e-m/fpv4-sp/hard/libc.a
LOAD /home/rob/nrf52/gcc-arm-none-eabi-7-2017-q4-major/bin/../lib/gcc/arm-none-eabi/7.2.1/../../../../arm-none-eabi/lib/thumb/v7e-m/fpv4-sp/hard/libnosys.a
END GROUP

.igot.plt       0x00000000200021d4        0x0 load address 0x00000000000242d0
 .igot.plt      0x00000000200021d4        0x0 /home/rob/nrf52/gcc-arm-none-eabi-7-2017-q4-major/bin/../lib/gcc/arm-none-eabi/7.2.1/thumb/v7e-m/fpv4-sp/hard/crtbegin.o

.fs_data        0x00000000200021d4        0x0
                0x00000000200021d4                PROVIDE (__start_fs_data, .)
 *(.fs_data)
                0x00000000200021d4                PROVIDE (__stop_fs_data, .)

.bss            0x00000000200021d4      0xbf8 load address 0x00000000000242d0
                0x00000000200021d4                . = ALIGN (0x4)
                0x00000000200021d4                __bss_start__ = .
 *(.bss*)
 .bss           0x00000000200021d4       0x1c /home/rob/nrf52/gcc-arm-none-eabi-7-2017-q4-major/bin/../lib/gcc/arm-none-eabi/7.2.1/thumb/v7e-m/fpv4-sp/hard/crtbegin.o
 .bss.m_button_count
                0x00000000200021f0        0x1 _build/app_button.o
 *fill*         0x00000000200021f1        0x3 
 .bss.m_detection_delay
                0x00000000200021f4        0x4 _build/app_button.o
 .bss.m_detection_delay_timer_id_data
                0x00000000200021f8       0x20 _build/app_button.o
 .bss.m_pin_state
                0x0000000020002218        0x4 _build/app_button.o
 .bss.m_pin_transition
                0x000000002000221c        0x4 _build/app_button.o
 .bss.mp_buttons
                0x0000000020002220        0x4 _build/app_button.o
 .bss.m_evt_schedule_func
                0x0000000020002224        0x4 _build/app_timer.o
 .bss.m_rtc1_reset
                0x0000000020002228        0x1 _build/app_timer.o
 .bss.m_rtc1_running
                0x0000000020002229        0x1 _build/app_timer.o
 *fill*         0x000000002000222a        0x2 
 .bss.m_ticks_elapsed
                0x000000002000222c        0x8 _build/app_timer.o
 .bss.m_ticks_elapsed_q_read_ind
                0x0000000020002234        0x1 _build/app_timer.o
 .bss.m_ticks_elapsed_q_write_ind
                0x0000000020002235        0x1 _build/app_timer.o
 *fill*         0x0000000020002236        0x2 
 .bss.m_ticks_latest
                0x0000000020002238        0x4 _build/app_timer.o
 .bss.m_user_array_size
                0x000000002000223c        0x1 _build/app_timer.o
 *fill*         0x000000002000223d        0x3 
 .bss.mp_timer_id_head
                0x0000000020002240        0x4 _build/app_timer.o
 .bss.mp_users  0x0000000020002244        0x4 _build/app_timer.o
 .bss.m_queue   0x0000000020002248       0x58 _build/fstorage.o
 .bss.m_cb      0x00000000200022a0       0x58 _build/nrf_drv_gpiote.o
 .bss.m_cb      0x00000000200022f8       0x20 _build/nrf_drv_uart.o
 .bss.m_app_data_size
                0x0000000020002318        0x4 _build/pstorage.o
 .bss.m_app_table
                0x000000002000231c       0x18 _build/pstorage.o
 .bss.m_cmd_queue
                0x0000000020002334       0xcc _build/pstorage.o
 .bss.m_current_page_id
                0x0000000020002400        0x4 _build/pstorage.o
 .bss.m_flags   0x0000000020002404        0x4 _build/pstorage.o
 .bss.m_head_word_size
                0x0000000020002408        0x4 _build/pstorage.o
 .bss.m_next_app_instance
                0x000000002000240c        0x2 _build/pstorage.o
 *fill*         0x000000002000240e        0x2 
 .bss.m_next_page_addr
                0x0000000020002410        0x4 _build/pstorage.o
 .bss.m_num_of_bytes_written
                0x0000000020002414        0x4 _build/pstorage.o
 .bss.m_num_of_command_retries
                0x0000000020002418        0x4 _build/pstorage.o
 .bss.m_state   0x000000002000241c        0x1 _build/pstorage.o
 .bss.m_swap_sub_state
                0x000000002000241d        0x1 _build/pstorage.o
 *fill*         0x000000002000241e        0x2 
 .bss.m_tail_word_size
                0x0000000020002420        0x4 _build/pstorage.o
 .bss.current_long_push_pin_no.8548
                0x0000000020002424        0x1 _build/bsp.o
 *fill*         0x0000000020002425        0x3 
 .bss.m_alert_mask
                0x0000000020002428        0x4 _build/bsp.o
 .bss.m_alert_timer_id_data
                0x000000002000242c       0x20 _build/bsp.o
 .bss.m_app_ticks_per_100ms
                0x000000002000244c        0x4 _build/bsp.o
 .bss.m_button_timer_id_data
                0x0000000020002450       0x20 _build/bsp.o
 .bss.m_events_list
                0x0000000020002470        0xc _build/bsp.o
 .bss.m_indication_type
                0x000000002000247c        0x4 _build/bsp.o
 .bss.m_leds_timer_id_data
                0x0000000020002480       0x20 _build/bsp.o
 .bss.m_registered_callback
                0x00000000200024a0        0x4 _build/bsp.o
 .bss.m_stable_state
                0x00000000200024a4        0x1 _build/bsp.o
 *fill*         0x00000000200024a5        0x3 
 .bss.release_event_at_push.8549
                0x00000000200024a8        0x4 _build/bsp.o
 .bss.m_error_handler
                0x00000000200024ac        0x4 _build/bsp_btn_ble.o
 .bss.m_num_connections
                0x00000000200024b0        0x4 _build/bsp_btn_ble.o
 .bss.APP_TIMER_BUF.11051
                0x00000000200024b4      0x1c8 _build/main.o
 .bss.BLE_EVT_BUFFER.11118
                0x000000002000267c       0x48 _build/main.o
 .bss.m_app_handle
                0x00000000200026c4        0x1 _build/main.o
 *fill*         0x00000000200026c5        0x3 
 .bss._acDownBuffer
                0x00000000200026c8       0x10 _build/SEGGER_RTT.o
 .bss._acUpBuffer
                0x00000000200026d8      0x400 _build/SEGGER_RTT.o
 .bss.m_adv_evt
                0x0000000020002ad8        0x1 _build/ble_advertising.o
 .bss.m_adv_mode_current
                0x0000000020002ad9        0x1 _build/ble_advertising.o
 *fill*         0x0000000020002ada        0x2 
 .bss.m_adv_modes_config
                0x0000000020002adc       0x24 _build/ble_advertising.o
 .bss.m_advdata
                0x0000000020002b00       0x38 _build/ble_advertising.o
 .bss.m_advertising_start_pending
                0x0000000020002b38        0x1 _build/ble_advertising.o
 *fill*         0x0000000020002b39        0x3 
 .bss.m_error_handler
                0x0000000020002b3c        0x4 _build/ble_advertising.o
 .bss.m_evt_handler
                0x0000000020002b40        0x4 _build/ble_advertising.o
 .bss.m_manuf_data_array
                0x0000000020002b44       0x1f _build/ble_advertising.o
 *fill*         0x0000000020002b63        0x1 
 .bss.m_manuf_specific_data
                0x0000000020002b64        0xc _build/ble_advertising.o
 .bss.m_peer_addr_reply_expected
                0x0000000020002b70        0x1 _build/ble_advertising.o
 *fill*         0x0000000020002b71        0x3 
 .bss.m_peer_address
                0x0000000020002b74        0x7 _build/ble_advertising.o
 *fill*         0x0000000020002b7b        0x1 
 .bss.m_service_data
                0x0000000020002b7c        0xc _build/ble_advertising.o
 .bss.m_service_data_array
                0x0000000020002b88       0x1f _build/ble_advertising.o
 *fill*         0x0000000020002ba7        0x1 
 .bss.m_slave_conn_int
                0x0000000020002ba8        0x4 _build/ble_advertising.o
 .bss.m_tx_power_level
                0x0000000020002bac        0x1 _build/ble_advertising.o
 *fill*         0x0000000020002bad        0x3 
 .bss.m_whitelist
                0x0000000020002bb0       0x10 _build/ble_advertising.o
 .bss.m_whitelist_reply_expected
                0x0000000020002bc0        0x1 _build/ble_advertising.o
 .bss.m_whitelist_temporarily_disabled
                0x0000000020002bc1        0x1 _build/ble_advertising.o
 *fill*         0x0000000020002bc2        0x2 
 .bss.mp_whitelist_addr
                0x0000000020002bc4       0x20 _build/ble_advertising.o
 .bss.mp_whitelist_irk
                0x0000000020002be4       0x20 _build/ble_advertising.o
 .bss.m_change_param
                0x0000000020002c04        0x1 _build/ble_conn_params.o
 *fill*         0x0000000020002c05        0x1 
 .bss.m_conn_handle
                0x0000000020002c06        0x2 _build/ble_conn_params.o
 .bss.m_conn_params_config
                0x0000000020002c08       0x1c _build/ble_conn_params.o
 .bss.m_conn_params_timer_id_data
                0x0000000020002c24       0x20 _build/ble_conn_params.o
 .bss.m_current_conn_params
                0x0000000020002c44        0x8 _build/ble_conn_params.o
 .bss.m_preferred_conn_params
                0x0000000020002c4c        0x8 _build/ble_conn_params.o
 .bss.m_update_count
                0x0000000020002c54        0x1 _build/ble_conn_params.o
 *fill*         0x0000000020002c55        0x3 
 .bss.m_app_context_table
                0x0000000020002c58       0x1c _build/device_manager_peripheral.o
 .bss.m_application_table
                0x0000000020002c74        0xc _build/device_manager_peripheral.o
 .bss.m_bond_table
                0x0000000020002c80       0x1c _build/device_manager_peripheral.o
 .bss.m_connection_table
                0x0000000020002c9c        0xc _build/device_manager_peripheral.o
 .bss.m_gatts_table
                0x0000000020002ca8       0x24 _build/device_manager_peripheral.o
 .bss.m_irk_index_table
                0x0000000020002ccc        0x7 _build/device_manager_peripheral.o
 .bss.m_module_initialized
                0x0000000020002cd3        0x1 _build/device_manager_peripheral.o
 .bss.m_peer_addr_update
                0x0000000020002cd4        0x4 _build/device_manager_peripheral.o
 .bss.m_peer_table
                0x0000000020002cd8       0xc4 _build/device_manager_peripheral.o
 .bss.m_storage_handle
                0x0000000020002d9c        0x8 _build/device_manager_peripheral.o
 .bss.m_ble_evt_buffer_size
                0x0000000020002da4        0x2 _build/softdevice_handler.o
 *fill*         0x0000000020002da6        0x2 
 .bss.m_ble_evt_handler
                0x0000000020002da8        0x4 _build/softdevice_handler.o
 .bss.m_evt_schedule_func
                0x0000000020002dac        0x4 _build/softdevice_handler.o
 .bss.m_softdevice_enabled
                0x0000000020002db0        0x1 _build/softdevice_handler.o
 *fill*         0x0000000020002db1        0x3 
 .bss.m_sys_evt_handler
                0x0000000020002db4        0x4 _build/softdevice_handler.o
 .bss.mp_ble_evt_buffer
                0x0000000020002db8        0x4 _build/softdevice_handler.o
 *(COMMON)
 COMMON         0x0000000020002dbc        0x2 _build/main.o
                0x0000000020002dbc                m_our_service
 *fill*         0x0000000020002dbe        0x2 
 COMMON         0x0000000020002dc0        0xc _build/softdevice_handler.o
                0x0000000020002dc0                nrf_nvic_state
                0x0000000020002dcc                . = ALIGN (0x4)
                0x0000000020002dcc                __bss_end__ = .

.heap           0x0000000020002dd0     0x2000
                0x0000000020002dd0                __end__ = .
                0x0000000020002dd0                PROVIDE (end, .)
 *(.heap*)
 .heap          0x0000000020002dd0     0x2000 _build/gcc_startup_nrf52.o
                0x0000000020002dd0                __HeapBase
                0x0000000020004dd0                __HeapLimit = .

.stack_dummy    0x0000000020002dd0     0x2000
 *(.stack*)
 .stack         0x0000000020002dd0     0x2000 _build/gcc_startup_nrf52.o
                0x0000000020010000                __StackTop = (ORIGIN (RAM) + LENGTH (RAM))
                0x000000002000e000                __StackLimit = (__StackTop - SIZEOF (.stack_dummy))
                0x0000000020010000                PROVIDE (__stack, __StackTop)
                0x0000000000000001                ASSERT ((__StackLimit >= __HeapLimit), region RAM overflowed with stack)
OUTPUT(_build/nrf52832_xxaa_s132.out elf32-littlearm)

.ARM.attributes
                0x0000000000000000       0x30
 .ARM.attributes
                0x0000000000000000       0x22 /home/rob/nrf52/gcc-arm-none-eabi-7-2017-q4-major/bin/../lib/gcc/arm-none-eabi/7.2.1/thumb/v7e-m/fpv4-sp/hard/crti.o
 .ARM.attributes
                0x0000000000000022       0x34 /home/rob/nrf52/gcc-arm-none-eabi-7-2017-q4-major/bin/../lib/gcc/arm-none-eabi/7.2.1/thumb/v7e-m/fpv4-sp/hard/crtbegin.o
 .ARM.attributes
                0x0000000000000056       0x20 /home/rob/nrf52/gcc-arm-none-eabi-7-2017-q4-major/bin/../lib/gcc/arm-none-eabi/7.2.1/../../../../arm-none-eabi/lib/thumb/v7e-m/fpv4-sp/hard/crt0.o
 .ARM.attributes
                0x0000000000000076       0x34 /home/rob/nrf52/gcc-arm-none-eabi-7-2017-q4-major/bin/../lib/gcc/arm-none-eabi/7.2.1/../../../../arm-none-eabi/lib/thumb/v7e-m/fpv4-sp/hard/libc_nano.a(lib_a-exit.o)
 .ARM.attributes
                0x00000000000000aa       0x34 /home/rob/nrf52/gcc-arm-none-eabi-7-2017-q4-major/bin/../lib/gcc/arm-none-eabi/7.2.1/../../../../arm-none-eabi/lib/thumb/v7e-m/fpv4-sp/hard/libc_nano.a(lib_a-impure.o)
 .ARM.attributes
                0x00000000000000de       0x34 /home/rob/nrf52/gcc-arm-none-eabi-7-2017-q4-major/bin/../lib/gcc/arm-none-eabi/7.2.1/../../../../arm-none-eabi/lib/thumb/v7e-m/fpv4-sp/hard/libc_nano.a(lib_a-init.o)
 .ARM.attributes
                0x0000000000000112       0x34 /home/rob/nrf52/gcc-arm-none-eabi-7-2017-q4-major/bin/../lib/gcc/arm-none-eabi/7.2.1/../../../../arm-none-eabi/lib/thumb/v7e-m/fpv4-sp/hard/libc_nano.a(lib_a-memset.o)
 .ARM.attributes
                0x0000000000000146       0x34 /home/rob/nrf52/gcc-arm-none-eabi-7-2017-q4-major/bin/../lib/gcc/arm-none-eabi/7.2.1/../../../../arm-none-eabi/lib/thumb/v7e-m/fpv4-sp/hard/libnosys.a(_exit.o)
 .ARM.attributes
                0x000000000000017a       0x39 _build/app_button.o
 .ARM.attributes
                0x00000000000001b3       0x39 _build/app_error.o
 .ARM.attributes
                0x00000000000001ec       0x39 _build/app_error_weak.o
 .ARM.attributes
                0x0000000000000225       0x39 _build/app_timer.o
 .ARM.attributes
                0x000000000000025e       0x39 _build/fstorage.o
 .ARM.attributes
                0x0000000000000297       0x39 _build/nrf_drv_common.o
 .ARM.attributes
                0x00000000000002d0       0x39 _build/nrf_drv_gpiote.o
 .ARM.attributes
                0x0000000000000309       0x39 _build/nrf_drv_uart.o
 .ARM.attributes
                0x0000000000000342       0x39 _build/pstorage.o
 .ARM.attributes
                0x000000000000037b       0x39 _build/bsp.o
 .ARM.attributes
                0x00000000000003b4       0x39 _build/bsp_btn_ble.o
 .ARM.attributes
                0x00000000000003ed       0x39 _build/main.o
 .ARM.attributes
                0x0000000000000426       0x39 _build/our_service.o
 .ARM.attributes
                0x000000000000045f       0x39 _build/SEGGER_RTT.o
 .ARM.attributes
                0x0000000000000498       0x39 _build/SEGGER_RTT_printf.o
 .ARM.attributes
                0x00000000000004d1       0x39 _build/msgs.o
 .ARM.attributes
                0x000000000000050a       0x39 _build/ble_advdata.o
 .ARM.attributes
                0x0000000000000543       0x39 _build/ble_advertising.o
 .ARM.attributes
                0x000000000000057c       0x39 _build/ble_conn_params.o
 .ARM.attributes
                0x00000000000005b5       0x39 _build/device_manager_peripheral.o
 .ARM.attributes
                0x00000000000005ee       0x39 _build/system_nrf52.o
 .ARM.attributes
                0x0000000000000627       0x39 _build/softdevice_handler.o
 .ARM.attributes
                0x0000000000000660       0x1c _build/gcc_startup_nrf52.o
 .ARM.attributes
                0x000000000000067c       0x22 /home/rob/nrf52/gcc-arm-none-eabi-7-2017-q4-major/bin/../lib/gcc/arm-none-eabi/7.2.1/thumb/v7e-m/fpv4-sp/hard/libgcc.a(_arm_addsubdf3.o)
 .ARM.attributes
                0x000000000000069e       0x22 /home/rob/nrf52/gcc-arm-none-eabi-7-2017-q4-major/bin/../lib/gcc/arm-none-eabi/7.2.1/thumb/v7e-m/fpv4-sp/hard/libgcc.a(_arm_muldivdf3.o)
 .ARM.attributes
                0x00000000000006c0       0x22 /home/rob/nrf52/gcc-arm-none-eabi-7-2017-q4-major/bin/../lib/gcc/arm-none-eabi/7.2.1/thumb/v7e-m/fpv4-sp/hard/libgcc.a(_arm_fixunsdfsi.o)
 .ARM.attributes
                0x00000000000006e2       0x34 /home/rob/nrf52/gcc-arm-none-eabi-7-2017-q4-major/bin/../lib/gcc/arm-none-eabi/7.2.1/../../../../arm-none-eabi/lib/thumb/v7e-m/fpv4-sp/hard/libc_nano.a(lib_a-memcmp.o)
 .ARM.attributes
                0x0000000000000716       0x34 /home/rob/nrf52/gcc-arm-none-eabi-7-2017-q4-major/bin/../lib/gcc/arm-none-eabi/7.2.1/../../../../arm-none-eabi/lib/thumb/v7e-m/fpv4-sp/hard/libc_nano.a(lib_a-memcpy-stub.o)
 .ARM.attributes
                0x000000000000074a       0x1b /home/rob/nrf52/gcc-arm-none-eabi-7-2017-q4-major/bin/../lib/gcc/arm-none-eabi/7.2.1/../../../../arm-none-eabi/lib/thumb/v7e-m/fpv4-sp/hard/libc_nano.a(lib_a-strlen.o)
 .ARM.attributes
                0x0000000000000765       0x34 /home/rob/nrf52/gcc-arm-none-eabi-7-2017-q4-major/bin/../lib/gcc/arm-none-eabi/7.2.1/../../../../arm-none-eabi/lib/thumb/v7e-m/fpv4-sp/hard/libc_nano.a(lib_a-findfp.o)
 .ARM.attributes
                0x0000000000000799       0x34 /home/rob/nrf52/gcc-arm-none-eabi-7-2017-q4-major/bin/../lib/gcc/arm-none-eabi/7.2.1/thumb/v7e-m/fpv4-sp/hard/crtend.o
 .ARM.attributes
                0x00000000000007cd       0x22 /home/rob/nrf52/gcc-arm-none-eabi-7-2017-q4-major/bin/../lib/gcc/arm-none-eabi/7.2.1/thumb/v7e-m/fpv4-sp/hard/crtn.o

.comment        0x0000000000000000       0x7e
 .comment       0x0000000000000000       0x7e _build/app_button.o
                                         0x7f (size before relaxing)
 .comment       0x000000000000007e       0x7f _build/app_error.o
 .comment       0x000000000000007e       0x7f _build/app_error_weak.o
 .comment       0x000000000000007e       0x7f _build/app_timer.o
 .comment       0x000000000000007e       0x7f _build/fstorage.o
 .comment       0x000000000000007e       0x7f _build/nrf_drv_common.o
 .comment       0x000000000000007e       0x7f _build/nrf_drv_gpiote.o
 .comment       0x000000000000007e       0x7f _build/nrf_drv_uart.o
 .comment       0x000000000000007e       0x7f _build/pstorage.o
 .comment       0x000000000000007e       0x7f _build/bsp.o
 .comment       0x000000000000007e       0x7f _build/bsp_btn_ble.o
 .comment       0x000000000000007e       0x7f _build/main.o
 .comment       0x000000000000007e       0x7f _build/our_service.o
 .comment       0x000000000000007e       0x7f _build/SEGGER_RTT.o
 .comment       0x000000000000007e       0x7f _build/SEGGER_RTT_printf.o
 .comment       0x000000000000007e       0x7f _build/msgs.o
 .comment       0x000000000000007e       0x7f _build/ble_advdata.o
 .comment       0x000000000000007e       0x7f _build/ble_advertising.o
 .comment       0x000000000000007e       0x7f _build/ble_conn_params.o
 .comment       0x000000000000007e       0x7f _build/device_manager_peripheral.o
 .comment       0x000000000000007e       0x7f _build/system_nrf52.o
 .comment       0x000000000000007e       0x7f _build/softdevice_handler.o

.debug_frame    0x0000000000000000     0x21ac
 .debug_frame   0x0000000000000000       0x28 /home/rob/nrf52/gcc-arm-none-eabi-7-2017-q4-major/bin/../lib/gcc/arm-none-eabi/7.2.1/../../../../arm-none-eabi/lib/thumb/v7e-m/fpv4-sp/hard/libc_nano.a(lib_a-exit.o)
 .debug_frame   0x0000000000000028       0x2c /home/rob/nrf52/gcc-arm-none-eabi-7-2017-q4-major/bin/../lib/gcc/arm-none-eabi/7.2.1/../../../../arm-none-eabi/lib/thumb/v7e-m/fpv4-sp/hard/libc_nano.a(lib_a-init.o)
 .debug_frame   0x0000000000000054       0x20 /home/rob/nrf52/gcc-arm-none-eabi-7-2017-q4-major/bin/../lib/gcc/arm-none-eabi/7.2.1/../../../../arm-none-eabi/lib/thumb/v7e-m/fpv4-sp/hard/libc_nano.a(lib_a-memset.o)
 .debug_frame   0x0000000000000074       0x20 /home/rob/nrf52/gcc-arm-none-eabi-7-2017-q4-major/bin/../lib/gcc/arm-none-eabi/7.2.1/../../../../arm-none-eabi/lib/thumb/v7e-m/fpv4-sp/hard/libnosys.a(_exit.o)
 .debug_frame   0x0000000000000094      0x100 _build/app_button.o
 .debug_frame   0x0000000000000194       0x70 _build/app_error.o
 .debug_frame   0x0000000000000204       0x20 _build/app_error_weak.o
 .debug_frame   0x0000000000000224      0x174 _build/app_timer.o
 .debug_frame   0x0000000000000398      0x11c _build/fstorage.o
 .debug_frame   0x00000000000004b4       0x2c _build/nrf_drv_common.o
 .debug_frame   0x00000000000004e0      0x248 _build/nrf_drv_gpiote.o
 .debug_frame   0x0000000000000728      0x188 _build/nrf_drv_uart.o
 .debug_frame   0x00000000000008b0      0x4d8 _build/pstorage.o
 .debug_frame   0x0000000000000d88      0x21c _build/bsp.o
 .debug_frame   0x0000000000000fa4       0x70 _build/bsp_btn_ble.o
 .debug_frame   0x0000000000001014      0x154 _build/main.o
 .debug_frame   0x0000000000001168       0x54 _build/our_service.o
 .debug_frame   0x00000000000011bc      0x1a0 _build/SEGGER_RTT.o
 .debug_frame   0x000000000000135c       0xa4 _build/SEGGER_RTT_printf.o
 .debug_frame   0x0000000000001400       0x4c _build/msgs.o
 .debug_frame   0x000000000000144c      0x104 _build/ble_advdata.o
 .debug_frame   0x0000000000001550      0x188 _build/ble_advertising.o
 .debug_frame   0x00000000000016d8      0x13c _build/ble_conn_params.o
 .debug_frame   0x0000000000001814      0x528 _build/device_manager_peripheral.o
 .debug_frame   0x0000000000001d3c       0x40 _build/system_nrf52.o
 .debug_frame   0x0000000000001d7c      0x1a0 _build/softdevice_handler.o
 .debug_frame   0x0000000000001f1c       0xac /home/rob/nrf52/gcc-arm-none-eabi-7-2017-q4-major/bin/../lib/gcc/arm-none-eabi/7.2.1/thumb/v7e-m/fpv4-sp/hard/libgcc.a(_arm_addsubdf3.o)
 .debug_frame   0x0000000000001fc8       0x50 /home/rob/nrf52/gcc-arm-none-eabi-7-2017-q4-major/bin/../lib/gcc/arm-none-eabi/7.2.1/thumb/v7e-m/fpv4-sp/hard/libgcc.a(_arm_muldivdf3.o)
 .debug_frame   0x0000000000002018       0x24 /home/rob/nrf52/gcc-arm-none-eabi-7-2017-q4-major/bin/../lib/gcc/arm-none-eabi/7.2.1/thumb/v7e-m/fpv4-sp/hard/libgcc.a(_arm_fixunsdfsi.o)
 .debug_frame   0x000000000000203c       0x2c /home/rob/nrf52/gcc-arm-none-eabi-7-2017-q4-major/bin/../lib/gcc/arm-none-eabi/7.2.1/../../../../arm-none-eabi/lib/thumb/v7e-m/fpv4-sp/hard/libc_nano.a(lib_a-memcmp.o)
 .debug_frame   0x0000000000002068       0x28 /home/rob/nrf52/gcc-arm-none-eabi-7-2017-q4-major/bin/../lib/gcc/arm-none-eabi/7.2.1/../../../../arm-none-eabi/lib/thumb/v7e-m/fpv4-sp/hard/libc_nano.a(lib_a-memcpy-stub.o)
 .debug_frame   0x0000000000002090      0x11c /home/rob/nrf52/gcc-arm-none-eabi-7-2017-q4-major/bin/../lib/gcc/arm-none-eabi/7.2.1/../../../../arm-none-eabi/lib/thumb/v7e-m/fpv4-sp/hard/libc_nano.a(lib_a-findfp.o)

.debug_info     0x0000000000000000    0x2cfeb
 .debug_info    0x0000000000000000      0xe39 _build/app_button.o
 .debug_info    0x0000000000000e39      0xb6e _build/app_error.o
 .debug_info    0x00000000000019a7      0xb49 _build/app_error_weak.o
 .debug_info    0x00000000000024f0     0x259f _build/app_timer.o
 .debug_info    0x0000000000004a8f     0x1a66 _build/fstorage.o
 .debug_info    0x00000000000064f5      0xe33 _build/nrf_drv_common.o
 .debug_info    0x0000000000007328     0x2932 _build/nrf_drv_gpiote.o
 .debug_info    0x0000000000009c5a     0x41fa _build/nrf_drv_uart.o
 .debug_info    0x000000000000de54     0x3a69 _build/pstorage.o
 .debug_info    0x00000000000118bd     0x1884 _build/bsp.o
 .debug_info    0x0000000000013141     0x1f43 _build/bsp_btn_ble.o
 .debug_info    0x0000000000015084     0x3af4 _build/main.o
 .debug_info    0x0000000000018b78      0xc58 _build/our_service.o
 .debug_info    0x00000000000197d0     0x10f3 _build/SEGGER_RTT.o
 .debug_info    0x000000000001a8c3     0x106a _build/SEGGER_RTT_printf.o
 .debug_info    0x000000000001b92d     0x1e89 _build/msgs.o
 .debug_info    0x000000000001d7b6     0x21f4 _build/ble_advdata.o
 .debug_info    0x000000000001f9aa     0x2bb0 _build/ble_advertising.o
 .debug_info    0x000000000002255a     0x24e3 _build/ble_conn_params.o
 .debug_info    0x0000000000024a3d     0x4de6 _build/device_manager_peripheral.o
 .debug_info    0x0000000000029823      0xdb3 _build/system_nrf52.o
 .debug_info    0x000000000002a5d6     0x2a15 _build/softdevice_handler.o

.debug_abbrev   0x0000000000000000     0x5579
 .debug_abbrev  0x0000000000000000      0x2b5 _build/app_button.o
 .debug_abbrev  0x00000000000002b5      0x235 _build/app_error.o
 .debug_abbrev  0x00000000000004ea      0x21c _build/app_error_weak.o
 .debug_abbrev  0x0000000000000706      0x4b6 _build/app_timer.o
 .debug_abbrev  0x0000000000000bbc      0x467 _build/fstorage.o
 .debug_abbrev  0x0000000000001023      0x287 _build/nrf_drv_common.o
 .debug_abbrev  0x00000000000012aa      0x566 _build/nrf_drv_gpiote.o
 .debug_abbrev  0x0000000000001810      0x4d7 _build/nrf_drv_uart.o
 .debug_abbrev  0x0000000000001ce7      0x503 _build/pstorage.o
 .debug_abbrev  0x00000000000021ea      0x47a _build/bsp.o
 .debug_abbrev  0x0000000000002664      0x368 _build/bsp_btn_ble.o
 .debug_abbrev  0x00000000000029cc      0x515 _build/main.o
 .debug_abbrev  0x0000000000002ee1      0x288 _build/our_service.o
 .debug_abbrev  0x0000000000003169      0x388 _build/SEGGER_RTT.o
 .debug_abbrev  0x00000000000034f1      0x378 _build/SEGGER_RTT_printf.o
 .debug_abbrev  0x0000000000003869      0x311 _build/msgs.o
 .debug_abbrev  0x0000000000003b7a      0x3ba _build/ble_advdata.o
 .debug_abbrev  0x0000000000003f34      0x535 _build/ble_advertising.o
 .debug_abbrev  0x0000000000004469      0x4fb _build/ble_conn_params.o
 .debug_abbrev  0x0000000000004964      0x4c9 _build/device_manager_peripheral.o
 .debug_abbrev  0x0000000000004e2d      0x1e2 _build/system_nrf52.o
 .debug_abbrev  0x000000000000500f      0x56a _build/softdevice_handler.o

.debug_loc      0x0000000000000000    0x11f69
 .debug_loc     0x0000000000000000      0x3ed _build/app_button.o
 .debug_loc     0x00000000000003ed      0x145 _build/app_error.o
 .debug_loc     0x0000000000000532       0x42 _build/app_error_weak.o
 .debug_loc     0x0000000000000574     0x1073 _build/app_timer.o
 .debug_loc     0x00000000000015e7      0xa4b _build/fstorage.o
 .debug_loc     0x0000000000002032       0xc3 _build/nrf_drv_common.o
 .debug_loc     0x00000000000020f5     0x1fe1 _build/nrf_drv_gpiote.o
 .debug_loc     0x00000000000040d6     0x1eb5 _build/nrf_drv_uart.o
 .debug_loc     0x0000000000005f8b     0x33a4 _build/pstorage.o
 .debug_loc     0x000000000000932f     0x19c9 _build/bsp.o
 .debug_loc     0x000000000000acf8      0x212 _build/bsp_btn_ble.o
 .debug_loc     0x000000000000af0a      0x6fa _build/main.o
 .debug_loc     0x000000000000b604       0xd0 _build/our_service.o
 .debug_loc     0x000000000000b6d4      0xa08 _build/SEGGER_RTT.o
 .debug_loc     0x000000000000c0dc      0xc74 _build/SEGGER_RTT_printf.o
 .debug_loc     0x000000000000cd50      0x19d _build/msgs.o
 .debug_loc     0x000000000000ceed     0x1a98 _build/ble_advdata.o
 .debug_loc     0x000000000000e985      0x6f5 _build/ble_advertising.o
 .debug_loc     0x000000000000f07a      0x3dc _build/ble_conn_params.o
 .debug_loc     0x000000000000f456     0x2685 _build/device_manager_peripheral.o
 .debug_loc     0x0000000000011adb      0x48e _build/softdevice_handler.o

.debug_aranges  0x0000000000000000      0x8e0
 .debug_aranges
                0x0000000000000000       0x48 _build/app_button.o
 .debug_aranges
                0x0000000000000048       0x30 _build/app_error.o
 .debug_aranges
                0x0000000000000078       0x20 _build/app_error_weak.o
 .debug_aranges
                0x0000000000000098       0x68 _build/app_timer.o
 .debug_aranges
                0x0000000000000100       0x58 _build/fstorage.o
 .debug_aranges
                0x0000000000000158       0x20 _build/nrf_drv_common.o
 .debug_aranges
                0x0000000000000178       0xb8 _build/nrf_drv_gpiote.o
 .debug_aranges
                0x0000000000000230       0x70 _build/nrf_drv_uart.o
 .debug_aranges
                0x00000000000002a0       0xd8 _build/pstorage.o
 .debug_aranges
                0x0000000000000378       0x80 _build/bsp.o
 .debug_aranges
                0x00000000000003f8       0x30 _build/bsp_btn_ble.o
 .debug_aranges
                0x0000000000000428       0x88 _build/main.o
 .debug_aranges
                0x00000000000004b0       0x30 _build/our_service.o
 .debug_aranges
                0x00000000000004e0       0x70 _build/SEGGER_RTT.o
 .debug_aranges
                0x0000000000000550       0x30 _build/SEGGER_RTT_printf.o
 .debug_aranges
                0x0000000000000580       0x28 _build/msgs.o
 .debug_aranges
                0x00000000000005a8       0x58 _build/ble_advdata.o
 .debug_aranges
                0x0000000000000600       0x68 _build/ble_advertising.o
 .debug_aranges
                0x0000000000000668       0x68 _build/ble_conn_params.o
 .debug_aranges
                0x00000000000006d0      0x148 _build/device_manager_peripheral.o
 .debug_aranges
                0x0000000000000818       0x28 _build/system_nrf52.o
 .debug_aranges
                0x0000000000000840       0xa0 _build/softdevice_handler.o

.debug_ranges   0x0000000000000000     0x48a0
 .debug_ranges  0x0000000000000000       0x98 _build/app_button.o
 .debug_ranges  0x0000000000000098       0x20 _build/app_error.o
 .debug_ranges  0x00000000000000b8       0x10 _build/app_error_weak.o
 .debug_ranges  0x00000000000000c8      0x658 _build/app_timer.o
 .debug_ranges  0x0000000000000720      0x250 _build/fstorage.o
 .debug_ranges  0x0000000000000970       0x30 _build/nrf_drv_common.o
 .debug_ranges  0x00000000000009a0      0x8c0 _build/nrf_drv_gpiote.o
 .debug_ranges  0x0000000000001260      0xb48 _build/nrf_drv_uart.o
 .debug_ranges  0x0000000000001da8     0x10e0 _build/pstorage.o
 .debug_ranges  0x0000000000002e88      0x340 _build/bsp.o
 .debug_ranges  0x00000000000031c8       0xa0 _build/bsp_btn_ble.o
 .debug_ranges  0x0000000000003268      0x248 _build/main.o
 .debug_ranges  0x00000000000034b0       0x38 _build/our_service.o
 .debug_ranges  0x00000000000034e8      0x1a8 _build/SEGGER_RTT.o
 .debug_ranges  0x0000000000003690      0x1b8 _build/SEGGER_RTT_printf.o
 .debug_ranges  0x0000000000003848       0x48 _build/msgs.o
 .debug_ranges  0x0000000000003890      0x380 _build/ble_advdata.o
 .debug_ranges  0x0000000000003c10      0x280 _build/ble_advertising.o
 .debug_ranges  0x0000000000003e90      0x140 _build/ble_conn_params.o
 .debug_ranges  0x0000000000003fd0      0x658 _build/device_manager_peripheral.o
 .debug_ranges  0x0000000000004628       0xf0 _build/system_nrf52.o
 .debug_ranges  0x0000000000004718      0x188 _build/softdevice_handler.o

.debug_macro    0x0000000000000000    0x1b285
 .debug_macro   0x0000000000000000      0x361 _build/app_button.o
 .debug_macro   0x0000000000000361      0xacc _build/app_button.o
 .debug_macro   0x0000000000000e2d       0x22 _build/app_button.o
 .debug_macro   0x0000000000000e4f       0x87 _build/app_button.o
 .debug_macro   0x0000000000000ed6       0x51 _build/app_button.o
 .debug_macro   0x0000000000000f27       0xef _build/app_button.o
 .debug_macro   0x0000000000001016       0x6a _build/app_button.o
 .debug_macro   0x0000000000001080      0x1df _build/app_button.o
 .debug_macro   0x000000000000125f       0x22 _build/app_button.o
 .debug_macro   0x0000000000001281       0x1c _build/app_button.o
 .debug_macro   0x000000000000129d       0x2d _build/app_button.o
 .debug_macro   0x00000000000012ca       0x3b _build/app_button.o
 .debug_macro   0x0000000000001305       0x50 _build/app_button.o
 .debug_macro   0x0000000000001355      0xe66 _build/app_button.o
 .debug_macro   0x00000000000021bb      0x3a0 _build/app_button.o
 .debug_macro   0x000000000000255b    0x10245 _build/app_button.o
 .debug_macro   0x00000000000127a0     0x12c7 _build/app_button.o
 .debug_macro   0x0000000000013a67       0x7c _build/app_button.o
 .debug_macro   0x0000000000013ae3       0x1c _build/app_button.o
 .debug_macro   0x0000000000013aff       0x58 _build/app_button.o
 .debug_macro   0x0000000000013b57       0x17 _build/app_button.o
 .debug_macro   0x0000000000013b6e       0x35 _build/app_button.o
 .debug_macro   0x0000000000013ba3       0x9c _build/app_button.o
 .debug_macro   0x0000000000013c3f       0x16 _build/app_button.o
 .debug_macro   0x0000000000013c55       0x97 _build/app_button.o
 .debug_macro   0x0000000000013cec      0x353 _build/app_button.o
 .debug_macro   0x000000000001403f       0xf6 _build/app_button.o
 .debug_macro   0x0000000000014135       0x10 _build/app_button.o
 .debug_macro   0x0000000000014145       0x58 _build/app_button.o
 .debug_macro   0x000000000001419d       0x1f _build/app_button.o
 .debug_macro   0x00000000000141bc       0x43 _build/app_button.o
 .debug_macro   0x00000000000141ff       0x20 _build/app_button.o
 .debug_macro   0x000000000001421f      0x18e _build/app_button.o
 .debug_macro   0x00000000000143ad       0x10 _build/app_button.o
 .debug_macro   0x00000000000143bd       0x1c _build/app_button.o
 .debug_macro   0x00000000000143d9       0x52 _build/app_button.o
 .debug_macro   0x000000000001442b       0x40 _build/app_button.o
 .debug_macro   0x000000000001446b       0x10 _build/app_button.o
 .debug_macro   0x000000000001447b       0x40 _build/app_button.o
 .debug_macro   0x00000000000144bb       0xd7 _build/app_button.o
 .debug_macro   0x0000000000014592       0x1c _build/app_button.o
 .debug_macro   0x00000000000145ae       0x3d _build/app_button.o
 .debug_macro   0x00000000000145eb       0x16 _build/app_button.o
 .debug_macro   0x0000000000014601      0x16f _build/app_button.o
 .debug_macro   0x0000000000014770       0x9a _build/app_button.o
 .debug_macro   0x000000000001480a       0x70 _build/app_button.o
 .debug_macro   0x000000000001487a      0x11e _build/app_button.o
 .debug_macro   0x0000000000014998       0x4c _build/app_button.o
 .debug_macro   0x00000000000149e4       0x67 _build/app_button.o
 .debug_macro   0x0000000000014a4b       0xfb _build/app_button.o
 .debug_macro   0x0000000000014b46       0x2b _build/app_button.o
 .debug_macro   0x0000000000014b71       0x10 _build/app_button.o
 .debug_macro   0x0000000000014b81       0x1c _build/app_button.o
 .debug_macro   0x0000000000014b9d       0x47 _build/app_button.o
 .debug_macro   0x0000000000014be4       0x11 _build/app_button.o
 .debug_macro   0x0000000000014bf5      0x198 _build/app_button.o
 .debug_macro   0x0000000000014d8d       0x2e _build/app_button.o
 .debug_macro   0x0000000000014dbb       0x16 _build/app_button.o
 .debug_macro   0x0000000000014dd1       0x35 _build/app_button.o
 .debug_macro   0x0000000000014e06       0x22 _build/app_button.o
 .debug_macro   0x0000000000014e28       0x37 _build/app_button.o
 .debug_macro   0x0000000000014e5f      0x2b1 _build/app_error.o
 .debug_macro   0x0000000000015110       0x35 _build/app_error.o
 .debug_macro   0x0000000000015145      0x2ab _build/app_error_weak.o
 .debug_macro   0x00000000000153f0      0x3e9 _build/app_timer.o
 .debug_macro   0x00000000000157d9       0x41 _build/app_timer.o
 .debug_macro   0x000000000001581a       0x16 _build/app_timer.o
 .debug_macro   0x0000000000015830       0x16 _build/app_timer.o
 .debug_macro   0x0000000000015846       0x29 _build/app_timer.o
 .debug_macro   0x000000000001586f       0x16 _build/app_timer.o
 .debug_macro   0x0000000000015885       0x40 _build/app_timer.o
 .debug_macro   0x00000000000158c5       0x64 _build/app_timer.o
 .debug_macro   0x0000000000015929       0x2e _build/app_timer.o
 .debug_macro   0x0000000000015957       0x60 _build/app_timer.o
 .debug_macro   0x00000000000159b7       0x16 _build/app_timer.o
 .debug_macro   0x00000000000159cd      0x212 _build/fstorage.o
 .debug_macro   0x0000000000015bdf       0x52 _build/fstorage.o
 .debug_macro   0x0000000000015c31       0x1c _build/fstorage.o
 .debug_macro   0x0000000000015c4d       0x47 _build/fstorage.o
 .debug_macro   0x0000000000015c94      0x16d _build/fstorage.o
 .debug_macro   0x0000000000015e01       0x10 _build/fstorage.o
 .debug_macro   0x0000000000015e11      0x32e _build/nrf_drv_common.o
 .debug_macro   0x000000000001613f      0x37e _build/nrf_drv_gpiote.o
 .debug_macro   0x00000000000164bd       0x10 _build/nrf_drv_gpiote.o
 .debug_macro   0x00000000000164cd      0x391 _build/nrf_drv_uart.o
 .debug_macro   0x000000000001685e      0x3c7 _build/pstorage.o
 .debug_macro   0x0000000000016c25       0x46 _build/pstorage.o
 .debug_macro   0x0000000000016c6b       0x1c _build/pstorage.o
 .debug_macro   0x0000000000016c87      0x10e _build/pstorage.o
 .debug_macro   0x0000000000016d95       0x86 _build/pstorage.o
 .debug_macro   0x0000000000016e1b      0x362 _build/bsp.o
 .debug_macro   0x000000000001717d      0x3bd _build/bsp_btn_ble.o
 .debug_macro   0x000000000001753a       0xd6 _build/bsp_btn_ble.o
 .debug_macro   0x0000000000017610      0x1fb _build/bsp_btn_ble.o
 .debug_macro   0x000000000001780b      0x3f4 _build/bsp_btn_ble.o
 .debug_macro   0x0000000000017bff       0x3a _build/bsp_btn_ble.o
 .debug_macro   0x0000000000017c39       0x22 _build/bsp_btn_ble.o
 .debug_macro   0x0000000000017c5b      0x201 _build/bsp_btn_ble.o
 .debug_macro   0x0000000000017e5c       0x1c _build/bsp_btn_ble.o
 .debug_macro   0x0000000000017e78       0xdb _build/bsp_btn_ble.o
 .debug_macro   0x0000000000017f53       0x24 _build/bsp_btn_ble.o
 .debug_macro   0x0000000000017f77      0x594 _build/main.o
 .debug_macro   0x000000000001850b       0xa6 _build/main.o
 .debug_macro   0x00000000000185b1      0x2ca _build/main.o
 .debug_macro   0x000000000001887b       0xbe _build/main.o
 .debug_macro   0x0000000000018939       0x40 _build/main.o
 .debug_macro   0x0000000000018979       0x46 _build/main.o
 .debug_macro   0x00000000000189bf       0x1c _build/main.o
 .debug_macro   0x00000000000189db       0x8e _build/main.o
 .debug_macro   0x0000000000018a69       0x16 _build/main.o
 .debug_macro   0x0000000000018a7f       0x10 _build/main.o
 .debug_macro   0x0000000000018a8f      0x401 _build/main.o
 .debug_macro   0x0000000000018e90       0x22 _build/main.o
 .debug_macro   0x0000000000018eb2       0x28 _build/main.o
 .debug_macro   0x0000000000018eda       0x98 _build/main.o
 .debug_macro   0x0000000000018f72       0x4c _build/main.o
 .debug_macro   0x0000000000018fbe       0x1c _build/main.o
 .debug_macro   0x0000000000018fda       0x22 _build/main.o
 .debug_macro   0x0000000000018ffc       0x16 _build/main.o
 .debug_macro   0x0000000000019012       0xe8 _build/main.o
 .debug_macro   0x00000000000190fa      0x37f _build/our_service.o
 .debug_macro   0x0000000000019479       0x10 _build/our_service.o
 .debug_macro   0x0000000000019489      0x117 _build/SEGGER_RTT.o
 .debug_macro   0x00000000000195a0       0x34 _build/SEGGER_RTT.o
 .debug_macro   0x00000000000195d4      0x129 _build/SEGGER_RTT_printf.o
 .debug_macro   0x00000000000196fd      0x26f _build/msgs.o
 .debug_macro   0x000000000001996c       0xb8 _build/msgs.o
 .debug_macro   0x0000000000019a24      0x2a8 _build/ble_advdata.o
 .debug_macro   0x0000000000019ccc      0x2f6 _build/ble_advertising.o
 .debug_macro   0x0000000000019fc2      0x390 _build/ble_conn_params.o
 .debug_macro   0x000000000001a352      0x557 _build/device_manager_peripheral.o
 .debug_macro   0x000000000001a8a9       0x16 _build/device_manager_peripheral.o
 .debug_macro   0x000000000001a8bf       0xf5 _build/system_nrf52.o
 .debug_macro   0x000000000001a9b4      0x477 _build/softdevice_handler.o
 .debug_macro   0x000000000001ae2b       0x10 _build/softdevice_handler.o
 .debug_macro   0x000000000001ae3b      0x3fa _build/softdevice_handler.o
 .debug_macro   0x000000000001b235       0x40 _build/softdevice_handler.o
 .debug_macro   0x000000000001b275       0x10 _build/softdevice_handler.o

.debug_line     0x0000000000000000     0xe533
 .debug_line    0x0000000000000000      0x93a _build/app_button.o
 .debug_line    0x000000000000093a      0x5f7 _build/app_error.o
 .debug_line    0x0000000000000f31      0x5be _build/app_error_weak.o
 .debug_line    0x00000000000014ef      0xc5c _build/app_timer.o
 .debug_line    0x000000000000214b      0x8df _build/fstorage.o
 .debug_line    0x0000000000002a2a      0x781 _build/nrf_drv_common.o
 .debug_line    0x00000000000031ab     0x1032 _build/nrf_drv_gpiote.o
 .debug_line    0x00000000000041dd     0x1129 _build/nrf_drv_uart.o
 .debug_line    0x0000000000005306     0x13bf _build/pstorage.o
 .debug_line    0x00000000000066c5      0xbb5 _build/bsp.o
 .debug_line    0x000000000000727a      0x7d7 _build/bsp_btn_ble.o
 .debug_line    0x0000000000007a51      0xede _build/main.o
 .debug_line    0x000000000000892f      0x7d5 _build/our_service.o
 .debug_line    0x0000000000009104      0x58c _build/SEGGER_RTT.o
 .debug_line    0x0000000000009690      0x54b _build/SEGGER_RTT_printf.o
 .debug_line    0x0000000000009bdb      0x6b2 _build/msgs.o
 .debug_line    0x000000000000a28d      0xaa0 _build/ble_advdata.o
 .debug_line    0x000000000000ad2d      0xb5e _build/ble_advertising.o
 .debug_line    0x000000000000b88b      0x8d9 _build/ble_conn_params.o
 .debug_line    0x000000000000c164     0x1463 _build/device_manager_peripheral.o
 .debug_line    0x000000000000d5c7      0x496 _build/system_nrf52.o
 .debug_line    0x000000000000da5d      0xad6 _build/softdevice_handler.o

.debug_str      0x0000000000000000    0x8a188
 .debug_str     0x0000000000000000    0x73454 _build/app_button.o
                                      0x74078 (size before relaxing)
 .debug_str     0x0000000000073454      0x149 _build/app_error.o
                                      0x72af4 (size before relaxing)
 .debug_str     0x000000000007359d       0xce _build/app_error_weak.o
                                      0x72a6e (size before relaxing)
 .debug_str     0x000000000007366b     0x1851 _build/app_timer.o
                                      0x74b20 (size before relaxing)
 .debug_str     0x0000000000074ebc     0x1142 _build/fstorage.o
                                      0x71a70 (size before relaxing)
 .debug_str     0x0000000000075ffe       0xa9 _build/nrf_drv_common.o
                                      0x73e56 (size before relaxing)
 .debug_str     0x00000000000760a7      0xeed _build/nrf_drv_gpiote.o
                                      0x7545d (size before relaxing)
 .debug_str     0x0000000000076f94     0x158d _build/nrf_drv_uart.o
                                      0x75813 (size before relaxing)
 .debug_str     0x0000000000078521     0x11e1 _build/pstorage.o
                                      0x74b02 (size before relaxing)
 .debug_str     0x0000000000079702     0x19d0 _build/bsp.o
                                      0x74940 (size before relaxing)
 .debug_str     0x000000000007b0d2     0x4d0d _build/bsp_btn_ble.o
                                      0x78bbd (size before relaxing)
 .debug_str     0x000000000007fddf     0x7276 _build/main.o
                                      0x8112a (size before relaxing)
 .debug_str     0x0000000000087055      0x310 _build/our_service.o
                                      0x78130 (size before relaxing)
 .debug_str     0x0000000000087365      0x374 _build/SEGGER_RTT.o
                                       0x6b5e (size before relaxing)
 .debug_str     0x00000000000876d9      0x1cc _build/SEGGER_RTT_printf.o
                                       0x6cca (size before relaxing)
 .debug_str     0x00000000000878a5      0x130 _build/msgs.o
                                      0x76093 (size before relaxing)
 .debug_str     0x00000000000879d5      0x3cf _build/ble_advdata.o
                                      0x7713d (size before relaxing)
 .debug_str     0x0000000000087da4      0x3ed _build/ble_advertising.o
                                      0x7862a (size before relaxing)
 .debug_str     0x0000000000088191      0x216 _build/ble_conn_params.o
                                      0x79688 (size before relaxing)
 .debug_str     0x00000000000883a7     0x1652 _build/device_manager_peripheral.o
                                      0x7a255 (size before relaxing)
 .debug_str     0x00000000000899f9      0x270 _build/system_nrf52.o
                                      0x6d1c1 (size before relaxing)
 .debug_str     0x0000000000089c69      0x51f _build/softdevice_handler.o
                                      0x7cbf2 (size before relaxing)

.stabstr        0x0000000000000000       0xe3
 .stabstr       0x0000000000000000       0xe3 /home/rob/nrf52/gcc-arm-none-eabi-7-2017-q4-major/bin/../lib/gcc/arm-none-eabi/7.2.1/../../../../arm-none-eabi/lib/thumb/v7e-m/fpv4-sp/hard/libnosys.a(close.o)
