Archive member included to satisfy reference by file (symbol)

/home/rob/nrf52/gcc-arm-none-eabi-7-2017-q4-major/bin/../lib/gcc/arm-none-eabi/7.2.1/../../../../arm-none-eabi/lib/thumb/v7e-m/fpv4-sp/hard/libc_nano.a(lib_a-exit.o)
                              /home/rob/nrf52/gcc-arm-none-eabi-7-2017-q4-major/bin/../lib/gcc/arm-none-eabi/7.2.1/../../../../arm-none-eabi/lib/thumb/v7e-m/fpv4-sp/hard/crt0.o (exit)
/home/rob/nrf52/gcc-arm-none-eabi-7-2017-q4-major/bin/../lib/gcc/arm-none-eabi/7.2.1/../../../../arm-none-eabi/lib/thumb/v7e-m/fpv4-sp/hard/libc_nano.a(lib_a-impure.o)
                              /home/rob/nrf52/gcc-arm-none-eabi-7-2017-q4-major/bin/../lib/gcc/arm-none-eabi/7.2.1/../../../../arm-none-eabi/lib/thumb/v7e-m/fpv4-sp/hard/libc_nano.a(lib_a-exit.o) (_global_impure_ptr)
/home/rob/nrf52/gcc-arm-none-eabi-7-2017-q4-major/bin/../lib/gcc/arm-none-eabi/7.2.1/../../../../arm-none-eabi/lib/thumb/v7e-m/fpv4-sp/hard/libc_nano.a(lib_a-init.o)
                              /home/rob/nrf52/gcc-arm-none-eabi-7-2017-q4-major/bin/../lib/gcc/arm-none-eabi/7.2.1/../../../../arm-none-eabi/lib/thumb/v7e-m/fpv4-sp/hard/crt0.o (__libc_init_array)
/home/rob/nrf52/gcc-arm-none-eabi-7-2017-q4-major/bin/../lib/gcc/arm-none-eabi/7.2.1/../../../../arm-none-eabi/lib/thumb/v7e-m/fpv4-sp/hard/libc_nano.a(lib_a-memset.o)
                              /home/rob/nrf52/gcc-arm-none-eabi-7-2017-q4-major/bin/../lib/gcc/arm-none-eabi/7.2.1/../../../../arm-none-eabi/lib/thumb/v7e-m/fpv4-sp/hard/crt0.o (memset)
/home/rob/nrf52/gcc-arm-none-eabi-7-2017-q4-major/bin/../lib/gcc/arm-none-eabi/7.2.1/../../../../arm-none-eabi/lib/thumb/v7e-m/fpv4-sp/hard/libnosys.a(_exit.o)
                              /home/rob/nrf52/gcc-arm-none-eabi-7-2017-q4-major/bin/../lib/gcc/arm-none-eabi/7.2.1/../../../../arm-none-eabi/lib/thumb/v7e-m/fpv4-sp/hard/libc_nano.a(lib_a-exit.o) (_exit)
/home/rob/nrf52/gcc-arm-none-eabi-7-2017-q4-major/bin/../lib/gcc/arm-none-eabi/7.2.1/../../../../arm-none-eabi/lib/thumb/v7e-m/fpv4-sp/hard/libc_nano.a(lib_a-memcmp.o)
                              _build/device_manager_peripheral.o (memcmp)
/home/rob/nrf52/gcc-arm-none-eabi-7-2017-q4-major/bin/../lib/gcc/arm-none-eabi/7.2.1/../../../../arm-none-eabi/lib/thumb/v7e-m/fpv4-sp/hard/libc_nano.a(lib_a-memcpy-stub.o)
                              _build/SEGGER_RTT.o (memcpy)
/home/rob/nrf52/gcc-arm-none-eabi-7-2017-q4-major/bin/../lib/gcc/arm-none-eabi/7.2.1/../../../../arm-none-eabi/lib/thumb/v7e-m/fpv4-sp/hard/libc_nano.a(lib_a-strcpy.o)
                              _build/SEGGER_RTT.o (strcpy)
/home/rob/nrf52/gcc-arm-none-eabi-7-2017-q4-major/bin/../lib/gcc/arm-none-eabi/7.2.1/../../../../arm-none-eabi/lib/thumb/v7e-m/fpv4-sp/hard/libc_nano.a(lib_a-strlen.o)
                              _build/SEGGER_RTT.o (strlen)
/home/rob/nrf52/gcc-arm-none-eabi-7-2017-q4-major/bin/../lib/gcc/arm-none-eabi/7.2.1/../../../../arm-none-eabi/lib/thumb/v7e-m/fpv4-sp/hard/libc_nano.a(lib_a-vprintf.o)
                              _build/nrf_log.o (vprintf)
/home/rob/nrf52/gcc-arm-none-eabi-7-2017-q4-major/bin/../lib/gcc/arm-none-eabi/7.2.1/../../../../arm-none-eabi/lib/thumb/v7e-m/fpv4-sp/hard/libc_nano.a(lib_a-findfp.o)
                              /home/rob/nrf52/gcc-arm-none-eabi-7-2017-q4-major/bin/../lib/gcc/arm-none-eabi/7.2.1/../../../../arm-none-eabi/lib/thumb/v7e-m/fpv4-sp/hard/libc_nano.a(lib_a-vprintf.o) (__sinit)
/home/rob/nrf52/gcc-arm-none-eabi-7-2017-q4-major/bin/../lib/gcc/arm-none-eabi/7.2.1/../../../../arm-none-eabi/lib/thumb/v7e-m/fpv4-sp/hard/libc_nano.a(lib_a-fwalk.o)
                              /home/rob/nrf52/gcc-arm-none-eabi-7-2017-q4-major/bin/../lib/gcc/arm-none-eabi/7.2.1/../../../../arm-none-eabi/lib/thumb/v7e-m/fpv4-sp/hard/libc_nano.a(lib_a-findfp.o) (_fwalk)
/home/rob/nrf52/gcc-arm-none-eabi-7-2017-q4-major/bin/../lib/gcc/arm-none-eabi/7.2.1/../../../../arm-none-eabi/lib/thumb/v7e-m/fpv4-sp/hard/libc_nano.a(lib_a-nano-mallocr.o)
                              /home/rob/nrf52/gcc-arm-none-eabi-7-2017-q4-major/bin/../lib/gcc/arm-none-eabi/7.2.1/../../../../arm-none-eabi/lib/thumb/v7e-m/fpv4-sp/hard/libc_nano.a(lib_a-findfp.o) (_malloc_r)
/home/rob/nrf52/gcc-arm-none-eabi-7-2017-q4-major/bin/../lib/gcc/arm-none-eabi/7.2.1/../../../../arm-none-eabi/lib/thumb/v7e-m/fpv4-sp/hard/libc_nano.a(lib_a-nano-vfprintf.o)
                              /home/rob/nrf52/gcc-arm-none-eabi-7-2017-q4-major/bin/../lib/gcc/arm-none-eabi/7.2.1/../../../../arm-none-eabi/lib/thumb/v7e-m/fpv4-sp/hard/libc_nano.a(lib_a-vprintf.o) (_vfprintf_r)
/home/rob/nrf52/gcc-arm-none-eabi-7-2017-q4-major/bin/../lib/gcc/arm-none-eabi/7.2.1/../../../../arm-none-eabi/lib/thumb/v7e-m/fpv4-sp/hard/libc_nano.a(lib_a-nano-vfprintf_i.o)
                              /home/rob/nrf52/gcc-arm-none-eabi-7-2017-q4-major/bin/../lib/gcc/arm-none-eabi/7.2.1/../../../../arm-none-eabi/lib/thumb/v7e-m/fpv4-sp/hard/libc_nano.a(lib_a-nano-vfprintf.o) (_printf_i)
[...]
Memory Configuration

Name             Origin             Length             Attributes
FLASH            0x000000000001c000 0x0000000000064000 xr
RAM              0x0000000020002080 0x000000000000df80 xrw
*default*        0x0000000000000000 0xffffffffffffffff

Linker script and memory map


.text           0x000000000001c000     0x6db8
 *(.isr_vector)
 .isr_vector    0x000000000001c000      0x400 _build/gcc_startup_nrf52.o
                0x000000000001c000                __isr_vector
 *(.text*)
 .text          0x000000000001c400       0x40 /home/rob/nrf52/gcc-arm-none-eabi-7-2017-q4-major/bin/../lib/gcc/arm-none-eabi/7.2.1/thumb/v7e-m/fpv4-sp/hard/crtbegin.o
 .text          0x000000000001c440       0x74 /home/rob/nrf52/gcc-arm-none-eabi-7-2017-q4-major/bin/../lib/gcc/arm-none-eabi/7.2.1/../../../../arm-none-eabi/lib/thumb/v7e-m/fpv4-sp/hard/crt0.o
                0x000000000001c440                _mainCRTStartup
                0x000000000001c440                _start
 .text.exit     0x000000000001c4b4       0x28 /home/rob/nrf52/gcc-arm-none-eabi-7-2017-q4-major/bin/../lib/gcc/arm-none-eabi/7.2.1/../../../../arm-none-eabi/lib/thumb/v7e-m/fpv4-sp/hard/libc_nano.a(lib_a-exit.o)
                0x000000000001c4b4                exit
 .text.__libc_init_array
                0x000000000001c4dc       0x48 /home/rob/nrf52/gcc-arm-none-eabi-7-2017-q4-major/bin/../lib/gcc/arm-none-eabi/7.2.1/../../../../arm-none-eabi/lib/thumb/v7e-m/fpv4-sp/hard/libc_nano.a(lib_a-init.o)
                0x000000000001c4dc                __libc_init_array
 .text.memset   0x000000000001c524       0x10 /home/rob/nrf52/gcc-arm-none-eabi-7-2017-q4-major/bin/../lib/gcc/arm-none-eabi/7.2.1/../../../../arm-none-eabi/lib/thumb/v7e-m/fpv4-sp/hard/libc_nano.a(lib_a-memset.o)
                0x000000000001c524                memset
 .text._exit    0x000000000001c534        0x4 /home/rob/nrf52/gcc-arm-none-eabi-7-2017-q4-major/bin/../lib/gcc/arm-none-eabi/7.2.1/../../../../arm-none-eabi/lib/thumb/v7e-m/fpv4-sp/hard/libnosys.a(_exit.o)
                0x000000000001c534                _exit
 .text.detection_delay_timeout_handler
                0x000000000001c538       0xac _build/app_button.o
 .text.gpiote_event_handler
                0x000000000001c5e4       0x5c _build/app_button.o
 .text.app_button_init
                0x000000000001c640       0xac _build/app_button.o
                0x000000000001c640                app_button_init
 .text.app_button_enable
                0x000000000001c6ec       0x2c _build/app_button.o
                0x000000000001c6ec                app_button_enable
 .text.app_error_handler_bare
                0x000000000001c718       0x20 _build/app_error.o
                0x000000000001c718                app_error_handler_bare
 .text.app_error_fault_handler
                0x000000000001c738       0x24 _build/app_error_weak.o
                0x000000000001c738                app_error_fault_handler
 .text.rtc1_stop
                0x000000000001c75c      0x134 _build/app_timer.o
 .text.RTC1_IRQHandler
                0x000000000001c890       0xc4 _build/app_timer.o
                0x000000000001c890                RTC1_IRQHandler
 .text.SWI0_EGU0_IRQHandler
                0x000000000001c954      0x4ec _build/app_timer.o
                0x000000000001c954                SWI0_EGU0_IRQHandler
 .text.app_timer_init
                0x000000000001ce40       0xb4 _build/app_timer.o
                0x000000000001ce40                app_timer_init
 .text.app_timer_create
                0x000000000001cef4       0x24 _build/app_timer.o
                0x000000000001cef4                app_timer_create
 .text.app_timer_start
                0x000000000001cf18       0xcc _build/app_timer.o
                0x000000000001cf18                app_timer_start
 .text.app_timer_stop
                0x000000000001cfe4       0xa4 _build/app_timer.o
                0x000000000001cfe4                app_timer_stop
 .text.fs_queued_op_count_get
                0x000000000001d088       0x14 _build/fstorage.o
                0x000000000001d088                fs_queued_op_count_get
 .text.nrf_drv_common_irq_enable
                0x000000000001d09c       0x48 _build/nrf_drv_common.o
                0x000000000001d09c                nrf_drv_common_irq_enable
 .text.nrf_drv_gpiote_init
                0x000000000001d0e4       0x60 _build/nrf_drv_gpiote.o
                0x000000000001d0e4                nrf_drv_gpiote_init
 .text.nrf_drv_gpiote_is_init
                0x000000000001d144       0x14 _build/nrf_drv_gpiote.o
                0x000000000001d144                nrf_drv_gpiote_is_init
 .text.nrf_drv_gpiote_in_init
                0x000000000001d158      0x19c _build/nrf_drv_gpiote.o
                0x000000000001d158                nrf_drv_gpiote_in_init
 .text.nrf_drv_gpiote_in_event_enable
                0x000000000001d2f4       0xc4 _build/nrf_drv_gpiote.o
                0x000000000001d2f4                nrf_drv_gpiote_in_event_enable
 .text.nrf_drv_gpiote_in_is_set
                0x000000000001d3b8       0x14 _build/nrf_drv_gpiote.o
                0x000000000001d3b8                nrf_drv_gpiote_in_is_set
 .text.GPIOTE_IRQHandler
                0x000000000001d3cc      0x4a4 _build/nrf_drv_gpiote.o
                0x000000000001d3cc                GPIOTE_IRQHandler
 .text.UARTE0_UART0_IRQHandler
                0x000000000001d870      0x2a4 _build/nrf_drv_uart.o
                0x000000000001d870                UARTE0_UART0_IRQHandler
 .text.sd_flash_write
                0x000000000001db14        0x4 _build/pstorage.o
 .text.sd_flash_page_erase
                0x000000000001db18        0x4 _build/pstorage.o
 .text.state_entry_action_run
                0x000000000001db1c      0x168 _build/pstorage.o
 .text.clear_operation_execute
                0x000000000001dc84      0x15c _build/pstorage.o
 .text.state_restore_head_entry_run
                0x000000000001dde0       0xb4 _build/pstorage.o
 .text.state_write_data_swap_entry_run
                0x000000000001de94       0xb0 _build/pstorage.o
 .text.swap_erase_state_run
                0x000000000001df44       0x30 _build/pstorage.o
 .text.state_restore_tail_entry_run
                0x000000000001df74       0xc0 _build/pstorage.o
 .text.state_swap_erase_entry_run
                0x000000000001e034       0xa0 _build/pstorage.o
 .text.tail_restore_state_run
                0x000000000001e0d4       0xbc _build/pstorage.o
 .text.store_cmd_flash_write_execute
                0x000000000001e190      0x120 _build/pstorage.o
 .text.data_to_swap_write_state_run
                0x000000000001e2b0       0xac _build/pstorage.o
 .text.head_restore_state_run
                0x000000000001e35c      0x19c _build/pstorage.o
 .text.data_page_erase_state_run
                0x000000000001e4f8      0x180 _build/pstorage.o
 .text.state_data_erase_entry_run
                0x000000000001e678       0x74 _build/pstorage.o
 .text.pstorage_sys_event_handler
                0x000000000001e6ec      0x220 _build/pstorage.o
                0x000000000001e6ec                pstorage_sys_event_handler
 .text.pstorage_init
                0x000000000001e90c      0x114 _build/pstorage.o
                0x000000000001e90c                pstorage_init
 .text.pstorage_register
                0x000000000001ea20       0xf0 _build/pstorage.o
                0x000000000001ea20                pstorage_register
 .text.pstorage_block_identifier_get
                0x000000000001eb10       0x58 _build/pstorage.o
                0x000000000001eb10                pstorage_block_identifier_get
 .text.pstorage_store
                0x000000000001eb68       0xec _build/pstorage.o
                0x000000000001eb68                pstorage_store
 .text.pstorage_update
                0x000000000001ec54       0xf0 _build/pstorage.o
                0x000000000001ec54                pstorage_update
 .text.pstorage_load
                0x000000000001ed44       0xa0 _build/pstorage.o
                0x000000000001ed44                pstorage_load
 .text.pstorage_clear
                0x000000000001ede4       0xf4 _build/pstorage.o
                0x000000000001ede4                pstorage_clear
 .text.pstorage_access_status_get
                0x000000000001eed8       0x24 _build/pstorage.o
                0x000000000001eed8                pstorage_access_status_get
 .text.alert_timer_handler
                0x000000000001eefc       0x1c _build/bsp.o
 .text.bsp_button_event_handler
                0x000000000001ef18       0xc0 _build/bsp.o
 .text.leds_timer_handler
                0x000000000001efd8      0x3b0 _build/bsp.o
 .text.button_timer_handler
                0x000000000001f388       0x44 _build/bsp.o
 .text.bsp_button_is_pressed
                0x000000000001f3cc       0x30 _build/bsp.o
                0x000000000001f3cc                bsp_button_is_pressed
 .text.bsp_indication_set
                0x000000000001f3fc      0x408 _build/bsp.o
                0x000000000001f3fc                bsp_indication_set
 .text.bsp_init
                0x000000000001f804       0xc8 _build/bsp.o
                0x000000000001f804                bsp_init
 .text.bsp_event_to_button_action_assign
                0x000000000001f8cc       0x50 _build/bsp.o
                0x000000000001f8cc                bsp_event_to_button_action_assign
 .text.bsp_wakeup_buttons_set
                0x000000000001f91c       0x7c _build/bsp.o
                0x000000000001f91c                bsp_wakeup_buttons_set
 .text.bsp_btn_ble_sleep_mode_prepare
                0x000000000001f998       0x14 _build/bsp_btn_ble.o
                0x000000000001f998                bsp_btn_ble_sleep_mode_prepare
 .text.bsp_btn_ble_on_ble_evt
                0x000000000001f9ac       0xac _build/bsp_btn_ble.o
                0x000000000001f9ac                bsp_btn_ble_on_ble_evt
 .text.bsp_btn_ble_init
                0x000000000001fa58       0x8c _build/bsp_btn_ble.o
                0x000000000001fa58                bsp_btn_ble_init
 .text.sd_ble_gap_disconnect
                0x000000000001fae4        0x4 _build/main.o
 .text.sd_ble_gap_ppcp_set
                0x000000000001fae8        0x4 _build/main.o
 .text.sd_ble_gap_device_name_set
                0x000000000001faec        0x4 _build/main.o
 .text.sd_power_system_off
                0x000000000001faf0        0x4 _build/main.o
 .text.sd_app_evt_wait
                0x000000000001faf4        0x4 _build/main.o
 .text.sd_temp_get
                0x000000000001faf8        0x4 _build/main.o
 .text.device_manager_evt_handler
                0x000000000001fafc       0x14 _build/main.o
 .text.conn_params_error_handler
                0x000000000001fb10        0x4 _build/main.o
 .text.accel_timer_timeout_handler
                0x000000000001fb14       0x48 _build/main.o
 .text.pressure_timer_timeout_handler
                0x000000000001fb5c       0x54 _build/main.o
 .text.sys_evt_dispatch
                0x000000000001fbb0       0x14 _build/main.o
 .text.on_conn_params_evt
                0x000000000001fbc4       0x24 _build/main.o
 .text.ble_evt_dispatch
                0x000000000001fbe8       0x60 _build/main.o
 .text.bsp_event_handler
                0x000000000001fc48       0x5c _build/main.o
                0x000000000001fc48                bsp_event_handler
 .text.on_adv_evt
                0x000000000001fca4       0x40 _build/main.o
 .text.startup.main
                0x000000000001fce4      0x28c _build/main.o
                0x000000000001fce4                main
 .text.sd_ble_gatts_service_add
                0x000000000001ff70        0x4 _build/posture_service.o
 .text.sd_ble_gatts_characteristic_add
                0x000000000001ff74        0x4 _build/posture_service.o
 .text.sd_ble_gatts_hvx
                0x000000000001ff78        0x4 _build/posture_service.o
 .text.sd_ble_uuid_vs_add
                0x000000000001ff7c        0x4 _build/posture_service.o
 .text.ble_posture_service_on_ble_evt
                0x000000000001ff80       0x1c _build/posture_service.o
                0x000000000001ff80                ble_posture_service_on_ble_evt
 .text.posture_service_init
                0x000000000001ff9c      0x1ec _build/posture_service.o
                0x000000000001ff9c                posture_service_init
 .text.pressure_characteristic_update
                0x0000000000020188       0x4c _build/posture_service.o
                0x0000000000020188                pressure_characteristic_update
 .text.accel_characteristic_update
                0x00000000000201d4       0x4c _build/posture_service.o
                0x00000000000201d4                accel_characteristic_update
 .text.sd_ble_gatts_service_add
                0x0000000000020220        0x4 _build/feedback_service.o
 .text.sd_ble_gatts_characteristic_add
                0x0000000000020224        0x4 _build/feedback_service.o
 .text.sd_ble_gatts_value_set
                0x0000000000020228        0x4 _build/feedback_service.o
 .text.sd_ble_uuid_vs_add
                0x000000000002022c        0x4 _build/feedback_service.o
 .text.ble_feedback_service_on_ble_evt
                0x0000000000020230       0x64 _build/feedback_service.o
                0x0000000000020230                ble_feedback_service_on_ble_evt
 .text.feedback_service_init
                0x0000000000020294      0x114 _build/feedback_service.o
                0x0000000000020294                feedback_service_init
 .text.sd_ble_gap_address_get
                0x00000000000203a8        0x4 _build/ble_advdata.o
 .text.sd_ble_gap_adv_data_set
                0x00000000000203ac        0x4 _build/ble_advdata.o
 .text.sd_ble_gap_appearance_get
                0x00000000000203b0        0x4 _build/ble_advdata.o
 .text.sd_ble_gap_device_name_get
                0x00000000000203b4        0x4 _build/ble_advdata.o
 .text.sd_ble_uuid_encode
                0x00000000000203b8        0x4 _build/ble_advdata.o
 .text.uuid_list_encode
                0x00000000000203bc      0x170 _build/ble_advdata.o
 .text.adv_data_encode
                0x000000000002052c      0x528 _build/ble_advdata.o
                0x000000000002052c                adv_data_encode
 .text.ble_advdata_set
                0x0000000000020a54      0x5d8 _build/ble_advdata.o
                0x0000000000020a54                ble_advdata_set
 .text.sd_ble_gap_adv_start
                0x000000000002102c        0x4 _build/ble_advertising.o
 .text.sd_ble_gap_adv_stop
                0x0000000000021030        0x4 _build/ble_advertising.o
 .text.ble_advertising_start.part.1
                0x0000000000021034      0x284 _build/ble_advertising.o
 .text.ble_advertising_init
                0x00000000000212b8      0x16c _build/ble_advertising.o
                0x00000000000212b8                ble_advertising_init
 .text.ble_advertising_start
                0x0000000000021424       0x48 _build/ble_advertising.o
                0x0000000000021424                ble_advertising_start
 .text.ble_advertising_on_ble_evt
                0x000000000002146c       0xf4 _build/ble_advertising.o
                0x000000000002146c                ble_advertising_on_ble_evt
 .text.ble_advertising_on_sys_evt
                0x0000000000021560       0x64 _build/ble_advertising.o
                0x0000000000021560                ble_advertising_on_sys_evt
 .text.ble_advertising_restart_without_whitelist
                0x00000000000215c4       0x90 _build/ble_advertising.o
                0x00000000000215c4                ble_advertising_restart_without_whitelist
 .text.sd_ble_gap_conn_param_update
                0x0000000000021654        0x4 _build/ble_conn_params.o
 .text.sd_ble_gap_disconnect
                0x0000000000021658        0x4 _build/ble_conn_params.o
 .text.sd_ble_gap_ppcp_set
                0x000000000002165c        0x4 _build/ble_conn_params.o
 .text.sd_ble_gap_ppcp_get
                0x0000000000021660        0x4 _build/ble_conn_params.o
 .text.update_timeout_handler
                0x0000000000021664       0x74 _build/ble_conn_params.o
 .text.conn_params_negotiation
                0x00000000000216d8       0x90 _build/ble_conn_params.o
 .text.ble_conn_params_init
                0x0000000000021768       0x74 _build/ble_conn_params.o
                0x0000000000021768                ble_conn_params_init
 .text.ble_conn_params_on_ble_evt
                0x00000000000217dc      0x120 _build/ble_conn_params.o
                0x00000000000217dc                ble_conn_params_on_ble_evt
 .text.sd_ble_gap_sec_params_reply
                0x00000000000218fc        0x4 _build/device_manager_peripheral.o
 .text.sd_ble_gap_sec_info_reply
                0x0000000000021900        0x4 _build/device_manager_peripheral.o
 .text.sd_ble_gatts_service_changed
                0x0000000000021904        0x4 _build/device_manager_peripheral.o
 .text.sd_ble_gatts_sys_attr_set
                0x0000000000021908        0x4 _build/device_manager_peripheral.o
 .text.sd_ble_gatts_sys_attr_get
                0x000000000002190c        0x4 _build/device_manager_peripheral.o
 .text.storage_operation_dummy_handler
                0x0000000000021910        0x4 _build/device_manager_peripheral.o
 .text.no_service_context_store
                0x0000000000021914        0x4 _build/device_manager_peripheral.o
 .text.no_service_context_apply
                0x0000000000021918        0x4 _build/device_manager_peripheral.o
 .text.gatts_context_apply
                0x000000000002191c       0xd4 _build/device_manager_peripheral.o
 .text.gatts_context_store
                0x00000000000219f0       0xd8 _build/device_manager_peripheral.o
 .text.gatts_context_load
                0x0000000000021ac8       0x34 _build/device_manager_peripheral.o
 .text.dm_pstorage_cb_handler
                0x0000000000021afc      0x180 _build/device_manager_peripheral.o
 .text.gattc_context_apply
                0x0000000000021c7c        0x4 _build/device_manager_peripheral.o
 .text.no_service_context_load
                0x0000000000021c80        0x4 _build/device_manager_peripheral.o
 .text.gattc_context_load
                0x0000000000021c84        0x4 _build/device_manager_peripheral.o
 .text.gattc_context_store
                0x0000000000021c88        0x4 _build/device_manager_peripheral.o
 .text.gattsc_context_load
                0x0000000000021c8c       0x34 _build/device_manager_peripheral.o
 .text.gattsc_context_apply
                0x0000000000021cc0       0xcc _build/device_manager_peripheral.o
 .text.gattsc_context_store
                0x0000000000021d8c       0xd8 _build/device_manager_peripheral.o
 .text.dm_init  0x0000000000021e64      0x124 _build/device_manager_peripheral.o
                0x0000000000021e64                dm_init
 .text.dm_register
                0x0000000000021f88       0x78 _build/device_manager_peripheral.o
                0x0000000000021f88                dm_register
 .text.dm_ble_evt_handler
                0x0000000000022000      0x738 _build/device_manager_peripheral.o
                0x0000000000022000                dm_ble_evt_handler
 .text.SystemInit
                0x0000000000022738      0x2ac _build/system_nrf52.o
                0x0000000000022738                SystemInit
 .text.sd_evt_get
                0x00000000000229e4        0x4 _build/softdevice_handler.o
 .text.sd_softdevice_enable
                0x00000000000229e8        0x4 _build/softdevice_handler.o
 .text.sd_ble_enable
                0x00000000000229ec        0x4 _build/softdevice_handler.o
 .text.sd_ble_evt_get
                0x00000000000229f0        0x4 _build/softdevice_handler.o
 .text.softdevice_fault_handler
                0x00000000000229f4        0x8 _build/softdevice_handler.o
                0x00000000000229f4                softdevice_fault_handler
 .text.intern_softdevice_events_execute.part.0
                0x00000000000229fc       0xb0 _build/softdevice_handler.o
 .text.softdevice_handler_init
                0x0000000000022aac       0x70 _build/softdevice_handler.o
                0x0000000000022aac                softdevice_handler_init
 .text.softdevice_ble_evt_handler_set
                0x0000000000022b1c       0x14 _build/softdevice_handler.o
                0x0000000000022b1c                softdevice_ble_evt_handler_set
 .text.softdevice_sys_evt_handler_set
                0x0000000000022b30       0x14 _build/softdevice_handler.o
                0x0000000000022b30                softdevice_sys_evt_handler_set
 .text.SWI2_EGU2_IRQHandler
                0x0000000000022b44       0x30 _build/softdevice_handler.o
                0x0000000000022b44                SWI2_EGU2_IRQHandler
 .text.softdevice_enable_get_default_config
                0x0000000000022b74       0x30 _build/softdevice_handler.o
                0x0000000000022b74                softdevice_enable_get_default_config
 .text.sd_check_ram_start
                0x0000000000022ba4       0x14 _build/softdevice_handler.o
                0x0000000000022ba4                sd_check_ram_start
 .text.softdevice_enable
                0x0000000000022bb8       0x20 _build/softdevice_handler.o
                0x0000000000022bb8                softdevice_enable
 .text          0x0000000000022bd8       0x3c _build/gcc_startup_nrf52.o
                0x0000000000022bd8                Reset_Handler
                0x0000000000022c00                NMI_Handler
                0x0000000000022c02                HardFault_Handler
                0x0000000000022c04                MemoryManagement_Handler
                0x0000000000022c06                BusFault_Handler
                0x0000000000022c08                UsageFault_Handler
                0x0000000000022c0a                SVC_Handler
                0x0000000000022c0c                DebugMonitor_Handler
                0x0000000000022c0e                PendSV_Handler
                0x0000000000022c10                SysTick_Handler
                0x0000000000022c12                TIMER2_IRQHandler
                0x0000000000022c12                RTC0_IRQHandler
                0x0000000000022c12                PWM1_IRQHandler
                0x0000000000022c12                POWER_CLOCK_IRQHandler
                0x0000000000022c12                RADIO_IRQHandler
                0x0000000000022c12                PDM_IRQHandler
                0x0000000000022c12                TEMP_IRQHandler
                0x0000000000022c12                QDEC_IRQHandler
                0x0000000000022c12                TIMER3_IRQHandler
                0x0000000000022c12                FPU_IRQHandler
                0x0000000000022c12                SPIM0_SPIS0_TWIM0_TWIS0_SPI0_TWI0_IRQHandler
                0x0000000000022c12                TIMER4_IRQHandler
                0x0000000000022c12                I2S_IRQHandler
                0x0000000000022c12                SWI4_EGU4_IRQHandler
                0x0000000000022c12                TIMER0_IRQHandler
                0x0000000000022c12                TIMER1_IRQHandler
                0x0000000000022c12                PWM2_IRQHandler
                0x0000000000022c12                ECB_IRQHandler
                0x0000000000022c12                SPIM1_SPIS1_TWIM1_TWIS1_SPI1_TWI1_IRQHandler
                0x0000000000022c12                Default_Handler
                0x0000000000022c12                SAADC_IRQHandler
                0x0000000000022c12                CCM_AAR_IRQHandler
                0x0000000000022c12                WDT_IRQHandler
                0x0000000000022c12                SWI5_EGU5_IRQHandler
                0x0000000000022c12                RNG_IRQHandler
                0x0000000000022c12                RTC2_IRQHandler
                0x0000000000022c12                PWM0_IRQHandler
                0x0000000000022c12                SWI3_EGU3_IRQHandler
                0x0000000000022c12                SWI1_EGU1_IRQHandler
                0x0000000000022c12                SPIM2_SPIS2_SPI2_IRQHandler
                0x0000000000022c12                NFCT_IRQHandler
                0x0000000000022c12                MWU_IRQHandler
                0x0000000000022c12                COMP_LPCOMP_IRQHandler
 .text.memcmp   0x0000000000022c14       0x1e /home/rob/nrf52/gcc-arm-none-eabi-7-2017-q4-major/bin/../lib/gcc/arm-none-eabi/7.2.1/../../../../arm-none-eabi/lib/thumb/v7e-m/fpv4-sp/hard/libc_nano.a(lib_a-memcmp.o)
                0x0000000000022c14                memcmp
 .text.memcpy   0x0000000000022c32       0x16 /home/rob/nrf52/gcc-arm-none-eabi-7-2017-q4-major/bin/../lib/gcc/arm-none-eabi/7.2.1/../../../../arm-none-eabi/lib/thumb/v7e-m/fpv4-sp/hard/libc_nano.a(lib_a-memcpy-stub.o)
                0x0000000000022c32                memcpy
 .text          0x0000000000022c48       0x10 /home/rob/nrf52/gcc-arm-none-eabi-7-2017-q4-major/bin/../lib/gcc/arm-none-eabi/7.2.1/../../../../arm-none-eabi/lib/thumb/v7e-m/fpv4-sp/hard/libc_nano.a(lib_a-strlen.o)
                0x0000000000022c48                strlen
 *(.init)
 .init          0x0000000000022c58        0x4 /home/rob/nrf52/gcc-arm-none-eabi-7-2017-q4-major/bin/../lib/gcc/arm-none-eabi/7.2.1/thumb/v7e-m/fpv4-sp/hard/crti.o
                0x0000000000022c58                _init
 .init          0x0000000000022c5c        0x8 /home/rob/nrf52/gcc-arm-none-eabi-7-2017-q4-major/bin/../lib/gcc/arm-none-eabi/7.2.1/thumb/v7e-m/fpv4-sp/hard/crtn.o
 *(.fini)
 .fini          0x0000000000022c64        0x4 /home/rob/nrf52/gcc-arm-none-eabi-7-2017-q4-major/bin/../lib/gcc/arm-none-eabi/7.2.1/thumb/v7e-m/fpv4-sp/hard/crti.o
                0x0000000000022c64                _fini
 .fini          0x0000000000022c68        0x8 /home/rob/nrf52/gcc-arm-none-eabi-7-2017-q4-major/bin/../lib/gcc/arm-none-eabi/7.2.1/thumb/v7e-m/fpv4-sp/hard/crtn.o
 *crtbegin.o(.ctors)
 *crtbegin?.o(.ctors)
 *(EXCLUDE_FILE(*crtend.o *crtend?.o) .ctors)
 *(SORT_BY_NAME(.ctors.*))
 *(.ctors)
 *crtbegin.o(.dtors)
 *crtbegin?.o(.dtors)
 *(EXCLUDE_FILE(*crtend.o *crtend?.o) .dtors)
 *(SORT_BY_NAME(.dtors.*))
 *(.dtors)
 *(.rodata*)
 .rodata._global_impure_ptr
                0x0000000000022c70        0x4 /home/rob/nrf52/gcc-arm-none-eabi-7-2017-q4-major/bin/../lib/gcc/arm-none-eabi/7.2.1/../../../../arm-none-eabi/lib/thumb/v7e-m/fpv4-sp/hard/libc_nano.a(lib_a-impure.o)
                0x0000000000022c70                _global_impure_ptr
 .rodata.m_detection_delay_timer_id
                0x0000000000022c74        0x4 _build/app_button.o
 .rodata.swap_sub_state_sm_lut.9238
                0x0000000000022c78       0x14 _build/pstorage.o
 .rodata.swap_sub_state_sm_lut.9313
                0x0000000000022c8c       0x14 _build/pstorage.o
 .rodata.app_buttons
                0x0000000000022ca0       0x20 _build/bsp.o
 .rodata.m_alert_timer_id
                0x0000000000022cc0        0x4 _build/bsp.o
 .rodata.m_button_timer_id
                0x0000000000022cc4        0x4 _build/bsp.o
 .rodata.m_buttons_list
                0x0000000000022cc8       0x10 _build/bsp.o
 .rodata.m_leds_timer_id
                0x0000000000022cd8        0x4 _build/bsp.o
 .rodata        0x0000000000022cdc        0x4 _build/main.o
 .rodata.m_accel_char_timer_id
                0x0000000000022ce0        0x4 _build/main.o
 .rodata.m_pressure_char_timer_id
                0x0000000000022ce4        0x4 _build/main.o
 .rodata.main.str1.4
                0x0000000000022ce8        0xc _build/main.o
                                          0x9 (size before relaxing)
 .rodata        0x0000000000022cf4       0x18 _build/posture_service.o
 .rodata        0x0000000000022d0c       0x10 _build/feedback_service.o
 .rodata.m_conn_params_timer_id
                0x0000000000022d1c        0x4 _build/ble_conn_params.o
 .rodata.m_context_init_len
                0x0000000000022d20        0x4 _build/device_manager_peripheral.o
                0x0000000000022d20                m_context_init_len
 .rodata.m_service_context_apply
                0x0000000000022d24       0x10 _build/device_manager_peripheral.o
                0x0000000000022d24                m_service_context_apply
 .rodata.m_service_context_load
                0x0000000000022d34       0x10 _build/device_manager_peripheral.o
                0x0000000000022d34                m_service_context_load
 .rodata.m_service_context_store
                0x0000000000022d44       0x10 _build/device_manager_peripheral.o
                0x0000000000022d44                m_service_context_store
 .rodata.__sf_fake_stderr
                0x0000000000022d54       0x20 /home/rob/nrf52/gcc-arm-none-eabi-7-2017-q4-major/bin/../lib/gcc/arm-none-eabi/7.2.1/../../../../arm-none-eabi/lib/thumb/v7e-m/fpv4-sp/hard/libc_nano.a(lib_a-findfp.o)
                0x0000000000022d54                __sf_fake_stderr
 .rodata.__sf_fake_stdin
                0x0000000000022d74       0x20 /home/rob/nrf52/gcc-arm-none-eabi-7-2017-q4-major/bin/../lib/gcc/arm-none-eabi/7.2.1/../../../../arm-none-eabi/lib/thumb/v7e-m/fpv4-sp/hard/libc_nano.a(lib_a-findfp.o)
                0x0000000000022d74                __sf_fake_stdin
 .rodata.__sf_fake_stdout
                0x0000000000022d94       0x20 /home/rob/nrf52/gcc-arm-none-eabi-7-2017-q4-major/bin/../lib/gcc/arm-none-eabi/7.2.1/../../../../arm-none-eabi/lib/thumb/v7e-m/fpv4-sp/hard/libc_nano.a(lib_a-findfp.o)
                0x0000000000022d94                __sf_fake_stdout
 *(.eh_frame*)
 .eh_frame      0x0000000000022db4        0x0 /home/rob/nrf52/gcc-arm-none-eabi-7-2017-q4-major/bin/../lib/gcc/arm-none-eabi/7.2.1/thumb/v7e-m/fpv4-sp/hard/crtbegin.o
 .eh_frame      0x0000000000022db4        0x4 /home/rob/nrf52/gcc-arm-none-eabi-7-2017-q4-major/bin/../lib/gcc/arm-none-eabi/7.2.1/thumb/v7e-m/fpv4-sp/hard/crtend.o

.glue_7         0x0000000000022db8        0x0
 .glue_7        0x0000000000022db8        0x0 linker stubs

.glue_7t        0x0000000000022db8        0x0
 .glue_7t       0x0000000000022db8        0x0 linker stubs

.vfp11_veneer   0x0000000000022db8        0x0
 .vfp11_veneer  0x0000000000022db8        0x0 linker stubs

.v4_bx          0x0000000000022db8        0x0
 .v4_bx         0x0000000000022db8        0x0 linker stubs

.iplt           0x0000000000022db8        0x0
 .iplt          0x0000000000022db8        0x0 /home/rob/nrf52/gcc-arm-none-eabi-7-2017-q4-major/bin/../lib/gcc/arm-none-eabi/7.2.1/thumb/v7e-m/fpv4-sp/hard/crtbegin.o

.ARM.extab
 *(.ARM.extab* .gnu.linkonce.armextab.*)
                0x0000000000022db8                __exidx_start = .

.ARM.exidx      0x0000000000022db8        0x8
 *(.ARM.exidx* .gnu.linkonce.armexidx.*)
 .ARM.exidx     0x0000000000022db8        0x8 /home/rob/nrf52/gcc-arm-none-eabi-7-2017-q4-major/bin/../lib/gcc/arm-none-eabi/7.2.1/../../../../arm-none-eabi/lib/thumb/v7e-m/fpv4-sp/hard/crt0.o
                0x0000000000022dc0                __exidx_end = .
                0x0000000000022dc0                __etext = .

.rel.dyn        0x0000000000022dc0        0x0
 .rel.iplt      0x0000000000022dc0        0x0 /home/rob/nrf52/gcc-arm-none-eabi-7-2017-q4-major/bin/../lib/gcc/arm-none-eabi/7.2.1/thumb/v7e-m/fpv4-sp/hard/crtbegin.o

.data           0x0000000020002080       0x88 load address 0x0000000000022dc0
                0x0000000020002080                __data_start__ = .
 *(vtable)
 *(.data*)
 .data.impure_data
                0x0000000020002080       0x60 /home/rob/nrf52/gcc-arm-none-eabi-7-2017-q4-major/bin/../lib/gcc/arm-none-eabi/7.2.1/../../../../arm-none-eabi/lib/thumb/v7e-m/fpv4-sp/hard/libc_nano.a(lib_a-impure.o)
 .data.m_adv_uuids
                0x00000000200020e0        0x4 _build/main.o
 .data.m_conn_handle
                0x00000000200020e4        0x2 _build/main.o
 *fill*         0x00000000200020e6        0x2 
 .data.simPressure
                0x00000000200020e8       0x10 _build/main.o
                0x00000000200020e8                simPressure
 .data.current_slave_link_conn_handle.9099
                0x00000000200020f8        0x2 _build/ble_advertising.o
 *fill*         0x00000000200020fa        0x2 
 .data.SystemCoreClock
                0x00000000200020fc        0x4 _build/system_nrf52.o
                0x00000000200020fc                SystemCoreClock
                0x0000000020002100                . = ALIGN (0x4)
                0x0000000020002100                PROVIDE (__preinit_array_start, .)
 *(.preinit_array)
                0x0000000020002100                PROVIDE (__preinit_array_end, .)
                0x0000000020002100                . = ALIGN (0x4)
                0x0000000020002100                PROVIDE (__init_array_start, .)
 *(SORT_BY_NAME(.init_array.*))
 *(.init_array)
 .init_array    0x0000000020002100        0x4 /home/rob/nrf52/gcc-arm-none-eabi-7-2017-q4-major/bin/../lib/gcc/arm-none-eabi/7.2.1/thumb/v7e-m/fpv4-sp/hard/crtbegin.o
                0x0000000020002104                PROVIDE (__init_array_end, .)
                0x0000000020002104                . = ALIGN (0x4)
                [!provide]                        PROVIDE (__fini_array_start, .)
 *(SORT_BY_NAME(.fini_array.*))
 *(.fini_array)
 .fini_array    0x0000000020002104        0x4 /home/rob/nrf52/gcc-arm-none-eabi-7-2017-q4-major/bin/../lib/gcc/arm-none-eabi/7.2.1/thumb/v7e-m/fpv4-sp/hard/crtbegin.o
                [!provide]                        PROVIDE (__fini_array_end, .)
 *(.jcr*)
                0x0000000020002108                . = ALIGN (0x4)
                0x0000000020002108                __data_end__ = .
LOAD /home/rob/nrf52/gcc-arm-none-eabi-7-2017-q4-major/bin/../lib/gcc/arm-none-eabi/7.2.1/thumb/v7e-m/fpv4-sp/hard/crti.o
LOAD /home/rob/nrf52/gcc-arm-none-eabi-7-2017-q4-major/bin/../lib/gcc/arm-none-eabi/7.2.1/thumb/v7e-m/fpv4-sp/hard/crtbegin.o
LOAD /home/rob/nrf52/gcc-arm-none-eabi-7-2017-q4-major/bin/../lib/gcc/arm-none-eabi/7.2.1/../../../../arm-none-eabi/lib/thumb/v7e-m/fpv4-sp/hard/crt0.o
LOAD /home/rob/nrf52/gcc-arm-none-eabi-7-2017-q4-major/bin/../lib/gcc/arm-none-eabi/7.2.1/../../../../arm-none-eabi/lib/thumb/v7e-m/fpv4-sp/hard/libc_nano.a
LOAD /home/rob/nrf52/gcc-arm-none-eabi-7-2017-q4-major/bin/../lib/gcc/arm-none-eabi/7.2.1/../../../../arm-none-eabi/lib/thumb/v7e-m/fpv4-sp/hard/libnosys.a
LOAD _build/app_button.o
LOAD _build/app_error.o
LOAD _build/app_error_weak.o
LOAD _build/app_timer.o
LOAD _build/app_trace.o
LOAD _build/app_util_platform.o
LOAD _build/fstorage.o
LOAD _build/nrf_assert.o
LOAD _build/nrf_log.o
LOAD _build/retarget.o
LOAD _build/sensorsim.o
LOAD _build/RTT_Syscalls_GCC.o
LOAD _build/SEGGER_RTT.o
LOAD _build/SEGGER_RTT_printf.o
LOAD _build/app_uart.o
LOAD _build/nrf_delay.o
LOAD _build/nrf_drv_common.o
LOAD _build/nrf_drv_gpiote.o
LOAD _build/nrf_drv_uart.o
LOAD _build/pstorage.o
LOAD _build/bsp.o
LOAD _build/bsp_btn_ble.o
LOAD _build/main.o
LOAD _build/posture_service.o
LOAD _build/feedback_service.o
LOAD _build/ble_advdata.o
LOAD _build/ble_advertising.o
LOAD _build/ble_conn_params.o
LOAD _build/ble_srv_common.o
LOAD _build/device_manager_peripheral.o
LOAD _build/system_nrf52.o
LOAD _build/softdevice_handler.o
LOAD _build/gcc_startup_nrf52.o
LOAD /home/rob/nrf52/gcc-arm-none-eabi-7-2017-q4-major/bin/../lib/gcc/arm-none-eabi/7.2.1/../../../../arm-none-eabi/lib/thumb/v7e-m/fpv4-sp/hard/libm.a
START GROUP
LOAD /home/rob/nrf52/gcc-arm-none-eabi-7-2017-q4-major/bin/../lib/gcc/arm-none-eabi/7.2.1/thumb/v7e-m/fpv4-sp/hard/libgcc.a
LOAD /home/rob/nrf52/gcc-arm-none-eabi-7-2017-q4-major/bin/../lib/gcc/arm-none-eabi/7.2.1/../../../../arm-none-eabi/lib/thumb/v7e-m/fpv4-sp/hard/libc_nano.a
END GROUP
START GROUP
LOAD /home/rob/nrf52/gcc-arm-none-eabi-7-2017-q4-major/bin/../lib/gcc/arm-none-eabi/7.2.1/thumb/v7e-m/fpv4-sp/hard/libgcc.a
LOAD /home/rob/nrf52/gcc-arm-none-eabi-7-2017-q4-major/bin/../lib/gcc/arm-none-eabi/7.2.1/../../../../arm-none-eabi/lib/thumb/v7e-m/fpv4-sp/hard/libc_nano.a
END GROUP
LOAD /home/rob/nrf52/gcc-arm-none-eabi-7-2017-q4-major/bin/../lib/gcc/arm-none-eabi/7.2.1/thumb/v7e-m/fpv4-sp/hard/crtend.o
LOAD /home/rob/nrf52/gcc-arm-none-eabi-7-2017-q4-major/bin/../lib/gcc/arm-none-eabi/7.2.1/thumb/v7e-m/fpv4-sp/hard/crtn.o
START GROUP
LOAD /home/rob/nrf52/gcc-arm-none-eabi-7-2017-q4-major/bin/../lib/gcc/arm-none-eabi/7.2.1/thumb/v7e-m/fpv4-sp/hard/libgcc.a
LOAD /home/rob/nrf52/gcc-arm-none-eabi-7-2017-q4-major/bin/../lib/gcc/arm-none-eabi/7.2.1/../../../../arm-none-eabi/lib/thumb/v7e-m/fpv4-sp/hard/libc.a
LOAD /home/rob/nrf52/gcc-arm-none-eabi-7-2017-q4-major/bin/../lib/gcc/arm-none-eabi/7.2.1/../../../../arm-none-eabi/lib/thumb/v7e-m/fpv4-sp/hard/libnosys.a
END GROUP

.igot.plt       0x0000000020002108        0x0 load address 0x0000000000022e48
 .igot.plt      0x0000000020002108        0x0 /home/rob/nrf52/gcc-arm-none-eabi-7-2017-q4-major/bin/../lib/gcc/arm-none-eabi/7.2.1/thumb/v7e-m/fpv4-sp/hard/crtbegin.o

.fs_data        0x0000000020002108        0x0
                0x0000000020002108                PROVIDE (__start_fs_data, .)
 *(.fs_data)
                0x0000000020002108                PROVIDE (__stop_fs_data, .)

.bss            0x0000000020002108      0x848 load address 0x0000000000022e48
                0x0000000020002108                . = ALIGN (0x4)
                0x0000000020002108                __bss_start__ = .
 *(.bss*)
 .bss           0x0000000020002108       0x1c /home/rob/nrf52/gcc-arm-none-eabi-7-2017-q4-major/bin/../lib/gcc/arm-none-eabi/7.2.1/thumb/v7e-m/fpv4-sp/hard/crtbegin.o
 .bss.m_button_count
                0x0000000020002124        0x1 _build/app_button.o
 *fill*         0x0000000020002125        0x3 
 .bss.m_detection_delay
                0x0000000020002128        0x4 _build/app_button.o
 .bss.m_detection_delay_timer_id_data
                0x000000002000212c       0x20 _build/app_button.o
 .bss.m_pin_state
                0x000000002000214c        0x4 _build/app_button.o
 .bss.m_pin_transition
                0x0000000020002150        0x4 _build/app_button.o
 .bss.mp_buttons
                0x0000000020002154        0x4 _build/app_button.o
 .bss.m_evt_schedule_func
                0x0000000020002158        0x4 _build/app_timer.o
 .bss.m_rtc1_reset
                0x000000002000215c        0x1 _build/app_timer.o
 .bss.m_rtc1_running
                0x000000002000215d        0x1 _build/app_timer.o
 *fill*         0x000000002000215e        0x2 
 .bss.m_ticks_elapsed
                0x0000000020002160        0x8 _build/app_timer.o
 .bss.m_ticks_elapsed_q_read_ind
                0x0000000020002168        0x1 _build/app_timer.o
 .bss.m_ticks_elapsed_q_write_ind
                0x0000000020002169        0x1 _build/app_timer.o
 *fill*         0x000000002000216a        0x2 
 .bss.m_ticks_latest
                0x000000002000216c        0x4 _build/app_timer.o
 .bss.m_user_array_size
                0x0000000020002170        0x1 _build/app_timer.o
 *fill*         0x0000000020002171        0x3 
 .bss.mp_timer_id_head
                0x0000000020002174        0x4 _build/app_timer.o
 .bss.mp_users  0x0000000020002178        0x4 _build/app_timer.o
 .bss.m_queue   0x000000002000217c       0x58 _build/fstorage.o
 .bss.m_cb      0x00000000200021d4       0x58 _build/nrf_drv_gpiote.o
 .bss.m_cb      0x000000002000222c       0x20 _build/nrf_drv_uart.o
 .bss.m_app_data_size
                0x000000002000224c        0x4 _build/pstorage.o
 .bss.m_app_table
                0x0000000020002250       0x18 _build/pstorage.o
 .bss.m_cmd_queue
                0x0000000020002268       0xcc _build/pstorage.o
 .bss.m_current_page_id
                0x0000000020002334        0x4 _build/pstorage.o
 .bss.m_flags   0x0000000020002338        0x4 _build/pstorage.o
 .bss.m_head_word_size
                0x000000002000233c        0x4 _build/pstorage.o
 .bss.m_next_app_instance
                0x0000000020002340        0x2 _build/pstorage.o
 *fill*         0x0000000020002342        0x2 
 .bss.m_next_page_addr
                0x0000000020002344        0x4 _build/pstorage.o
 .bss.m_num_of_bytes_written
                0x0000000020002348        0x4 _build/pstorage.o
 .bss.m_num_of_command_retries
                0x000000002000234c        0x4 _build/pstorage.o
 .bss.m_state   0x0000000020002350        0x1 _build/pstorage.o
 .bss.m_swap_sub_state
                0x0000000020002351        0x1 _build/pstorage.o
 *fill*         0x0000000020002352        0x2 
 .bss.m_tail_word_size
                0x0000000020002354        0x4 _build/pstorage.o
 .bss.current_long_push_pin_no.8548
                0x0000000020002358        0x1 _build/bsp.o
 *fill*         0x0000000020002359        0x3 
 .bss.m_alert_mask
                0x000000002000235c        0x4 _build/bsp.o
 .bss.m_alert_timer_id_data
                0x0000000020002360       0x20 _build/bsp.o
 .bss.m_app_ticks_per_100ms
                0x0000000020002380        0x4 _build/bsp.o
 .bss.m_button_timer_id_data
                0x0000000020002384       0x20 _build/bsp.o
 .bss.m_events_list
                0x00000000200023a4        0xc _build/bsp.o
 .bss.m_indication_type
                0x00000000200023b0        0x4 _build/bsp.o
 .bss.m_leds_timer_id_data
                0x00000000200023b4       0x20 _build/bsp.o
 .bss.m_registered_callback
                0x00000000200023d4        0x4 _build/bsp.o
 .bss.m_stable_state
                0x00000000200023d8        0x1 _build/bsp.o
 *fill*         0x00000000200023d9        0x3 
 .bss.release_event_at_push.8549
                0x00000000200023dc        0x4 _build/bsp.o
 .bss.m_error_handler
                0x00000000200023e0        0x4 _build/bsp_btn_ble.o
 .bss.m_num_connections
                0x00000000200023e4        0x4 _build/bsp_btn_ble.o
 .bss.APP_TIMER_BUF.10984
                0x00000000200023e8      0x1c8 _build/main.o
 .bss.BLE_EVT_BUFFER.11051
                0x00000000200025b0       0x48 _build/main.o
 .bss.i.10974   0x00000000200025f8        0x4 _build/main.o
 .bss.m_accel_char_timer_id_data
                0x00000000200025fc       0x20 _build/main.o
 .bss.m_app_handle
                0x000000002000261c        0x1 _build/main.o
 *fill*         0x000000002000261d        0x3 
 .bss.m_pressure_char_timer_id_data
                0x0000000020002620       0x20 _build/main.o
 .bss.m_adv_evt
                0x0000000020002640        0x1 _build/ble_advertising.o
 .bss.m_adv_mode_current
                0x0000000020002641        0x1 _build/ble_advertising.o
 *fill*         0x0000000020002642        0x2 
 .bss.m_adv_modes_config
                0x0000000020002644       0x24 _build/ble_advertising.o
 .bss.m_advdata
                0x0000000020002668       0x38 _build/ble_advertising.o
 .bss.m_advertising_start_pending
                0x00000000200026a0        0x1 _build/ble_advertising.o
 *fill*         0x00000000200026a1        0x3 
 .bss.m_error_handler
                0x00000000200026a4        0x4 _build/ble_advertising.o
 .bss.m_evt_handler
                0x00000000200026a8        0x4 _build/ble_advertising.o
 .bss.m_manuf_data_array
                0x00000000200026ac       0x1f _build/ble_advertising.o
 *fill*         0x00000000200026cb        0x1 
 .bss.m_manuf_specific_data
                0x00000000200026cc        0xc _build/ble_advertising.o
 .bss.m_peer_addr_reply_expected
                0x00000000200026d8        0x1 _build/ble_advertising.o
 *fill*         0x00000000200026d9        0x3 
 .bss.m_peer_address
                0x00000000200026dc        0x7 _build/ble_advertising.o
 *fill*         0x00000000200026e3        0x1 
 .bss.m_service_data
                0x00000000200026e4        0xc _build/ble_advertising.o
 .bss.m_service_data_array
                0x00000000200026f0       0x1f _build/ble_advertising.o
 *fill*         0x000000002000270f        0x1 
 .bss.m_slave_conn_int
                0x0000000020002710        0x4 _build/ble_advertising.o
 .bss.m_tx_power_level
                0x0000000020002714        0x1 _build/ble_advertising.o
 *fill*         0x0000000020002715        0x3 
 .bss.m_whitelist
                0x0000000020002718       0x10 _build/ble_advertising.o
 .bss.m_whitelist_reply_expected
                0x0000000020002728        0x1 _build/ble_advertising.o
 .bss.m_whitelist_temporarily_disabled
                0x0000000020002729        0x1 _build/ble_advertising.o
 *fill*         0x000000002000272a        0x2 
 .bss.mp_whitelist_addr
                0x000000002000272c       0x20 _build/ble_advertising.o
 .bss.mp_whitelist_irk
                0x000000002000274c       0x20 _build/ble_advertising.o
 .bss.m_change_param
                0x000000002000276c        0x1 _build/ble_conn_params.o
 *fill*         0x000000002000276d        0x1 
 .bss.m_conn_handle
                0x000000002000276e        0x2 _build/ble_conn_params.o
 .bss.m_conn_params_config
                0x0000000020002770       0x1c _build/ble_conn_params.o
 .bss.m_conn_params_timer_id_data
                0x000000002000278c       0x20 _build/ble_conn_params.o
 .bss.m_current_conn_params
                0x00000000200027ac        0x8 _build/ble_conn_params.o
 .bss.m_preferred_conn_params
                0x00000000200027b4        0x8 _build/ble_conn_params.o
 .bss.m_update_count
                0x00000000200027bc        0x1 _build/ble_conn_params.o
 *fill*         0x00000000200027bd        0x3 
 .bss.m_app_context_table
                0x00000000200027c0       0x1c _build/device_manager_peripheral.o
 .bss.m_application_table
                0x00000000200027dc        0xc _build/device_manager_peripheral.o
 .bss.m_bond_table
                0x00000000200027e8       0x1c _build/device_manager_peripheral.o
 .bss.m_connection_table
                0x0000000020002804        0xc _build/device_manager_peripheral.o
 .bss.m_gatts_table
                0x0000000020002810       0x24 _build/device_manager_peripheral.o
 .bss.m_irk_index_table
                0x0000000020002834        0x7 _build/device_manager_peripheral.o
 .bss.m_module_initialized
                0x000000002000283b        0x1 _build/device_manager_peripheral.o
 .bss.m_peer_addr_update
                0x000000002000283c        0x4 _build/device_manager_peripheral.o
 .bss.m_peer_table
                0x0000000020002840       0xc4 _build/device_manager_peripheral.o
 .bss.m_storage_handle
                0x0000000020002904        0x8 _build/device_manager_peripheral.o
 .bss.m_ble_evt_buffer_size
                0x000000002000290c        0x2 _build/softdevice_handler.o
 *fill*         0x000000002000290e        0x2 
 .bss.m_ble_evt_handler
                0x0000000020002910        0x4 _build/softdevice_handler.o
 .bss.m_evt_schedule_func
                0x0000000020002914        0x4 _build/softdevice_handler.o
 .bss.m_softdevice_enabled
                0x0000000020002918        0x1 _build/softdevice_handler.o
 *fill*         0x0000000020002919        0x3 
 .bss.m_sys_evt_handler
                0x000000002000291c        0x4 _build/softdevice_handler.o
 .bss.mp_ble_evt_buffer
                0x0000000020002920        0x4 _build/softdevice_handler.o
 *(COMMON)
 COMMON         0x0000000020002924       0x20 _build/main.o
                0x0000000020002924                m_posture_service
                0x0000000020002938                m_feedback_service
 COMMON         0x0000000020002944        0xc _build/softdevice_handler.o
                0x0000000020002944                nrf_nvic_state
                0x0000000020002950                . = ALIGN (0x4)
                0x0000000020002950                __bss_end__ = .

.heap           0x0000000020002950     0x2000
                0x0000000020002950                __end__ = .
                0x0000000020002950                PROVIDE (end, .)
 *(.heap*)
 .heap          0x0000000020002950     0x2000 _build/gcc_startup_nrf52.o
                0x0000000020002950                __HeapBase
                0x0000000020004950                __HeapLimit = .

.stack_dummy    0x0000000020002950     0x2000
 *(.stack*)
 .stack         0x0000000020002950     0x2000 _build/gcc_startup_nrf52.o
                0x0000000020010000                __StackTop = (ORIGIN (RAM) + LENGTH (RAM))
                0x000000002000e000                __StackLimit = (__StackTop - SIZEOF (.stack_dummy))
                0x0000000020010000                PROVIDE (__stack, __StackTop)
                0x0000000000000001                ASSERT ((__StackLimit >= __HeapLimit), region RAM overflowed with stack)
OUTPUT(_build/nrf52832_xxaa_s132.out elf32-littlearm)

.ARM.attributes
                0x0000000000000000       0x30
 .ARM.attributes
                0x0000000000000000       0x22 /home/rob/nrf52/gcc-arm-none-eabi-7-2017-q4-major/bin/../lib/gcc/arm-none-eabi/7.2.1/thumb/v7e-m/fpv4-sp/hard/crti.o
 .ARM.attributes
                0x0000000000000022       0x34 /home/rob/nrf52/gcc-arm-none-eabi-7-2017-q4-major/bin/../lib/gcc/arm-none-eabi/7.2.1/thumb/v7e-m/fpv4-sp/hard/crtbegin.o
 .ARM.attributes
                0x0000000000000056       0x20 /home/rob/nrf52/gcc-arm-none-eabi-7-2017-q4-major/bin/../lib/gcc/arm-none-eabi/7.2.1/../../../../arm-none-eabi/lib/thumb/v7e-m/fpv4-sp/hard/crt0.o
 .ARM.attributes
                0x0000000000000076       0x34 /home/rob/nrf52/gcc-arm-none-eabi-7-2017-q4-major/bin/../lib/gcc/arm-none-eabi/7.2.1/../../../../arm-none-eabi/lib/thumb/v7e-m/fpv4-sp/hard/libc_nano.a(lib_a-exit.o)
 .ARM.attributes
                0x00000000000000aa       0x34 /home/rob/nrf52/gcc-arm-none-eabi-7-2017-q4-major/bin/../lib/gcc/arm-none-eabi/7.2.1/../../../../arm-none-eabi/lib/thumb/v7e-m/fpv4-sp/hard/libc_nano.a(lib_a-impure.o)
 .ARM.attributes
                0x00000000000000de       0x34 /home/rob/nrf52/gcc-arm-none-eabi-7-2017-q4-major/bin/../lib/gcc/arm-none-eabi/7.2.1/../../../../arm-none-eabi/lib/thumb/v7e-m/fpv4-sp/hard/libc_nano.a(lib_a-init.o)
 .ARM.attributes
                0x0000000000000112       0x34 /home/rob/nrf52/gcc-arm-none-eabi-7-2017-q4-major/bin/../lib/gcc/arm-none-eabi/7.2.1/../../../../arm-none-eabi/lib/thumb/v7e-m/fpv4-sp/hard/libc_nano.a(lib_a-memset.o)
 .ARM.attributes
                0x0000000000000146       0x34 /home/rob/nrf52/gcc-arm-none-eabi-7-2017-q4-major/bin/../lib/gcc/arm-none-eabi/7.2.1/../../../../arm-none-eabi/lib/thumb/v7e-m/fpv4-sp/hard/libnosys.a(_exit.o)
 .ARM.attributes
                0x000000000000017a       0x39 _build/app_button.o
 .ARM.attributes
                0x00000000000001b3       0x39 _build/app_error.o
 .ARM.attributes
                0x00000000000001ec       0x39 _build/app_error_weak.o
 .ARM.attributes
                0x0000000000000225       0x39 _build/app_timer.o
 .ARM.attributes
                0x000000000000025e       0x39 _build/fstorage.o
 .ARM.attributes
                0x0000000000000297       0x39 _build/nrf_drv_common.o
 .ARM.attributes
                0x00000000000002d0       0x39 _build/nrf_drv_gpiote.o
 .ARM.attributes
                0x0000000000000309       0x39 _build/nrf_drv_uart.o
 .ARM.attributes
                0x0000000000000342       0x39 _build/pstorage.o
 .ARM.attributes
                0x000000000000037b       0x39 _build/bsp.o
 .ARM.attributes
                0x00000000000003b4       0x39 _build/bsp_btn_ble.o
 .ARM.attributes
                0x00000000000003ed       0x39 _build/main.o
 .ARM.attributes
                0x0000000000000426       0x39 _build/posture_service.o
 .ARM.attributes
                0x000000000000045f       0x39 _build/feedback_service.o
 .ARM.attributes
                0x0000000000000498       0x39 _build/ble_advdata.o
 .ARM.attributes
                0x00000000000004d1       0x39 _build/ble_advertising.o
 .ARM.attributes
                0x000000000000050a       0x39 _build/ble_conn_params.o
 .ARM.attributes
                0x0000000000000543       0x39 _build/device_manager_peripheral.o
 .ARM.attributes
                0x000000000000057c       0x39 _build/system_nrf52.o
 .ARM.attributes
                0x00000000000005b5       0x39 _build/softdevice_handler.o
 .ARM.attributes
                0x00000000000005ee       0x1c _build/gcc_startup_nrf52.o
 .ARM.attributes
                0x000000000000060a       0x34 /home/rob/nrf52/gcc-arm-none-eabi-7-2017-q4-major/bin/../lib/gcc/arm-none-eabi/7.2.1/../../../../arm-none-eabi/lib/thumb/v7e-m/fpv4-sp/hard/libc_nano.a(lib_a-memcmp.o)
 .ARM.attributes
                0x000000000000063e       0x34 /home/rob/nrf52/gcc-arm-none-eabi-7-2017-q4-major/bin/../lib/gcc/arm-none-eabi/7.2.1/../../../../arm-none-eabi/lib/thumb/v7e-m/fpv4-sp/hard/libc_nano.a(lib_a-memcpy-stub.o)
 .ARM.attributes
                0x0000000000000672       0x1b /home/rob/nrf52/gcc-arm-none-eabi-7-2017-q4-major/bin/../lib/gcc/arm-none-eabi/7.2.1/../../../../arm-none-eabi/lib/thumb/v7e-m/fpv4-sp/hard/libc_nano.a(lib_a-strlen.o)
 .ARM.attributes
                0x000000000000068d       0x34 /home/rob/nrf52/gcc-arm-none-eabi-7-2017-q4-major/bin/../lib/gcc/arm-none-eabi/7.2.1/../../../../arm-none-eabi/lib/thumb/v7e-m/fpv4-sp/hard/libc_nano.a(lib_a-findfp.o)
 .ARM.attributes
                0x00000000000006c1       0x34 /home/rob/nrf52/gcc-arm-none-eabi-7-2017-q4-major/bin/../lib/gcc/arm-none-eabi/7.2.1/thumb/v7e-m/fpv4-sp/hard/crtend.o
 .ARM.attributes
                0x00000000000006f5       0x22 /home/rob/nrf52/gcc-arm-none-eabi-7-2017-q4-major/bin/../lib/gcc/arm-none-eabi/7.2.1/thumb/v7e-m/fpv4-sp/hard/crtn.o

.comment        0x0000000000000000       0x7e
 .comment       0x0000000000000000       0x7e _build/app_button.o
                                         0x7f (size before relaxing)
 .comment       0x000000000000007e       0x7f _build/app_error.o
 .comment       0x000000000000007e       0x7f _build/app_error_weak.o
 .comment       0x000000000000007e       0x7f _build/app_timer.o
 .comment       0x000000000000007e       0x7f _build/fstorage.o
 .comment       0x000000000000007e       0x7f _build/nrf_drv_common.o
 .comment       0x000000000000007e       0x7f _build/nrf_drv_gpiote.o
 .comment       0x000000000000007e       0x7f _build/nrf_drv_uart.o
 .comment       0x000000000000007e       0x7f _build/pstorage.o
 .comment       0x000000000000007e       0x7f _build/bsp.o
 .comment       0x000000000000007e       0x7f _build/bsp_btn_ble.o
 .comment       0x000000000000007e       0x7f _build/main.o
 .comment       0x000000000000007e       0x7f _build/posture_service.o
 .comment       0x000000000000007e       0x7f _build/feedback_service.o
 .comment       0x000000000000007e       0x7f _build/ble_advdata.o
 .comment       0x000000000000007e       0x7f _build/ble_advertising.o
 .comment       0x000000000000007e       0x7f _build/ble_conn_params.o
 .comment       0x000000000000007e       0x7f _build/device_manager_peripheral.o
 .comment       0x000000000000007e       0x7f _build/system_nrf52.o
 .comment       0x000000000000007e       0x7f _build/softdevice_handler.o

.debug_frame    0x0000000000000000     0x1fc0
 .debug_frame   0x0000000000000000       0x28 /home/rob/nrf52/gcc-arm-none-eabi-7-2017-q4-major/bin/../lib/gcc/arm-none-eabi/7.2.1/../../../../arm-none-eabi/lib/thumb/v7e-m/fpv4-sp/hard/libc_nano.a(lib_a-exit.o)
 .debug_frame   0x0000000000000028       0x2c /home/rob/nrf52/gcc-arm-none-eabi-7-2017-q4-major/bin/../lib/gcc/arm-none-eabi/7.2.1/../../../../arm-none-eabi/lib/thumb/v7e-m/fpv4-sp/hard/libc_nano.a(lib_a-init.o)
 .debug_frame   0x0000000000000054       0x20 /home/rob/nrf52/gcc-arm-none-eabi-7-2017-q4-major/bin/../lib/gcc/arm-none-eabi/7.2.1/../../../../arm-none-eabi/lib/thumb/v7e-m/fpv4-sp/hard/libc_nano.a(lib_a-memset.o)
 .debug_frame   0x0000000000000074       0x20 /home/rob/nrf52/gcc-arm-none-eabi-7-2017-q4-major/bin/../lib/gcc/arm-none-eabi/7.2.1/../../../../arm-none-eabi/lib/thumb/v7e-m/fpv4-sp/hard/libnosys.a(_exit.o)
 .debug_frame   0x0000000000000094      0x100 _build/app_button.o
 .debug_frame   0x0000000000000194       0x70 _build/app_error.o
 .debug_frame   0x0000000000000204       0x20 _build/app_error_weak.o
 .debug_frame   0x0000000000000224      0x174 _build/app_timer.o
 .debug_frame   0x0000000000000398      0x11c _build/fstorage.o
 .debug_frame   0x00000000000004b4       0x2c _build/nrf_drv_common.o
 .debug_frame   0x00000000000004e0      0x248 _build/nrf_drv_gpiote.o
 .debug_frame   0x0000000000000728      0x188 _build/nrf_drv_uart.o
 .debug_frame   0x00000000000008b0      0x4d8 _build/pstorage.o
 .debug_frame   0x0000000000000d88      0x21c _build/bsp.o
 .debug_frame   0x0000000000000fa4       0x70 _build/bsp_btn_ble.o
 .debug_frame   0x0000000000001014      0x19c _build/main.o
 .debug_frame   0x00000000000011b0       0xdc _build/posture_service.o
 .debug_frame   0x000000000000128c       0xf4 _build/feedback_service.o
 .debug_frame   0x0000000000001380      0x104 _build/ble_advdata.o
 .debug_frame   0x0000000000001484      0x188 _build/ble_advertising.o
 .debug_frame   0x000000000000160c      0x13c _build/ble_conn_params.o
 .debug_frame   0x0000000000001748      0x528 _build/device_manager_peripheral.o
 .debug_frame   0x0000000000001c70       0x40 _build/system_nrf52.o
 .debug_frame   0x0000000000001cb0      0x1a0 _build/softdevice_handler.o
 .debug_frame   0x0000000000001e50       0x2c /home/rob/nrf52/gcc-arm-none-eabi-7-2017-q4-major/bin/../lib/gcc/arm-none-eabi/7.2.1/../../../../arm-none-eabi/lib/thumb/v7e-m/fpv4-sp/hard/libc_nano.a(lib_a-memcmp.o)
 .debug_frame   0x0000000000001e7c       0x28 /home/rob/nrf52/gcc-arm-none-eabi-7-2017-q4-major/bin/../lib/gcc/arm-none-eabi/7.2.1/../../../../arm-none-eabi/lib/thumb/v7e-m/fpv4-sp/hard/libc_nano.a(lib_a-memcpy-stub.o)
 .debug_frame   0x0000000000001ea4      0x11c /home/rob/nrf52/gcc-arm-none-eabi-7-2017-q4-major/bin/../lib/gcc/arm-none-eabi/7.2.1/../../../../arm-none-eabi/lib/thumb/v7e-m/fpv4-sp/hard/libc_nano.a(lib_a-findfp.o)

.debug_info     0x0000000000000000    0x2d707
 .debug_info    0x0000000000000000      0xe39 _build/app_button.o
 .debug_info    0x0000000000000e39      0xb6e _build/app_error.o
 .debug_info    0x00000000000019a7      0xb49 _build/app_error_weak.o
 .debug_info    0x00000000000024f0     0x259f _build/app_timer.o
 .debug_info    0x0000000000004a8f     0x1a66 _build/fstorage.o
 .debug_info    0x00000000000064f5      0xe33 _build/nrf_drv_common.o
 .debug_info    0x0000000000007328     0x2932 _build/nrf_drv_gpiote.o
 .debug_info    0x0000000000009c5a     0x41fa _build/nrf_drv_uart.o
 .debug_info    0x000000000000de54     0x3a69 _build/pstorage.o
 .debug_info    0x00000000000118bd     0x1884 _build/bsp.o
 .debug_info    0x0000000000013141     0x1f43 _build/bsp_btn_ble.o
 .debug_info    0x0000000000015084     0x404b _build/main.o
 .debug_info    0x00000000000190cf     0x2626 _build/posture_service.o
 .debug_info    0x000000000001b6f5     0x27dd _build/feedback_service.o
 .debug_info    0x000000000001ded2     0x21f4 _build/ble_advdata.o
 .debug_info    0x00000000000200c6     0x2bb0 _build/ble_advertising.o
 .debug_info    0x0000000000022c76     0x24e3 _build/ble_conn_params.o
 .debug_info    0x0000000000025159     0x4de6 _build/device_manager_peripheral.o
 .debug_info    0x0000000000029f3f      0xdb3 _build/system_nrf52.o
 .debug_info    0x000000000002acf2     0x2a15 _build/softdevice_handler.o

.debug_abbrev   0x0000000000000000     0x50e6
 .debug_abbrev  0x0000000000000000      0x2b5 _build/app_button.o
 .debug_abbrev  0x00000000000002b5      0x235 _build/app_error.o
 .debug_abbrev  0x00000000000004ea      0x21c _build/app_error_weak.o
 .debug_abbrev  0x0000000000000706      0x4b6 _build/app_timer.o
 .debug_abbrev  0x0000000000000bbc      0x467 _build/fstorage.o
 .debug_abbrev  0x0000000000001023      0x287 _build/nrf_drv_common.o
 .debug_abbrev  0x00000000000012aa      0x566 _build/nrf_drv_gpiote.o
 .debug_abbrev  0x0000000000001810      0x4d7 _build/nrf_drv_uart.o
 .debug_abbrev  0x0000000000001ce7      0x503 _build/pstorage.o
 .debug_abbrev  0x00000000000021ea      0x47a _build/bsp.o
 .debug_abbrev  0x0000000000002664      0x368 _build/bsp_btn_ble.o
 .debug_abbrev  0x00000000000029cc      0x549 _build/main.o
 .debug_abbrev  0x0000000000002f15      0x39b _build/posture_service.o
 .debug_abbrev  0x00000000000032b0      0x437 _build/feedback_service.o
 .debug_abbrev  0x00000000000036e7      0x3ba _build/ble_advdata.o
 .debug_abbrev  0x0000000000003aa1      0x535 _build/ble_advertising.o
 .debug_abbrev  0x0000000000003fd6      0x4fb _build/ble_conn_params.o
 .debug_abbrev  0x00000000000044d1      0x4c9 _build/device_manager_peripheral.o
 .debug_abbrev  0x000000000000499a      0x1e2 _build/system_nrf52.o
 .debug_abbrev  0x0000000000004b7c      0x56a _build/softdevice_handler.o

.debug_loc      0x0000000000000000    0x10ddb
 .debug_loc     0x0000000000000000      0x3ed _build/app_button.o
 .debug_loc     0x00000000000003ed      0x145 _build/app_error.o
 .debug_loc     0x0000000000000532       0x42 _build/app_error_weak.o
 .debug_loc     0x0000000000000574     0x1073 _build/app_timer.o
 .debug_loc     0x00000000000015e7      0xa4b _build/fstorage.o
 .debug_loc     0x0000000000002032       0xc3 _build/nrf_drv_common.o
 .debug_loc     0x00000000000020f5     0x1fe1 _build/nrf_drv_gpiote.o
 .debug_loc     0x00000000000040d6     0x1eb5 _build/nrf_drv_uart.o
 .debug_loc     0x0000000000005f8b     0x33a4 _build/pstorage.o
 .debug_loc     0x000000000000932f     0x19c9 _build/bsp.o
 .debug_loc     0x000000000000acf8      0x212 _build/bsp_btn_ble.o
 .debug_loc     0x000000000000af0a      0x80e _build/main.o
 .debug_loc     0x000000000000b718      0x2ac _build/posture_service.o
 .debug_loc     0x000000000000b9c4      0x39b _build/feedback_service.o
 .debug_loc     0x000000000000bd5f     0x1a98 _build/ble_advdata.o
 .debug_loc     0x000000000000d7f7      0x6f5 _build/ble_advertising.o
 .debug_loc     0x000000000000deec      0x3dc _build/ble_conn_params.o
 .debug_loc     0x000000000000e2c8     0x2685 _build/device_manager_peripheral.o
 .debug_loc     0x000000000001094d      0x48e _build/softdevice_handler.o

.debug_aranges  0x0000000000000000      0x8b8
 .debug_aranges
                0x0000000000000000       0x48 _build/app_button.o
 .debug_aranges
                0x0000000000000048       0x30 _build/app_error.o
 .debug_aranges
                0x0000000000000078       0x20 _build/app_error_weak.o
 .debug_aranges
                0x0000000000000098       0x68 _build/app_timer.o
 .debug_aranges
                0x0000000000000100       0x58 _build/fstorage.o
 .debug_aranges
                0x0000000000000158       0x20 _build/nrf_drv_common.o
 .debug_aranges
                0x0000000000000178       0xb8 _build/nrf_drv_gpiote.o
 .debug_aranges
                0x0000000000000230       0x70 _build/nrf_drv_uart.o
 .debug_aranges
                0x00000000000002a0       0xd8 _build/pstorage.o
 .debug_aranges
                0x0000000000000378       0x80 _build/bsp.o
 .debug_aranges
                0x00000000000003f8       0x30 _build/bsp_btn_ble.o
 .debug_aranges
                0x0000000000000428       0xa0 _build/main.o
 .debug_aranges
                0x00000000000004c8       0x58 _build/posture_service.o
 .debug_aranges
                0x0000000000000520       0x60 _build/feedback_service.o
 .debug_aranges
                0x0000000000000580       0x58 _build/ble_advdata.o
 .debug_aranges
                0x00000000000005d8       0x68 _build/ble_advertising.o
 .debug_aranges
                0x0000000000000640       0x68 _build/ble_conn_params.o
 .debug_aranges
                0x00000000000006a8      0x148 _build/device_manager_peripheral.o
 .debug_aranges
                0x00000000000007f0       0x28 _build/system_nrf52.o
 .debug_aranges
                0x0000000000000818       0xa0 _build/softdevice_handler.o

.debug_ranges   0x0000000000000000     0x4690
 .debug_ranges  0x0000000000000000       0x98 _build/app_button.o
 .debug_ranges  0x0000000000000098       0x20 _build/app_error.o
 .debug_ranges  0x00000000000000b8       0x10 _build/app_error_weak.o
 .debug_ranges  0x00000000000000c8      0x658 _build/app_timer.o
 .debug_ranges  0x0000000000000720      0x250 _build/fstorage.o
 .debug_ranges  0x0000000000000970       0x30 _build/nrf_drv_common.o
 .debug_ranges  0x00000000000009a0      0x8c0 _build/nrf_drv_gpiote.o
 .debug_ranges  0x0000000000001260      0xb48 _build/nrf_drv_uart.o
 .debug_ranges  0x0000000000001da8     0x10e0 _build/pstorage.o
 .debug_ranges  0x0000000000002e88      0x340 _build/bsp.o
 .debug_ranges  0x00000000000031c8       0xa0 _build/bsp_btn_ble.o
 .debug_ranges  0x0000000000003268      0x278 _build/main.o
 .debug_ranges  0x00000000000034e0       0xc0 _build/posture_service.o
 .debug_ranges  0x00000000000035a0       0xe0 _build/feedback_service.o
 .debug_ranges  0x0000000000003680      0x380 _build/ble_advdata.o
 .debug_ranges  0x0000000000003a00      0x280 _build/ble_advertising.o
 .debug_ranges  0x0000000000003c80      0x140 _build/ble_conn_params.o
 .debug_ranges  0x0000000000003dc0      0x658 _build/device_manager_peripheral.o
 .debug_ranges  0x0000000000004418       0xf0 _build/system_nrf52.o
 .debug_ranges  0x0000000000004508      0x188 _build/softdevice_handler.o

.debug_macro    0x0000000000000000    0x1b0b8
 .debug_macro   0x0000000000000000      0x361 _build/app_button.o
 .debug_macro   0x0000000000000361      0xacc _build/app_button.o
 .debug_macro   0x0000000000000e2d       0x22 _build/app_button.o
 .debug_macro   0x0000000000000e4f       0x87 _build/app_button.o
 .debug_macro   0x0000000000000ed6       0x51 _build/app_button.o
 .debug_macro   0x0000000000000f27       0xef _build/app_button.o
 .debug_macro   0x0000000000001016       0x6a _build/app_button.o
 .debug_macro   0x0000000000001080      0x1df _build/app_button.o
 .debug_macro   0x000000000000125f       0x22 _build/app_button.o
 .debug_macro   0x0000000000001281       0x1c _build/app_button.o
 .debug_macro   0x000000000000129d       0x2d _build/app_button.o
 .debug_macro   0x00000000000012ca       0x3b _build/app_button.o
 .debug_macro   0x0000000000001305       0x50 _build/app_button.o
 .debug_macro   0x0000000000001355      0xe66 _build/app_button.o
 .debug_macro   0x00000000000021bb      0x3a0 _build/app_button.o
 .debug_macro   0x000000000000255b    0x10245 _build/app_button.o
 .debug_macro   0x00000000000127a0     0x12c7 _build/app_button.o
 .debug_macro   0x0000000000013a67       0x7c _build/app_button.o
 .debug_macro   0x0000000000013ae3       0x1c _build/app_button.o
 .debug_macro   0x0000000000013aff       0x58 _build/app_button.o
 .debug_macro   0x0000000000013b57       0x17 _build/app_button.o
 .debug_macro   0x0000000000013b6e       0x35 _build/app_button.o
 .debug_macro   0x0000000000013ba3       0x9c _build/app_button.o
 .debug_macro   0x0000000000013c3f       0x16 _build/app_button.o
 .debug_macro   0x0000000000013c55       0x97 _build/app_button.o
 .debug_macro   0x0000000000013cec      0x353 _build/app_button.o
 .debug_macro   0x000000000001403f       0xf6 _build/app_button.o
 .debug_macro   0x0000000000014135       0x10 _build/app_button.o
 .debug_macro   0x0000000000014145       0x58 _build/app_button.o
 .debug_macro   0x000000000001419d       0x1f _build/app_button.o
 .debug_macro   0x00000000000141bc       0x43 _build/app_button.o
 .debug_macro   0x00000000000141ff       0x20 _build/app_button.o
 .debug_macro   0x000000000001421f      0x18e _build/app_button.o
 .debug_macro   0x00000000000143ad       0x10 _build/app_button.o
 .debug_macro   0x00000000000143bd       0x1c _build/app_button.o
 .debug_macro   0x00000000000143d9       0x52 _build/app_button.o
 .debug_macro   0x000000000001442b       0x40 _build/app_button.o
 .debug_macro   0x000000000001446b       0x10 _build/app_button.o
 .debug_macro   0x000000000001447b       0x40 _build/app_button.o
 .debug_macro   0x00000000000144bb       0xd7 _build/app_button.o
 .debug_macro   0x0000000000014592       0x1c _build/app_button.o
 .debug_macro   0x00000000000145ae       0x3d _build/app_button.o
 .debug_macro   0x00000000000145eb       0x16 _build/app_button.o
 .debug_macro   0x0000000000014601      0x16f _build/app_button.o
 .debug_macro   0x0000000000014770       0x9a _build/app_button.o
 .debug_macro   0x000000000001480a       0x70 _build/app_button.o
 .debug_macro   0x000000000001487a      0x11e _build/app_button.o
 .debug_macro   0x0000000000014998       0x4c _build/app_button.o
 .debug_macro   0x00000000000149e4       0x67 _build/app_button.o
 .debug_macro   0x0000000000014a4b       0xfb _build/app_button.o
 .debug_macro   0x0000000000014b46       0x2b _build/app_button.o
 .debug_macro   0x0000000000014b71       0x10 _build/app_button.o
 .debug_macro   0x0000000000014b81       0x1c _build/app_button.o
 .debug_macro   0x0000000000014b9d       0x47 _build/app_button.o
 .debug_macro   0x0000000000014be4       0x11 _build/app_button.o
 .debug_macro   0x0000000000014bf5      0x198 _build/app_button.o
 .debug_macro   0x0000000000014d8d       0x2e _build/app_button.o
 .debug_macro   0x0000000000014dbb       0x16 _build/app_button.o
 .debug_macro   0x0000000000014dd1       0x35 _build/app_button.o
 .debug_macro   0x0000000000014e06       0x22 _build/app_button.o
 .debug_macro   0x0000000000014e28       0x37 _build/app_button.o
 .debug_macro   0x0000000000014e5f      0x2b1 _build/app_error.o
 .debug_macro   0x0000000000015110       0x35 _build/app_error.o
 .debug_macro   0x0000000000015145      0x2ab _build/app_error_weak.o
 .debug_macro   0x00000000000153f0      0x3e9 _build/app_timer.o
 .debug_macro   0x00000000000157d9       0x41 _build/app_timer.o
 .debug_macro   0x000000000001581a       0x16 _build/app_timer.o
 .debug_macro   0x0000000000015830       0x16 _build/app_timer.o
 .debug_macro   0x0000000000015846       0x29 _build/app_timer.o
 .debug_macro   0x000000000001586f       0x16 _build/app_timer.o
 .debug_macro   0x0000000000015885       0x40 _build/app_timer.o
 .debug_macro   0x00000000000158c5       0x64 _build/app_timer.o
 .debug_macro   0x0000000000015929       0x2e _build/app_timer.o
 .debug_macro   0x0000000000015957       0x60 _build/app_timer.o
 .debug_macro   0x00000000000159b7       0x16 _build/app_timer.o
 .debug_macro   0x00000000000159cd      0x212 _build/fstorage.o
 .debug_macro   0x0000000000015bdf       0x52 _build/fstorage.o
 .debug_macro   0x0000000000015c31       0x1c _build/fstorage.o
 .debug_macro   0x0000000000015c4d       0x47 _build/fstorage.o
 .debug_macro   0x0000000000015c94      0x16d _build/fstorage.o
 .debug_macro   0x0000000000015e01       0x10 _build/fstorage.o
 .debug_macro   0x0000000000015e11      0x32e _build/nrf_drv_common.o
 .debug_macro   0x000000000001613f      0x37e _build/nrf_drv_gpiote.o
 .debug_macro   0x00000000000164bd       0x10 _build/nrf_drv_gpiote.o
 .debug_macro   0x00000000000164cd      0x391 _build/nrf_drv_uart.o
 .debug_macro   0x000000000001685e      0x3c7 _build/pstorage.o
 .debug_macro   0x0000000000016c25       0x46 _build/pstorage.o
 .debug_macro   0x0000000000016c6b       0x1c _build/pstorage.o
 .debug_macro   0x0000000000016c87      0x10e _build/pstorage.o
 .debug_macro   0x0000000000016d95       0x86 _build/pstorage.o
 .debug_macro   0x0000000000016e1b      0x362 _build/bsp.o
 .debug_macro   0x000000000001717d      0x3bd _build/bsp_btn_ble.o
 .debug_macro   0x000000000001753a       0xd6 _build/bsp_btn_ble.o
 .debug_macro   0x0000000000017610      0x1fb _build/bsp_btn_ble.o
 .debug_macro   0x000000000001780b      0x3f4 _build/bsp_btn_ble.o
 .debug_macro   0x0000000000017bff       0x3a _build/bsp_btn_ble.o
 .debug_macro   0x0000000000017c39       0x22 _build/bsp_btn_ble.o
 .debug_macro   0x0000000000017c5b      0x201 _build/bsp_btn_ble.o
 .debug_macro   0x0000000000017e5c       0x1c _build/bsp_btn_ble.o
 .debug_macro   0x0000000000017e78       0xdb _build/bsp_btn_ble.o
 .debug_macro   0x0000000000017f53       0x24 _build/bsp_btn_ble.o
 .debug_macro   0x0000000000017f77      0x577 _build/main.o
 .debug_macro   0x00000000000184ee       0xa6 _build/main.o
 .debug_macro   0x0000000000018594      0x2ca _build/main.o
 .debug_macro   0x000000000001885e       0xbe _build/main.o
 .debug_macro   0x000000000001891c       0x40 _build/main.o
 .debug_macro   0x000000000001895c       0x46 _build/main.o
 .debug_macro   0x00000000000189a2       0x1c _build/main.o
 .debug_macro   0x00000000000189be       0x8e _build/main.o
 .debug_macro   0x0000000000018a4c       0x16 _build/main.o
 .debug_macro   0x0000000000018a62       0x10 _build/main.o
 .debug_macro   0x0000000000018a72      0x401 _build/main.o
 .debug_macro   0x0000000000018e73       0x22 _build/main.o
 .debug_macro   0x0000000000018e95       0x28 _build/main.o
 .debug_macro   0x0000000000018ebd       0x98 _build/main.o
 .debug_macro   0x0000000000018f55       0x4c _build/main.o
 .debug_macro   0x0000000000018fa1       0x1c _build/main.o
 .debug_macro   0x0000000000018fbd       0x22 _build/main.o
 .debug_macro   0x0000000000018fdf       0x22 _build/main.o
 .debug_macro   0x0000000000019001       0x1c _build/main.o
 .debug_macro   0x000000000001901d      0x386 _build/posture_service.o
 .debug_macro   0x00000000000193a3       0x1c _build/posture_service.o
 .debug_macro   0x00000000000193bf      0x3ca _build/feedback_service.o
 .debug_macro   0x0000000000019789       0x16 _build/feedback_service.o
 .debug_macro   0x000000000001979f      0x2a8 _build/ble_advdata.o
 .debug_macro   0x0000000000019a47       0xb8 _build/ble_advdata.o
 .debug_macro   0x0000000000019aff      0x2f6 _build/ble_advertising.o
 .debug_macro   0x0000000000019df5      0x390 _build/ble_conn_params.o
 .debug_macro   0x000000000001a185      0x557 _build/device_manager_peripheral.o
 .debug_macro   0x000000000001a6dc       0x16 _build/device_manager_peripheral.o
 .debug_macro   0x000000000001a6f2       0xf5 _build/system_nrf52.o
 .debug_macro   0x000000000001a7e7      0x477 _build/softdevice_handler.o
 .debug_macro   0x000000000001ac5e       0x10 _build/softdevice_handler.o
 .debug_macro   0x000000000001ac6e      0x3fa _build/softdevice_handler.o
 .debug_macro   0x000000000001b068       0x40 _build/softdevice_handler.o
 .debug_macro   0x000000000001b0a8       0x10 _build/softdevice_handler.o

.debug_line     0x0000000000000000     0xdd00
 .debug_line    0x0000000000000000      0x92a _build/app_button.o
 .debug_line    0x000000000000092a      0x5f7 _build/app_error.o
 .debug_line    0x0000000000000f21      0x5be _build/app_error_weak.o
 .debug_line    0x00000000000014df      0xc5c _build/app_timer.o
 .debug_line    0x000000000000213b      0x8df _build/fstorage.o
 .debug_line    0x0000000000002a1a      0x771 _build/nrf_drv_common.o
 .debug_line    0x000000000000318b     0x1022 _build/nrf_drv_gpiote.o
 .debug_line    0x00000000000041ad     0x1119 _build/nrf_drv_uart.o
 .debug_line    0x00000000000052c6     0x13af _build/pstorage.o
 .debug_line    0x0000000000006675      0xbb5 _build/bsp.o
 .debug_line    0x000000000000722a      0x7d7 _build/bsp_btn_ble.o
 .debug_line    0x0000000000007a01      0xe6c _build/main.o
 .debug_line    0x000000000000886d      0x8af _build/posture_service.o
 .debug_line    0x000000000000911c      0x96e _build/feedback_service.o
 .debug_line    0x0000000000009a8a      0xaa0 _build/ble_advdata.o
 .debug_line    0x000000000000a52a      0xb4e _build/ble_advertising.o
 .debug_line    0x000000000000b078      0x8d9 _build/ble_conn_params.o
 .debug_line    0x000000000000b951     0x1453 _build/device_manager_peripheral.o
 .debug_line    0x000000000000cda4      0x496 _build/system_nrf52.o
 .debug_line    0x000000000000d23a      0xac6 _build/softdevice_handler.o

.debug_str      0x0000000000000000    0x89cbf
 .debug_str     0x0000000000000000    0x73444 _build/app_button.o
                                      0x74068 (size before relaxing)
 .debug_str     0x0000000000073444      0x149 _build/app_error.o
                                      0x72ae4 (size before relaxing)
 .debug_str     0x000000000007358d       0xce _build/app_error_weak.o
                                      0x72a5e (size before relaxing)
 .debug_str     0x000000000007365b     0x1851 _build/app_timer.o
                                      0x74b10 (size before relaxing)
 .debug_str     0x0000000000074eac     0x1142 _build/fstorage.o
                                      0x71a60 (size before relaxing)
 .debug_str     0x0000000000075fee       0xa9 _build/nrf_drv_common.o
                                      0x73e46 (size before relaxing)
 .debug_str     0x0000000000076097      0xeed _build/nrf_drv_gpiote.o
                                      0x7544d (size before relaxing)
 .debug_str     0x0000000000076f84     0x158d _build/nrf_drv_uart.o
                                      0x75803 (size before relaxing)
 .debug_str     0x0000000000078511     0x11e1 _build/pstorage.o
                                      0x74af2 (size before relaxing)
 .debug_str     0x00000000000796f2     0x19d0 _build/bsp.o
                                      0x74930 (size before relaxing)
 .debug_str     0x000000000007b0c2     0x4d0d _build/bsp_btn_ble.o
                                      0x78bad (size before relaxing)
 .debug_str     0x000000000007fdcf     0x70de _build/main.o
                                      0x810ad (size before relaxing)
 .debug_str     0x0000000000086ead      0x4da _build/posture_service.o
                                      0x78d47 (size before relaxing)
 .debug_str     0x0000000000087387      0x199 _build/feedback_service.o
                                      0x79f28 (size before relaxing)
 .debug_str     0x0000000000087520      0x3c0 _build/ble_advdata.o
                                      0x7712d (size before relaxing)
 .debug_str     0x00000000000878e0      0x3ed _build/ble_advertising.o
                                      0x7861a (size before relaxing)
 .debug_str     0x0000000000087ccd      0x216 _build/ble_conn_params.o
                                      0x79678 (size before relaxing)
 .debug_str     0x0000000000087ee3     0x164d _build/device_manager_peripheral.o
                                      0x7a245 (size before relaxing)
 .debug_str     0x0000000000089530      0x270 _build/system_nrf52.o
                                      0x6d1b1 (size before relaxing)
 .debug_str     0x00000000000897a0      0x51f _build/softdevice_handler.o
                                      0x7cbe2 (size before relaxing)

.stabstr        0x0000000000000000       0xe3
 .stabstr       0x0000000000000000       0xe3 /home/rob/nrf52/gcc-arm-none-eabi-7-2017-q4-major/bin/../lib/gcc/arm-none-eabi/7.2.1/../../../../arm-none-eabi/lib/thumb/v7e-m/fpv4-sp/hard/libnosys.a(close.o)
